03-16 13:20:29.992   772  2320 E android.hardware.wifi@1.0-service: Callback invoked on an invalid object
03-16 13:23:28.353  1114  1114 I chatty  : uid=1000 system_server expire 8 lines
03-16 13:24:09.994  1331  1331 V DeadZone: consuming errant click: (202.0,24.0)
03-16 13:24:11.525  1114  2676 I chatty  : uid=1000(system) Binder:1114_B expire 1 line
03-16 13:24:11.590  1114  1142 I chatty  : uid=1000(system) batterystats-wo expire 1 line
03-16 13:24:59.830  1114  1250 I chatty  : uid=1000(system) NetworkPolicy expire 3 lines
03-16 13:26:25.904  1114 29644 I chatty  : uid=1000(system) Binder:1114_19 expire 2 lines
03-16 13:26:26.063  1114  3104 I chatty  : uid=1000(system) Binder:1114_E expire 2 lines
03-16 13:26:26.230  1114 13267 I chatty  : uid=1000(system) Binder:1114_14 expire 5 lines
03-16 13:26:26.241  1114  2677 I chatty  : uid=1000(system) Binder:1114_C expire 1 line
03-16 13:29:10.914  1114  1164 I chatty  : uid=1000(system) PowerManagerSer expire 15 lines
03-16 13:30:13.459  1114  1137 I chatty  : uid=1000(system) android.bg expire 15 lines
03-16 13:30:31.441  6733  6744 I AlwaysOnHotwordDetector: onDetected
03-16 13:30:35.739  1114  1162 I chatty  : uid=1000(system) android.display expire 9 lines
03-16 13:31:09.183  1114  1227 I chatty  : uid=1000(system) AlarmManager expire 7 lines
03-16 13:32:28.911  1114  1138 I chatty  : uid=1000(system) ActivityManager expire 12 lines
03-16 13:32:29.022  1114  1167 I chatty  : uid=1000(system) PackageManager expire 12 lines
03-16 13:32:29.672  1114  1131 I chatty  : uid=1000(system) Binder:1114_1 expire 2 lines
03-16 13:32:29.839  1114 11544 I chatty  : uid=1000(system) Binder:1114_10 expire 8 lines
03-16 13:32:29.884  1114  1114 I chatty  : uid=1000 system_server expire 19 lines
03-16 13:32:29.892  1114 13267 I chatty  : uid=1000(system) Binder:1114_14 expire 2 lines
03-16 13:32:29.940  1114  5450 I chatty  : uid=1000(system) Binder:1114_20 expire 6 lines
03-16 13:32:30.116  1114 18578 I chatty  : uid=1000(system) Binder:1114_15 expire 8 lines
03-16 13:33:06.951  1114  1618 I chatty  : uid=1000(system) Binder:1114_6 expire 9 lines
03-16 13:33:06.998  1114  1164 I chatty  : uid=1000(system) PowerManagerSer expire 17 lines
03-16 13:33:07.294  1114  1160 I chatty  : uid=1000(system) android.fg expire 7 lines
03-16 13:33:12.535   772  2320 E android.hardware.wifi@1.0-service: Callback invoked on an invalid object
03-16 13:34:33.693  1114  3104 I chatty  : uid=1000(system) Binder:1114_E expire 4 lines
03-16 13:34:33.789  1114  1142 I chatty  : uid=1000(system) batterystats-wo expire 2 lines
03-16 13:36:29.528  1114 30074 I chatty  : uid=1000(system) Binder:1114_1B expire 3 lines
03-16 13:36:29.711  1114 29644 I chatty  : uid=1000(system) Binder:1114_19 expire 5 lines
03-16 13:36:29.793  1114  2676 I chatty  : uid=1000(system) Binder:1114_B expire 4 lines
03-16 13:36:30.251  1114  1363 I chatty  : uid=1000(system) Binder:1114_4 expire 1 line
03-16 13:37:39.618   772  2320 E android.hardware.wifi@1.0-service: Callback invoked on an invalid object
03-16 13:37:55.230  1114  1138 I chatty  : uid=1000(system) ActivityManager expire 16 lines
03-16 13:40:17.471  1114  1258 I chatty  : uid=1000(system) ConnectivitySer expire 9 lines
03-16 13:42:52.446  1114 12506 I chatty  : uid=1000(system) Binder:1114_13 expire 1 line
03-16 13:56:56.050  1114  2677 I chatty  : uid=1000(system) Binder:1114_C expire 2 lines
03-16 13:57:48.986  1114  1250 I chatty  : uid=1000(system) NetworkPolicy expire 3 lines
03-16 14:00:10.491  1114  1623 I chatty  : uid=1000(system) Binder:1114_8 expire 1 line
03-16 14:01:18.009  1114  7593 I chatty  : uid=1000(system) Binder:1114_1E expire 1 line
03-16 14:03:11.690  1114  8222 I chatty  : uid=1000(system) Binder:1114_1F expire 2 lines
03-16 14:03:11.692 20942  6875 E ActivityThread: Failed to find provider info for com.dianxinos.dxbs.DuCandyCooProvider
03-16 14:03:11.694 20942  6875 E ActivityThread: Failed to find provider info for com.dianxinos.optimizer.duplay.DuCandyCooProvider
03-16 14:03:11.711 20942  6875 E ActivityThread: Failed to find provider info for com.estrongs.android.pop.DuCandyCooProvider
03-16 14:03:12.318  1114  1114 I chatty  : uid=1000 system_server expire 3 lines
03-16 14:03:12.381  1114  1164 I chatty  : uid=1000(system) PowerManagerSer expire 7 lines
03-16 14:03:12.749  1114 22955 I chatty  : uid=1000(system) Binder:1114_17 expire 1 line
03-16 14:03:14.155  1114  1132 I chatty  : uid=1000(system) Binder:1114_2 expire 5 lines
03-16 14:03:21.717  1114 30814 I chatty  : uid=1000(system) Binder:1114_1C expire 2 lines
03-16 14:03:27.250  1114 22956 I chatty  : uid=1000(system) Binder:1114_18 expire 4 lines
03-16 14:04:46.884   772  2320 E android.hardware.wifi@1.0-service: Callback invoked on an invalid object
03-16 14:07:17.866  1114  1227 I chatty  : uid=1000(system) AlarmManager expire 2 lines
03-16 14:07:28.340  1114  1114 I chatty  : uid=1000 system_server expire 25 lines
03-16 14:07:45.628  1114  1138 I chatty  : uid=1000(system) ActivityManager expire 15 lines
03-16 14:07:45.776  1114  1618 I chatty  : uid=1000(system) Binder:1114_6 expire 6 lines
03-16 14:07:45.848  1114  1142 I chatty  : uid=1000(system) batterystats-wo expire 2 lines
03-16 14:07:52.536  1114  1258 I chatty  : uid=1000(system) ConnectivitySer expire 5 lines
03-16 14:07:52.581  1114  1250 I chatty  : uid=1000(system) NetworkPolicy expire 9 lines
03-16 14:07:54.685  1114 18578 I chatty  : uid=1000(system) Binder:1114_15 expire 16 lines
03-16 14:07:54.728  1596  1596 I Telephony: TelephonyConnectionService: onCreateIncomingConnection, request: ConnectionRequest xxxxxxxxxxxxxxxxx Bundle[mParcelledData.dataSize=500]: (SBC.oSC)->CS.crCo->H.CS.crCo->H.CS.crCo.pICR@E-Q90
03-16 14:07:54.739  1114  7553 I chatty  : uid=1000 system_server expire 1 line
03-16 14:07:54.739  1596  1596 I Telephony: TelephonyConnectionService: notifyCreateConnectionComplete TC@57_1: (...->CSW.hCCC)->CS.crCoC->H.CS.crCoC@E-E-E-Q90
03-16 14:07:54.791  1114  1699 I chatty  : uid=1000(system) uteStateMachine expire 15 lines
03-16 14:07:54.792  1114  1701 I chatty  : uid=1000(system) CallAudioModeSt expire 7 lines
03-16 14:07:54.831  6733  6744 I AlwaysOnHotwordDetector: onRecognitionPaused
03-16 14:07:55.046  1114  1114 I chatty  : uid=1000 system_server expire 14 lines
03-16 14:07:55.064  1114  7609 I chatty  : uid=1000 system_server expire 3 lines
03-16 14:07:57.528  1114  1131 I chatty  : uid=1000(system) Binder:1114_1 expire 18 lines
03-16 14:07:57.542  1114 30074 I chatty  : uid=1000(system) Binder:1114_1B expire 11 lines
03-16 14:07:57.810  6733  6744 I AlwaysOnHotwordDetector: onRecognitionResumed
03-16 14:07:57.851  1114  1138 I chatty  : uid=1000(system) ActivityManager expire 10 lines
03-16 14:07:58.173  7659  7659 E SchedPolicy: set_timerslack_ns write failed: Operation not permitted
03-16 14:08:05.824  1114  1234 I chatty  : uid=1000(system) InputDispatcher expire 1 line
03-16 14:08:07.212  1114  1235 I chatty  : uid=1000(system) InputReader expire 2 lines
03-16 14:08:07.681  1114  1164 I chatty  : uid=1000(system) PowerManagerSer expire 11 lines
03-16 14:08:07.722  1114  1162 I chatty  : uid=1000(system) android.display expire 4 lines
03-16 14:08:07.931  1114  1160 I chatty  : uid=1000(system) android.fg expire 4 lines
03-16 14:08:16.309  1114 11544 I chatty  : uid=1000(system) Binder:1114_10 expire 1 line
03-16 14:08:20.137  1114  1137 I chatty  : uid=1000(system) android.bg expire 5 lines
03-16 14:09:35.564  6733  6744 I AlwaysOnHotwordDetector: onDetected
03-16 14:09:37.828  1114 30814 I chatty  : uid=1000(system) Binder:1114_1C expire 3 lines
03-16 14:10:10.743  1114  1167 I chatty  : uid=1000(system) PackageManager expire 4 lines
03-16 14:10:11.394  1114  2677 I chatty  : uid=1000(system) Binder:1114_C expire 1 line
03-16 14:10:11.650  1114  1623 I chatty  : uid=1000(system) Binder:1114_8 expire 2 lines
03-16 14:10:12.014  1114  1114 I chatty  : uid=1000 system_server expire 4 lines
03-16 14:10:12.084  1114  1622 I chatty  : uid=1000(system) Binder:1114_7 expire 3 lines
03-16 14:10:12.165  1114 29644 I chatty  : uid=1000(system) Binder:1114_19 expire 1 line
03-16 14:10:47.757  1114  7593 I chatty  : uid=1000(system) Binder:1114_1E expire 2 lines
03-16 14:10:48.174  1114  1132 I chatty  : uid=1000(system) Binder:1114_2 expire 2 lines
03-16 14:10:48.546   772  2320 E android.hardware.wifi@1.0-service: Callback invoked on an invalid object
03-16 14:12:05.976  6733  6744 I AlwaysOnHotwordDetector: onDetected
03-16 14:12:08.292  1114  3104 I chatty  : uid=1000(system) Binder:1114_E expire 1 line
03-16 14:14:29.125  1114  1131 I chatty  : uid=1000(system) Binder:1114_1 expire 1 line
03-16 14:14:30.380  1114  1138 I chatty  : uid=1000(system) ActivityManager expire 10 lines
03-16 14:14:30.477  1114  1162 I chatty  : uid=1000(system) android.display expire 5 lines
03-16 14:14:30.485  1114  1167 I chatty  : uid=1000(system) PackageManager expire 12 lines
03-16 14:14:31.121  1114  3104 I chatty  : uid=1000(system) Binder:1114_E expire 9 lines
03-16 14:14:31.266  1114  2676 I chatty  : uid=1000(system) Binder:1114_B expire 5 lines
03-16 14:14:31.281  1114  1114 I chatty  : uid=1000 system_server expire 10 lines
03-16 14:14:31.356  1114 12506 I chatty  : uid=1000(system) Binder:1114_13 expire 6 lines
03-16 14:14:31.671  1114  5450 I chatty  : uid=1000(system) Binder:1114_20 expire 4 lines
03-16 14:16:00.003  1114  1227 I chatty  : uid=1000(system) AlarmManager expire 3 lines
03-16 14:16:51.562  1114 22955 I chatty  : uid=1000(system) Binder:1114_17 expire 12 lines
03-16 14:17:06.179  1114  1164 I chatty  : uid=1000(system) PowerManagerSer expire 14 lines
03-16 14:17:06.973  1114  1160 I chatty  : uid=1000(system) android.fg expire 7 lines
03-16 14:17:42.342  1114  1137 I chatty  : uid=1000(system) android.bg expire 8 lines
03-16 14:17:42.934  1114 30074 I chatty  : uid=1000(system) Binder:1114_1B expire 12 lines
03-16 14:18:06.699  1114 11544 I chatty  : uid=1000(system) Binder:1114_10 expire 7 lines
03-16 14:18:10.626   772  2320 E android.hardware.wifi@1.0-service: Callback invoked on an invalid object
03-16 14:20:15.851  1114  1138 I chatty  : uid=1000(system) ActivityManager expire 12 lines
03-16 14:20:16.024  1114  1142 I chatty  : uid=1000(system) batterystats-wo expire 1 line
03-16 14:21:00.901  1114  1258 I chatty  : uid=1000(system) ConnectivitySer expire 11 lines
03-16 14:22:10.800  1114  2679 I chatty  : uid=1000(system) Binder:1114_D expire 2 lines
03-16 14:22:56.380  1114  1363 I chatty  : uid=1000(system) Binder:1114_4 expire 2 lines
03-16 14:22:56.656  1114 13267 I chatty  : uid=1000(system) Binder:1114_14 expire 6 lines
03-16 14:23:59.766   772  2320 E android.hardware.wifi@1.0-service: Callback invoked on an invalid object
03-16 14:24:22.753  1114 18578 I chatty  : uid=1000(system) Binder:1114_15 expire 4 lines
03-16 14:24:58.916  1114  1250 I chatty  : uid=1000(system) NetworkPolicy expire 12 lines
03-16 14:26:07.204  1114  1233 I chatty  : uid=1000(system) HwBinder:1114_2 expire 1 line
03-16 14:26:24.990  1114  1139 I chatty  : uid=1000(system) android.ui expire 6 lines
03-16 14:26:31.680  1114  1219 I chatty  : uid=1000(system) android.anim expire 1 line
03-16 14:26:32.458  1114  1234 I chatty  : uid=1000(system) InputDispatcher expire 1 line
03-16 14:26:33.807  1114  1618 I chatty  : uid=1000(system) Binder:1114_6 expire 4 lines
03-16 14:26:33.930  1114  1615 I chatty  : uid=1000(system) Binder:1114_5 expire 3 lines
03-16 14:26:45.475  1114 29644 I chatty  : uid=1000(system) Binder:1114_19 expire 3 lines
03-16 14:26:52.546   835   835 W wificond: Failed to get NL80211_ATTR_STATUS_CODE
03-16 14:26:52.611  1114  1138 I chatty  : uid=1000(system) ActivityManager expire 7 lines
03-16 14:27:24.027  1114  1114 I chatty  : uid=1000 system_server expire 2 lines
03-16 14:28:51.652  1114 30814 I chatty  : uid=1000(system) Binder:1114_1C expire 2 lines
03-16 14:30:31.407  1114  1622 I chatty  : uid=1000(system) Binder:1114_7 expire 2 lines
03-16 14:30:53.613  1114  1258 I chatty  : uid=1000(system) ConnectivitySer expire 10 lines
03-16 14:30:53.634  1114  1250 I chatty  : uid=1000(system) NetworkPolicy expire 15 lines
03-16 14:30:53.661  1114  5450 I chatty  : uid=1000(system) Binder:1114_20 expire 9 lines
03-16 14:30:53.705  1114  1363 I chatty  : uid=1000(system) Binder:1114_4 expire 2 lines
03-16 14:30:53.709  1114  3104 I chatty  : uid=1000(system) Binder:1114_E expire 1 line
03-16 14:30:53.717  1114 30814 I chatty  : uid=1000(system) Binder:1114_1C expire 5 lines
03-16 14:30:54.044  1114  1138 I chatty  : uid=1000(system) ActivityManager expire 11 lines
03-16 14:31:00.004  1114  1227 I chatty  : uid=1000(system) AlarmManager expire 1 line
03-16 14:31:05.349  1114  1114 I chatty  : uid=1000 system_server expire 42 lines
03-16 14:31:12.408  1114  1615 I chatty  : uid=1000(system) Binder:1114_5 expire 3 lines
03-16 14:31:12.589  1114  1139 I chatty  : uid=1000(system) android.ui expire 1 line
03-16 14:31:12.609  1114  1618 I chatty  : uid=1000(system) Binder:1114_6 expire 1 line
03-16 14:31:13.366  1114  1219 I chatty  : uid=1000(system) android.anim expire 1 line
03-16 14:31:35.958  1114 12175 I chatty  : uid=1000(system) Binder:1114_12 expire 4 lines
03-16 14:31:43.432  1114  1164 I chatty  : uid=1000(system) PowerManagerSer expire 11 lines
03-16 14:31:44.308  1114  1162 I chatty  : uid=1000(system) android.display expire 7 lines
03-16 14:31:44.508  1114  1160 I chatty  : uid=1000(system) android.fg expire 4 lines
03-16 14:31:44.617   835   835 I wificond: Pno scan started
03-16 14:31:48.523  1114  7593 I chatty  : uid=1000(system) Binder:1114_1E expire 3 lines
03-16 14:31:49.490  1114 30074 I chatty  : uid=1000(system) Binder:1114_1B expire 2 lines
03-16 14:32:20.638  1114  1235 I chatty  : uid=1000(system) InputReader expire 1 line
03-16 14:32:20.688   835   835 I wificond: Pno scan stopped
03-16 14:32:20.690  1114  1164 I chatty  : uid=1000(system) PowerManagerSer expire 5 lines
03-16 14:32:20.736  1114  2679 I chatty  : uid=1000(system) Binder:1114_D expire 1 line
03-16 14:32:20.835  1114 22954 I chatty  : uid=1000(system) Binder:1114_16 expire 3 lines
03-16 14:32:23.248   835   835 W wificond: Scan is not started. Ignore abort request
03-16 14:32:23.331  1114  1253 I chatty  : uid=1000(system) WifiStateMachin expire 1 line
03-16 14:32:25.404  1114  1234 I chatty  : uid=1000(system) InputDispatcher expire 1 line
03-16 14:32:25.560  1114  2668 I chatty  : uid=1000(system) Binder:1114_A expire 1 line
03-16 14:32:25.563  1114 11544 I chatty  : uid=1000(system) Binder:1114_10 expire 1 line
03-16 14:32:27.112  1114 12174 I chatty  : uid=1000(system) Binder:1114_11 expire 23 lines
03-16 14:32:30.937 10773 10773 E SchedPolicy: set_timerslack_ns write failed: Operation not permitted
03-16 14:32:38.155  1114  1699 I chatty  : uid=1000(system) uteStateMachine expire 10 lines
03-16 14:32:38.155  1114  1701 I chatty  : uid=1000(system) CallAudioModeSt expire 3 lines
03-16 14:32:38.778  1114  2677 I chatty  : uid=1000(system) Binder:1114_C expire 1 line
03-16 14:32:38.781  1596  1596 I Telephony: TelephonyConnectionService: onCreateOutgoingConnection, request: ConnectionRequest xxxxxxxxxxxxxx Bundle[mParcelledData.dataSize=788]: (SBC.oSC)->CS.crCo->H.CS.crCo->H.CS.crCo.pICR@E-RQ0
03-16 14:32:38.816  1114  1114 I chatty  : uid=1000 system_server expire 3 lines
03-16 14:32:38.854  1114  1138 I chatty  : uid=1000(system) ActivityManager expire 10 lines
03-16 14:32:38.861  1596  1596 I Telephony: TelephonyConnectionService: notifyCreateConnectionComplete TC@58_1: (...->CSW.hCCC)->CS.crCoC->H.CS.crCoC@E-E-E-RQ0
03-16 14:32:38.900  6733  6744 I AlwaysOnHotwordDetector: onRecognitionPaused
03-16 14:32:38.910  1114  2677 I chatty  : uid=1000(system) Binder:1114_C expire 2 lines
03-16 14:32:38.910  1114  5450 I chatty  : uid=1000(system) Binder:1114_20 expire 7 lines
03-16 14:32:38.916  1114  1622 I chatty  : uid=1000(system) Binder:1114_7 expire 19 lines
03-16 14:32:38.917  1114  1131 I chatty  : uid=1000(system) Binder:1114_1 expire 4 lines
03-16 14:32:38.921  1114  4211 I chatty  : uid=1000(system) Binder:1114_F expire 8 lines
03-16 14:32:39.456  1114  1162 I chatty  : uid=1000(system) android.display expire 11 lines
03-16 14:32:40.176  1114  1258 I chatty  : uid=1000(system) ConnectivitySer expire 3 lines
03-16 14:32:40.202  1114  1250 I chatty  : uid=1000(system) NetworkPolicy expire 9 lines
03-16 14:32:40.207  1596  1596 I Telephony: PstnIncomingCallNotifier: Unregistering: Handler (com.android.internal.telephony.GsmCdmaPhone) {fab9a10}
03-16 14:32:40.242  1114 22954 I chatty  : uid=1000(system) Binder:1114_16 expire 4 lines
03-16 14:32:40.244  1114  2679 I chatty  : uid=1000(system) Binder:1114_D expire 10 lines
03-16 14:32:40.249  1596  1596 I Telephony: AccountEntry: Registered phoneAccount: [[ ] PhoneAccount: ComponentInfo{com.android.phone/com.android.services.telephony.TelephonyConnectionService}, [****], UserHandle{0} Capabilities: CallProvider MultiUser PlaceEmerg SimSub  Audio Routes: BESW Schemes: tel voicemail  Extras: Bundle[{android.telecom.extra.SUPPORTS_VIDEO_CALLING_FALLBACK=true, android.telecom.extra.SUPPORTS_HANDOVER_FROM=true}] GroupId: [****]] with handle: ComponentInfo{com.android.phone/com.android.services.telephony.TelephonyConnectionService}, [****], UserHandle{0}
03-16 14:32:40.249  1596  1596 I Telephony: PstnIncomingCallNotifier: Registering: Handler (com.android.internal.telephony.GsmCdmaPhone) {fab9a10}
03-16 14:32:40.277  1596  1596 I Telephony: PstnPhoneCapabilitiesNotifier: handleVideoCapabilitesChanged. Video capability - false
03-16 14:32:40.338  1596  1596 I Telephony: PstnIncomingCallNotifier: Unregistering: Handler (com.android.internal.telephony.GsmCdmaPhone) {fab9a10}
03-16 14:32:40.347  1596  1596 I Telephony: AccountEntry: Registered phoneAccount: [[ ] PhoneAccount: ComponentInfo{com.android.phone/com.android.services.telephony.TelephonyConnectionService}, [****], UserHandle{0} Capabilities: CallProvider MultiUser PlaceEmerg SimSub  Audio Routes: BESW Schemes: tel voicemail  Extras: Bundle[{android.telecom.extra.SUPPORTS_VIDEO_CALLING_FALLBACK=true, android.telecom.extra.SUPPORTS_HANDOVER_FROM=true}] GroupId: [****]] with handle: ComponentInfo{com.android.phone/com.android.services.telephony.TelephonyConnectionService}, [****], UserHandle{0}
03-16 14:32:40.347  1596  1596 I Telephony: PstnIncomingCallNotifier: Registering: Handler (com.android.internal.telephony.GsmCdmaPhone) {fab9a10}
03-16 14:32:40.410  1596  1596 I Telephony: PstnPhoneCapabilitiesNotifier: handleVideoCapabilitesChanged. Video capability - false
03-16 14:32:46.291  1114  1701 I chatty  : uid=1000(system) CallAudioModeSt expire 6 lines
03-16 14:33:02.106   835   835 W wificond: Failed to get NL80211_ATTR_STATUS_CODE
03-16 14:33:02.189  1114  1138 I chatty  : uid=1000(system) ActivityManager expire 11 lines
03-16 14:33:05.848  1114  1164 I chatty  : uid=1000(system) PowerManagerSer expire 18 lines
03-16 14:33:07.889  1114 12175 I chatty  : uid=1000(system) Binder:1114_12 expire 6 lines
03-16 14:33:08.207  1114  1622 I chatty  : uid=1000(system) Binder:1114_7 expire 4 lines
03-16 14:33:57.587   835   835 W wificond: Scan is not started. Ignore abort request
03-16 14:33:58.966  1114 13267 I chatty  : uid=1000(system) Binder:1114_14 expire 28 lines
03-16 14:33:58.986  1114  1699 I chatty  : uid=1000(system) uteStateMachine expire 8 lines
03-16 14:33:58.991  1114  1695 I chatty  : uid=1000(system) BluetoothRouteM expire 2 lines
03-16 14:33:58.996  1114  1114 I chatty  : uid=1000 system_server expire 12 lines
03-16 14:33:58.997  6733  6744 I AlwaysOnHotwordDetector: onRecognitionResumed
03-16 14:33:59.056  1114  1138 I chatty  : uid=1000(system) ActivityManager expire 3 lines
03-16 14:34:02.710  1114  1235 I chatty  : uid=1000(system) InputReader expire 1 line
03-16 14:34:03.503  1114  1160 I chatty  : uid=1000(system) android.fg expire 4 lines
03-16 14:34:05.956   835   835 W wificond: Failed to get NL80211_ATTR_STATUS_CODE
03-16 14:34:43.233  1114 22955 I chatty  : uid=1000(system) Binder:1114_17 expire 1 line
03-16 14:34:44.105  1114  7592 I chatty  : uid=1000(system) Binder:1114_1D expire 4 lines
03-16 14:36:12.372  1114  1227 I chatty  : uid=1000(system) AlarmManager expire 1 line
03-16 14:37:26.906  1114 30073 I chatty  : uid=1000(system) Binder:1114_1A expire 1 line
03-16 14:38:07.545  1114  1623 I chatty  : uid=1000(system) Binder:1114_8 expire 1 line
03-16 14:38:07.579  1114  1618 I chatty  : uid=1000(system) Binder:1114_6 expire 1 line
03-16 14:38:07.579  1114 30074 I chatty  : uid=1000(system) Binder:1114_1B expire 1 line
03-16 14:38:07.588  1114  1615 I chatty  : uid=1000(system) Binder:1114_5 expire 1 line
03-16 14:38:07.615  1114  1142 I chatty  : uid=1000(system) batterystats-wo expire 2 lines
03-16 14:38:07.621  1114  1162 I chatty  : uid=1000(system) android.display expire 16 lines
03-16 14:38:10.722  1114 13267 I chatty  : uid=1000(system) Binder:1114_14 expire 6 lines
03-16 14:38:10.913  1114  1234 I chatty  : uid=1000(system) InputDispatcher expire 1 line
03-16 14:38:12.070 11334 11420 E ActivityThread: Failed to find provider info for com.facebook.katana.provider.AttributionIdProvider
03-16 14:38:12.134  1114  1235 I chatty  : uid=1000(system) InputReader expire 3 lines
03-16 14:38:12.165  1114  1114 I chatty  : uid=1000 system_server expire 10 lines
03-16 14:38:12.650  1114  1164 I chatty  : uid=1000(system) PowerManagerSer expire 10 lines
03-16 14:38:12.944  1114  1160 I chatty  : uid=1000(system) android.fg expire 8 lines
03-16 14:38:22.748  1114  1138 I chatty  : uid=1000(system) ActivityManager expire 11 lines
03-16 14:38:37.220  1114 29644 I chatty  : uid=1000(system) Binder:1114_19 expire 4 lines
03-16 14:38:55.989  1114  1137 I chatty  : uid=1000(system) android.bg expire 3 lines
03-16 14:39:10.562  1114 30074 I chatty  : uid=1000(system) Binder:1114_1B expire 6 lines
03-16 14:39:10.645  1114  1695 I chatty  : uid=1000(system) BluetoothRouteM expire 3 lines
03-16 14:39:10.645  1114  1699 I chatty  : uid=1000(system) uteStateMachine expire 5 lines
03-16 14:39:11.144  1114 22954 I chatty  : uid=1000(system) Binder:1114_16 expire 9 lines
03-16 14:39:13.960  1114  1615 I chatty  : uid=1000(system) Binder:1114_5 expire 4 lines
03-16 14:40:33.198  1114  7592 I chatty  : uid=1000(system) Binder:1114_1D expire 2 lines
03-16 14:41:33.246  1114  1227 I chatty  : uid=1000(system) AlarmManager expire 4 lines
03-16 14:42:33.432  1114  1131 I chatty  : uid=1000(system) Binder:1114_1 expire 1 line
03-16 14:43:18.295  1114  1618 I chatty  : uid=1000(system) Binder:1114_6 expire 2 lines
03-16 14:47:04.964  1114  2676 I chatty  : uid=1000(system) Binder:1114_B expire 3 lines
03-16 14:47:05.446 11913 12073 E ActivityThread: Failed to find provider info for com.facebook.katana.provider.AttributionIdProvider
03-16 14:47:11.658  1114  1623 I chatty  : uid=1000(system) Binder:1114_8 expire 3 lines
03-16 14:49:23.433  1114  2677 I chatty  : uid=1000(system) Binder:1114_C expire 1 line
03-16 14:52:30.928  1114  1114 I chatty  : uid=1000 system_server expire 13 lines
03-16 14:52:31.312  1114 22955 I chatty  : uid=1000(system) Binder:1114_17 expire 4 lines
03-16 14:52:37.788  1114  1164 I chatty  : uid=1000(system) PowerManagerSer expire 25 lines
03-16 14:52:39.486  1114  1622 I chatty  : uid=1000(system) Binder:1114_7 expire 3 lines
03-16 14:52:41.012  1114 12175 I chatty  : uid=1000(system) Binder:1114_12 expire 2 lines
03-16 14:52:41.397  1114 30073 I chatty  : uid=1000(system) Binder:1114_1A expire 10 lines
03-16 14:53:11.480  1114  8222 I chatty  : uid=1000(system) Binder:1114_1F expire 6 lines
03-16 14:53:45.380  1114 18578 I chatty  : uid=1000(system) Binder:1114_15 expire 1 line
03-16 14:53:48.693  1114  2679 I chatty  : uid=1000(system) Binder:1114_D expire 1 line
03-16 14:53:48.721  1114 12174 I chatty  : uid=1000(system) Binder:1114_11 expire 7 lines
03-16 14:53:48.735  1114  2477 I chatty  : uid=1000(system) Binder:1114_9 expire 1 line
03-16 14:53:48.770  1114  5450 I chatty  : uid=1000(system) Binder:1114_20 expire 1 line
03-16 14:53:48.796  1114 11544 I chatty  : uid=1000(system) Binder:1114_10 expire 4 lines
03-16 14:53:48.800  1114  1271 I chatty  : uid=1000(system) Binder:1114_3 expire 2 lines
03-16 14:54:19.996  1114  1250 I chatty  : uid=1000(system) NetworkPolicy expire 3 lines
03-16 14:54:24.866  1114  3104 I chatty  : uid=1000(system) Binder:1114_E expire 8 lines
03-16 14:56:32.299  1114  1164 I chatty  : uid=1000(system) PowerManagerSer expire 45 lines
03-16 14:56:32.495  1114  1162 I chatty  : uid=1000(system) android.display expire 13 lines
03-16 14:56:32.714  1114  1160 I chatty  : uid=1000(system) android.fg expire 11 lines
03-16 14:59:50.058  1114  1114 I chatty  : uid=1000 system_server expire 29 lines
03-16 14:59:56.581 13119 13203 E ActivityThread: Failed to find provider info for com.facebook.katana.provider.AttributionIdProvider
03-16 15:01:31.013  1114  1227 I chatty  : uid=1000(system) AlarmManager expire 11 lines
03-16 15:06:28.928  1114  1137 I chatty  : uid=1000(system) android.bg expire 13 lines
03-16 15:06:28.929  1114  2477 I chatty  : uid=1000(system) Binder:1114_9 expire 2 lines
03-16 15:17:03.424  1114  7592 I chatty  : uid=1000(system) Binder:1114_1D expire 5 lines
03-16 15:17:03.578  1114 12174 I chatty  : uid=1000(system) Binder:1114_11 expire 2 lines
03-16 15:17:11.944  1114 22955 I chatty  : uid=1000(system) Binder:1114_17 expire 4 lines
03-16 15:18:03.082  1114  1615 I chatty  : uid=1000(system) Binder:1114_5 expire 3 lines
03-16 15:18:03.200  1114  1142 I chatty  : uid=1000(system) batterystats-wo expire 2 lines
03-16 15:21:51.360  1114  1234 I chatty  : uid=1000(system) InputDispatcher expire 1 line
03-16 15:21:51.424  1114  1271 I chatty  : uid=1000(system) Binder:1114_3 expire 5 lines
03-16 15:21:52.235  1114  1235 I chatty  : uid=1000(system) InputReader expire 2 lines
03-16 15:21:53.116  1114  1250 I chatty  : uid=1000(system) NetworkPolicy expire 9 lines
03-16 15:30:01.013  1114  1138 I chatty  : uid=1000(system) ActivityManager expire 1 line
03-16 15:31:43.201  1114  1258 I chatty  : uid=1000(system) ConnectivitySer expire 9 lines
03-16 15:32:15.096  1114 22954 I chatty  : uid=1000(system) Binder:1114_16 expire 1 line
03-16 15:55:04.979  1114  2677 I chatty  : uid=1000(system) Binder:1114_C expire 1 line
03-16 15:55:05.176  1114  1139 I chatty  : uid=1000(system) android.ui expire 1 line
03-16 15:55:05.350  1114  1160 I chatty  : uid=1000(system) android.fg expire 6 lines
03-16 15:55:05.557  1114 12174 I chatty  : uid=1000(system) Binder:1114_11 expire 2 lines
03-16 15:55:06.363  1114  7592 I chatty  : uid=1000(system) Binder:1114_1D expire 9 lines
03-16 15:55:11.032  1114  1235 I chatty  : uid=1000(system) InputReader expire 2 lines
03-16 15:55:11.048  1114  1114 I chatty  : uid=1000 system_server expire 25 lines
03-16 15:55:11.516  1114  1164 I chatty  : uid=1000(system) PowerManagerSer expire 23 lines
03-16 15:55:11.640  1114  1162 I chatty  : uid=1000(system) android.display expire 9 lines
03-16 15:55:15.436  1114 30074 I chatty  : uid=1000(system) Binder:1114_1B expire 6 lines
03-16 15:56:16.971  1114  1227 I chatty  : uid=1000(system) AlarmManager expire 5 lines
03-16 15:58:57.394  1114  8222 I chatty  : uid=1000(system) Binder:1114_1F expire 3 lines
03-16 15:58:57.463  1114  2677 I chatty  : uid=1000(system) Binder:1114_C expire 2 lines
03-16 15:58:57.741  1114 11544 I chatty  : uid=1000(system) Binder:1114_10 expire 4 lines
03-16 15:58:59.345 14392 14392 E SchedPolicy: set_timerslack_ns write failed: Operation not permitted
03-16 15:58:59.418  1114  1615 I chatty  : uid=1000(system) Binder:1114_5 expire 6 lines
03-16 15:58:59.959  1114  1138 I chatty  : uid=1000(system) ActivityManager expire 3 lines
03-16 15:59:01.450  1114 29644 I chatty  : uid=1000(system) Binder:1114_19 expire 2 lines
03-16 15:59:01.695  1114  1623 I chatty  : uid=1000(system) Binder:1114_8 expire 2 lines
03-16 15:59:01.805  1114 22955 I chatty  : uid=1000(system) Binder:1114_17 expire 1 line
03-16 15:59:01.824 14643 14659 W ContextImpl: Calling a method in the system process without a qualified user: android.app.ContextImpl.bindService:1556 android.content.ContextWrapper.bindService:684 com.google.android.gms.common.stats.zza.zza:17 com.google.android.gms.common.internal.zzah.zzcr:22 com.google.android.gms.common.internal.zzag.zza:55 
03-16 15:59:02.020 14643 14659 W ContextImpl: Calling a method in the system process without a qualified user: android.app.ContextImpl.bindService:1556 android.content.ContextWrapper.bindService:684 com.google.android.gms.common.stats.zza.zza:17 com.google.android.gms.common.internal.zzah.zzcr:22 com.google.android.gms.common.internal.zzag.zza:55 
03-16 15:59:04.780  1114  1137 I chatty  : uid=1000(system) android.bg expire 10 lines
03-16 15:59:12.591  1114  1363 I chatty  : uid=1000(system) Binder:1114_4 expire 6 lines
03-16 16:00:01.001  1114  1264 I chatty  : uid=1000(system) onProviders.ECP expire 4 lines
03-16 16:02:28.201  1114  1258 I chatty  : uid=1000(system) ConnectivitySer expire 6 lines
03-16 16:04:12.695  1114 22954 I chatty  : uid=1000(system) Binder:1114_16 expire 3 lines
03-16 16:08:05.067  1114 12175 I chatty  : uid=1000(system) Binder:1114_12 expire 5 lines
03-16 16:08:05.426  1114  1618 I chatty  : uid=1000(system) Binder:1114_6 expire 8 lines
03-16 16:08:19.924  1114  2676 I chatty  : uid=1000(system) Binder:1114_B expire 4 lines
03-16 16:08:36.205  6733  6744 I AlwaysOnHotwordDetector: onDetected
03-16 16:14:25.252  1114  2668 I chatty  : uid=1000(system) Binder:1114_A expire 3 lines
03-16 16:14:29.748  1114 22956 I chatty  : uid=1000(system) Binder:1114_18 expire 1 line
03-16 16:18:42.993  1114  5450 I chatty  : uid=1000(system) Binder:1114_20 expire 4 lines
03-16 16:18:59.781  1114  1131 I chatty  : uid=1000(system) Binder:1114_1 expire 1 line
03-16 16:19:02.222  1114  1695 I chatty  : uid=1000(system) BluetoothRouteM expire 4 lines
03-16 16:19:02.222  1114  1699 I chatty  : uid=1000(system) uteStateMachine expire 11 lines
03-16 16:19:04.560  1114  1234 I chatty  : uid=1000(system) InputDispatcher expire 1 line
03-16 16:19:23.120  1114  1138 I chatty  : uid=1000(system) ActivityManager expire 12 lines
03-16 16:19:24.717  1114  1131 I chatty  : uid=1000(system) Binder:1114_1 expire 8 lines
03-16 16:19:41.909  1114  1114 I chatty  : uid=1000 system_server expire 16 lines
03-16 16:19:41.911  1114  1271 I chatty  : uid=1000(system) Binder:1114_3 expire 3 lines
03-16 16:19:41.974  1114  1164 I chatty  : uid=1000(system) PowerManagerSer expire 4 lines
03-16 16:19:41.983  1114  1162 I chatty  : uid=1000(system) android.display expire 1 line
03-16 16:19:42.174  1114  1618 I chatty  : uid=1000(system) Binder:1114_6 expire 3 lines
03-16 16:19:42.299  1114  1160 I chatty  : uid=1000(system) android.fg expire 3 lines
03-16 16:19:42.300  1114 12175 I chatty  : uid=1000(system) Binder:1114_12 expire 4 lines
03-16 16:19:45.606  1114 30074 I chatty  : uid=1000(system) Binder:1114_1B expire 4 lines
03-16 16:20:03.178   835   835 W wificond: Failed to get NL80211_ATTR_STATUS_CODE
03-16 16:20:23.420  1114  1137 I chatty  : uid=1000(system) android.bg expire 10 lines
03-16 16:20:23.429  1114  1258 I chatty  : uid=1000(system) ConnectivitySer expire 16 lines
03-16 16:20:41.554  1114  1250 I chatty  : uid=1000(system) NetworkPolicy expire 45 lines
03-16 16:20:41.679  1114 13267 I chatty  : uid=1000(system) Binder:1114_14 expire 2 lines
03-16 16:20:41.716  1114 18578 I chatty  : uid=1000(system) Binder:1114_15 expire 2 lines
03-16 16:21:00.674  1114  5450 I chatty  : uid=1000(system) Binder:1114_20 expire 1 line
03-16 16:21:01.535  1114  1227 I chatty  : uid=1000(system) AlarmManager expire 2 lines
03-16 16:21:01.861  1114  1622 I chatty  : uid=1000(system) Binder:1114_7 expire 4 lines
03-16 16:21:15.034  1114  1139 I chatty  : uid=1000(system) android.ui expire 16 lines
03-16 16:21:15.575  1114  1219 I chatty  : uid=1000(system) android.anim expire 3 lines
03-16 16:21:28.807  1114  3104 I chatty  : uid=1000(system) Binder:1114_E expire 3 lines
03-16 16:21:28.834  1114  1623 I chatty  : uid=1000(system) Binder:1114_8 expire 2 lines
03-16 16:22:58.878  1114  2477 I chatty  : uid=1000(system) Binder:1114_9 expire 1 line
03-16 16:23:28.920  1114 11544 I chatty  : uid=1000(system) Binder:1114_10 expire 3 lines
03-16 16:23:45.913  1114  8222 I chatty  : uid=1000(system) Binder:1114_1F expire 3 lines
03-16 16:23:47.419  1114 22956 I chatty  : uid=1000(system) Binder:1114_18 expire 2 lines
03-16 16:23:54.704  1114  7592 I chatty  : uid=1000(system) Binder:1114_1D expire 1 line
03-16 16:23:59.121  1114  1695 I chatty  : uid=1000(system) BluetoothRouteM expire 4 lines
03-16 16:23:59.122  1114  1699 I chatty  : uid=1000(system) uteStateMachine expire 11 lines
03-16 16:24:54.142  1114  2679 I chatty  : uid=1000(system) Binder:1114_D expire 1 line
03-16 16:30:02.462  1114 12174 I chatty  : uid=1000(system) Binder:1114_11 expire 2 lines
03-16 16:30:45.309  1114  2679 I chatty  : uid=1000(system) Binder:1114_D expire 2 lines
03-16 16:31:17.390  1114  1227 I chatty  : uid=1000(system) AlarmManager expire 6 lines
03-16 16:31:28.445  1114 22955 I chatty  : uid=1000(system) Binder:1114_17 expire 5 lines
03-16 16:31:28.460  1114 22954 I chatty  : uid=1000(system) Binder:1114_16 expire 3 lines
03-16 16:31:54.233  1114  1250 I chatty  : uid=1000(system) NetworkPolicy expire 21 lines
03-16 16:32:16.843  1114  1131 I chatty  : uid=1000(system) Binder:1114_1 expire 3 lines
03-16 16:33:37.070  1114 18578 I chatty  : uid=1000(system) Binder:1114_15 expire 4 lines
03-16 16:33:37.154  1114  1114 I chatty  : uid=1000 system_server expire 13 lines
03-16 16:34:02.065  1114  1138 I chatty  : uid=1000(system) ActivityManager expire 12 lines
03-16 16:34:02.659  1114  5450 I chatty  : uid=1000(system) Binder:1114_20 expire 6 lines
03-16 16:34:02.737  1114  1142 I chatty  : uid=1000(system) batterystats-wo expire 1 line
03-16 16:34:36.638  1114  1139 I chatty  : uid=1000(system) android.ui expire 3 lines
03-16 16:34:37.072  1114  1219 I chatty  : uid=1000(system) android.anim expire 1 line
03-16 16:34:42.463  1114  1618 I chatty  : uid=1000(system) Binder:1114_6 expire 3 lines
03-16 16:35:09.170  2920  3693 E ActivityThread: Failed to find provider info for com.google.android.gms.common.phenotype
03-16 16:36:40.661  1114 29644 I chatty  : uid=1000(system) Binder:1114_19 expire 3 lines
03-16 16:37:19.998  1114  1622 I chatty  : uid=1000(system) Binder:1114_7 expire 1 line
03-16 16:37:24.343  1114 30074 I chatty  : uid=1000(system) Binder:1114_1B expire 4 lines
03-16 16:37:46.772  1114  1137 I chatty  : uid=1000(system) android.bg expire 2 lines
03-16 16:38:48.185  1114  1235 I chatty  : uid=1000(system) InputReader expire 1 line
03-16 16:38:48.747  1114  1164 I chatty  : uid=1000(system) PowerManagerSer expire 12 lines
03-16 16:38:48.853  1114  1162 I chatty  : uid=1000(system) android.display expire 5 lines
03-16 16:38:49.077  1114  1160 I chatty  : uid=1000(system) android.fg expire 4 lines
03-16 16:38:49.222   835   835 I wificond: Pno scan started
03-16 16:38:49.226  1114 11544 I chatty  : uid=1000(system) Binder:1114_10 expire 2 lines
03-16 16:38:50.046   835   835 I wificond: Pno scan stopped
03-16 16:38:55.057   835   835 I wificond: Pno scan started
03-16 16:38:55.507 17475 17475 E SchedPolicy: set_timerslack_ns write failed: Operation not permitted
03-16 16:40:20.160  1114  1138 I chatty  : uid=1000(system) ActivityManager expire 12 lines
03-16 16:41:00.364   835   835 I wificond: Pno scan stopped
03-16 16:41:05.368   835   835 I wificond: Pno scan started
03-16 16:45:42.664   835   835 I wificond: Pno scan stopped
03-16 16:45:42.700  1114  1164 I chatty  : uid=1000(system) PowerManagerSer expire 3 lines
03-16 16:45:42.816  1114  2668 I chatty  : uid=1000(system) Binder:1114_A expire 1 line
03-16 16:45:44.120  1114  1138 I chatty  : uid=1000(system) ActivityManager expire 30 lines
03-16 16:45:44.263  1114  1234 I chatty  : uid=1000(system) InputDispatcher expire 8 lines
03-16 16:46:02.681  1114  1114 I chatty  : uid=1000 system_server expire 12 lines
03-16 16:52:22.700  1114  1271 I chatty  : uid=1000(system) Binder:1114_3 expire 2 lines
03-16 16:53:59.880  1114  1615 I chatty  : uid=1000(system) Binder:1114_5 expire 4 lines
03-16 16:58:28.643  1114 12175 I chatty  : uid=1000(system) Binder:1114_12 expire 1 line
03-16 16:59:08.013  1114  1138 I chatty  : uid=1000(system) ActivityManager expire 21 lines
03-16 16:59:09.421  1114  1258 I chatty  : uid=1000(system) ConnectivitySer expire 7 lines
03-16 16:59:09.439  1114  1250 I chatty  : uid=1000(system) NetworkPolicy expire 12 lines
03-16 16:59:09.989  1114  2668 I chatty  : uid=1000(system) Binder:1114_A expire 19 lines
03-16 16:59:11.563  1114 22956 I chatty  : uid=1000(system) Binder:1114_18 expire 18 lines
03-16 16:59:11.584  1114  1114 I chatty  : uid=1000 system_server expire 29 lines
03-16 16:59:11.604  1114 13267 I chatty  : uid=1000(system) Binder:1114_14 expire 1 line
03-16 16:59:11.605  1596  1596 I Telephony: TelephonyConnectionService: onCreateIncomingConnection, request: ConnectionRequest xxxxxxxxxxxxxxxxxx Bundle[mParcelledData.dataSize=508]: (SBC.oSC)->CS.crCo->H.CS.crCo->H.CS.crCo.pICR@E-R6E
03-16 16:59:11.616  1114 20137 I chatty  : uid=1000 system_server expire 1 line
03-16 16:59:11.617  1596  1596 I Telephony: TelephonyConnectionService: notifyCreateConnectionComplete TC@59_1: (...->CSW.hCCC)->CS.crCoC->H.CS.crCoC@E-E-E-R6E
03-16 16:59:11.689  1114  1699 I chatty  : uid=1000(system) uteStateMachine expire 17 lines
03-16 16:59:11.691  1114  1701 I chatty  : uid=1000(system) CallAudioModeSt expire 12 lines
03-16 16:59:11.739  6733  6744 I AlwaysOnHotwordDetector: onRecognitionPaused
03-16 16:59:11.760  1114  1695 I chatty  : uid=1000(system) BluetoothRouteM expire 12 lines
03-16 16:59:12.004  1114 20196 I chatty  : uid=1000 system_server expire 3 lines
03-16 16:59:13.898  1114 30074 I chatty  : uid=1000(system) Binder:1114_1B expire 1 line
03-16 16:59:14.187  1114  3104 I chatty  : uid=1000(system) Binder:1114_E expire 1 line
03-16 17:00:00.095  1114  1264 I chatty  : uid=1000(system) onProviders.ECP expire 1 line
03-16 17:00:03.913   835   835 I wificond: Unexpected empty scan result!
03-16 17:00:03.914   835   835 I wificond: Unexpected empty scan result!
03-16 17:01:17.863  1114  1227 I chatty  : uid=1000(system) AlarmManager expire 1 line
03-16 17:01:51.157  1114  1138 I chatty  : uid=1000(system) ActivityManager expire 13 lines
03-16 17:02:16.970  1114 22956 I chatty  : uid=1000(system) Binder:1114_18 expire 2 lines
03-16 17:02:23.782  1114  1114 I chatty  : uid=1000 system_server expire 3 lines
03-16 17:02:23.872  1114  2668 I chatty  : uid=1000(system) Binder:1114_A expire 2 lines
03-16 17:02:24.212  1114  7593 I chatty  : uid=1000(system) Binder:1114_1E expire 25 lines
03-16 17:02:24.226  6733  6744 I AlwaysOnHotwordDetector: onRecognitionResumed
03-16 17:02:24.228  1114  1699 I chatty  : uid=1000(system) uteStateMachine expire 12 lines
03-16 17:02:24.329  1114  1138 I chatty  : uid=1000(system) ActivityManager expire 21 lines
03-16 17:02:25.250  1114  1701 I chatty  : uid=1000(system) CallAudioModeSt expire 2 lines
03-16 17:02:25.309  1114  1699 I chatty  : uid=1000(system) uteStateMachine expire 4 lines
03-16 17:02:25.310  1114  1695 I chatty  : uid=1000(system) BluetoothRouteM expire 2 lines
03-16 17:02:26.240  1114  1114 I chatty  : uid=1000 system_server expire 12 lines
03-16 17:02:27.211  1114  1250 I chatty  : uid=1000(system) NetworkPolicy expire 159 lines
03-16 17:02:42.030  1114  1615 I chatty  : uid=1000(system) Binder:1114_5 expire 3 lines
03-16 17:02:42.909  1114 12175 I chatty  : uid=1000(system) Binder:1114_12 expire 2 lines
03-16 17:02:43.214  1114  1234 I chatty  : uid=1000(system) InputDispatcher expire 1 line
03-16 17:02:44.848  1114  1622 I chatty  : uid=1000(system) Binder:1114_7 expire 3 lines
03-16 17:02:49.147   835   835 I wificond: Unexpected empty scan result!
03-16 17:02:49.151   835   835 I wificond: Unexpected empty scan result!
03-16 17:02:52.557  1114  4211 I chatty  : uid=1000(system) Binder:1114_F expire 1 line
03-16 17:03:03.766  1114  1137 I chatty  : uid=1000(system) android.bg expire 2 lines
03-16 17:06:00.111  1114  1227 I chatty  : uid=1000(system) AlarmManager expire 2 lines
03-16 17:06:03.131  1114  1271 I chatty  : uid=1000(system) Binder:1114_3 expire 1 line
03-16 17:06:03.179  1114 11544 I chatty  : uid=1000(system) Binder:1114_10 expire 1 line
03-16 17:06:03.187  1114  1219 I chatty  : uid=1000(system) android.anim expire 4 lines
03-16 17:06:04.538  1114  3104 I chatty  : uid=1000(system) Binder:1114_E expire 1 line
03-16 17:06:10.154  1114  8222 I chatty  : uid=1000(system) Binder:1114_1F expire 1 line
03-16 17:06:24.533  1114 30074 I chatty  : uid=1000(system) Binder:1114_1B expire 2 lines
03-16 17:06:24.533  1114 30814 I chatty  : uid=1000(system) Binder:1114_1C expire 6 lines
03-16 17:06:24.564  1114  1162 I chatty  : uid=1000(system) android.display expire 1 line
03-16 17:06:25.691  1114 12506 I chatty  : uid=1000(system) Binder:1114_13 expire 2 lines
03-16 17:07:17.377  1114 22954 I chatty  : uid=1000(system) Binder:1114_16 expire 3 lines
03-16 17:10:19.423  1114  1618 I chatty  : uid=1000(system) Binder:1114_6 expire 1 line
03-16 17:10:49.619  1114 30073 I chatty  : uid=1000(system) Binder:1114_1A expire 2 lines
03-16 17:15:22.566  1114  2676 I chatty  : uid=1000(system) Binder:1114_B expire 2 lines
03-16 17:15:56.562  1114  1250 I chatty  : uid=1000(system) NetworkPolicy expire 111 lines
03-16 17:16:12.818  1114  1227 I chatty  : uid=1000(system) AlarmManager expire 3 lines
03-16 17:16:41.575  1114 22954 I chatty  : uid=1000(system) Binder:1114_16 expire 1 line
03-16 17:17:50.053  1114  1163 I chatty  : uid=1000(system) CpuTracker expire 1 line
03-16 17:17:53.100  1114 12506 I chatty  : uid=1000(system) Binder:1114_13 expire 1 line
03-16 17:17:53.168  1114  1114 I chatty  : uid=1000 system_server expire 9 lines
03-16 17:18:23.215  1114 22956 I chatty  : uid=1000(system) Binder:1114_18 expire 1 line
03-16 17:18:52.260  1114  1137 I chatty  : uid=1000(system) android.bg expire 1 line
03-16 17:20:53.720  1114 30074 I chatty  : uid=1000(system) Binder:1114_1B expire 1 line
03-16 17:21:23.853  1114  1618 I chatty  : uid=1000(system) Binder:1114_6 expire 4 lines
03-16 17:22:55.724   835   835 I wificond: Unexpected empty scan result!
03-16 17:22:55.724   835   835 I wificond: Unexpected empty scan result!
03-16 17:23:06.107  1114  1250 I chatty  : uid=1000(system) NetworkPolicy expire 96 lines
03-16 17:28:52.742  6733  6744 I AlwaysOnHotwordDetector: onDetected
03-16 17:28:55.048  1114 30073 I chatty  : uid=1000(system) Binder:1114_1A expire 6 lines
03-16 17:28:58.077   835   835 I wificond: Unexpected empty scan result!
03-16 17:28:58.077   835   835 I wificond: Unexpected empty scan result!
03-16 17:29:02.524  1114  1250 I chatty  : uid=1000(system) NetworkPolicy expire 9 lines
03-16 17:29:20.047  1114  1271 I chatty  : uid=1000(system) Binder:1114_3 expire 3 lines
03-16 17:29:34.531  1114  1250 I chatty  : uid=1000(system) NetworkPolicy expire 108 lines
03-16 17:30:06.007  1114 12506 I chatty  : uid=1000(system) Binder:1114_13 expire 2 lines
03-16 17:30:06.072  1114  1114 I chatty  : uid=1000 system_server expire 10 lines
03-16 17:30:36.168  1114  1132 I chatty  : uid=1000(system) Binder:1114_2 expire 1 line
03-16 17:31:29.915  1114  1227 I chatty  : uid=1000(system) AlarmManager expire 3 lines
03-16 17:32:16.858  1114  1618 I chatty  : uid=1000(system) Binder:1114_6 expire 4 lines
03-16 17:32:43.943  1114  1162 I chatty  : uid=1000(system) android.display expire 1 line
03-16 17:33:27.925  1114 30074 I chatty  : uid=1000(system) Binder:1114_1B expire 10 lines
03-16 17:35:31.017  1114  1138 I chatty  : uid=1000(system) ActivityManager expire 4 lines
03-16 17:36:29.294  1114  1131 I chatty  : uid=1000(system) Binder:1114_1 expire 4 lines
03-16 17:36:59.355  1114 22954 I chatty  : uid=1000(system) Binder:1114_16 expire 3 lines
03-16 17:37:51.707   835   835 I wificond: Unexpected empty scan result!
03-16 17:37:51.708   835   835 I wificond: Unexpected empty scan result!
03-16 17:37:52.474  1114  1250 I chatty  : uid=1000(system) NetworkPolicy expire 45 lines
03-16 17:43:03.128  6733  6744 I AlwaysOnHotwordDetector: onDetected
03-16 17:43:22.592   835   835 I wificond: Unexpected empty scan result!
03-16 17:43:22.593   835   835 I wificond: Unexpected empty scan result!
03-16 17:43:25.399  1114  1250 I chatty  : uid=1000(system) NetworkPolicy expire 10 lines
03-16 17:43:30.445  1114  1114 I chatty  : uid=1000 system_server expire 3 lines
03-16 17:44:17.910  1114 30073 I chatty  : uid=1000(system) Binder:1114_1A expire 1 line
03-16 17:44:17.920  1114  1258 I chatty  : uid=1000(system) ConnectivitySer expire 6 lines
03-16 17:44:17.954  1114  2677 I chatty  : uid=1000(system) Binder:1114_C expire 3 lines
03-16 17:44:17.955  1596  1596 I Telephony: PstnIncomingCallNotifier: Unregistering: Handler (com.android.internal.telephony.GsmCdmaPhone) {fab9a10}
03-16 17:44:17.958  1114  1250 I chatty  : uid=1000(system) NetworkPolicy expire 11 lines
03-16 17:44:18.044  1114  8222 I chatty  : uid=1000(system) Binder:1114_1F expire 1 line
03-16 17:44:18.047  1596  1596 I Telephony: AccountEntry: Registered phoneAccount: [[ ] PhoneAccount: ComponentInfo{com.android.phone/com.android.services.telephony.TelephonyConnectionService}, [****], UserHandle{0} Capabilities: CallProvider MultiUser PlaceEmerg SimSub  Audio Routes: BESW Schemes: tel voicemail  Extras: Bundle[{android.telecom.extra.SUPPORTS_VIDEO_CALLING_FALLBACK=true, android.telecom.extra.SUPPORTS_HANDOVER_FROM=true}] GroupId: [****]] with handle: ComponentInfo{com.android.phone/com.android.services.telephony.TelephonyConnectionService}, [****], UserHandle{0}
03-16 17:44:18.047  1596  1596 I Telephony: PstnIncomingCallNotifier: Registering: Handler (com.android.internal.telephony.GsmCdmaPhone) {fab9a10}
03-16 17:44:18.102  1114  2477 I chatty  : uid=1000(system) Binder:1114_9 expire 2 lines
03-16 17:44:18.124  1596  1596 I Telephony: PstnPhoneCapabilitiesNotifier: handleVideoCapabilitesChanged. Video capability - false
03-16 17:44:18.184  1596  1596 I Telephony: PstnIncomingCallNotifier: Unregistering: Handler (com.android.internal.telephony.GsmCdmaPhone) {fab9a10}
03-16 17:44:18.201  1114 29644 I chatty  : uid=1000(system) Binder:1114_19 expire 2 lines
03-16 17:44:18.203  1596  1596 I Telephony: AccountEntry: Registered phoneAccount: [[ ] PhoneAccount: ComponentInfo{com.android.phone/com.android.services.telephony.TelephonyConnectionService}, [****], UserHandle{0} Capabilities: CallProvider MultiUser PlaceEmerg SimSub  Audio Routes: BESW Schemes: tel voicemail  Extras: Bundle[{android.telecom.extra.SUPPORTS_VIDEO_CALLING_FALLBACK=true, android.telecom.extra.SUPPORTS_HANDOVER_FROM=true}] GroupId: [****]] with handle: ComponentInfo{com.android.phone/com.android.services.telephony.TelephonyConnectionService}, [****], UserHandle{0}
03-16 17:44:18.203  1596  1596 I Telephony: PstnIncomingCallNotifier: Registering: Handler (com.android.internal.telephony.GsmCdmaPhone) {fab9a10}
03-16 17:44:18.303  1596  1596 I Telephony: PstnPhoneCapabilitiesNotifier: handleVideoCapabilitesChanged. Video capability - false
03-16 17:44:19.862  1114  1114 I chatty  : uid=1000 system_server expire 28 lines
03-16 17:44:19.869  1114 30074 I chatty  : uid=1000(system) Binder:1114_1B expire 11 lines
03-16 17:44:19.873  1596  1596 I Telephony: TelephonyConnectionService: onCreateIncomingConnection, request: ConnectionRequest xxxxxxxxxxxxxxxxxx Bundle[mParcelledData.dataSize=508]: (SBC.oSC)->CS.crCo->H.CS.crCo->H.CS.crCo.pICR@E-SE4
03-16 17:44:19.879  1114 29125 I chatty  : uid=1000 system_server expire 1 line
03-16 17:44:19.882  1596  1596 I Telephony: TelephonyConnectionService: notifyCreateConnectionComplete TC@60_1: (...->CSW.hCCC)->CS.crCoC->H.CS.crCoC@E-E-E-SE4
03-16 17:44:19.942  1114  1138 I chatty  : uid=1000(system) ActivityManager expire 14 lines
03-16 17:44:19.943  1114  1699 I chatty  : uid=1000(system) uteStateMachine expire 16 lines
03-16 17:44:19.943  1114  1701 I chatty  : uid=1000(system) CallAudioModeSt expire 13 lines
03-16 17:44:19.977  6733  6744 I AlwaysOnHotwordDetector: onRecognitionPaused
03-16 17:44:20.017  1114  1695 I chatty  : uid=1000(system) BluetoothRouteM expire 14 lines
03-16 17:44:20.051  1114 29418 I chatty  : uid=1000 system_server expire 3 lines
03-16 17:44:22.940  1114  1258 I chatty  : uid=1000(system) ConnectivitySer expire 4 lines
03-16 17:44:23.029  1114  1622 I chatty  : uid=1000(system) Binder:1114_7 expire 16 lines
03-16 17:44:23.551  1114  1363 I chatty  : uid=1000(system) Binder:1114_4 expire 6 lines
03-16 17:45:09.006  1114  1137 I chatty  : uid=1000(system) android.bg expire 5 lines
03-16 17:46:03.390  1114 22954 I chatty  : uid=1000(system) Binder:1114_16 expire 1 line
03-16 17:46:23.433  1114  1227 I chatty  : uid=1000(system) AlarmManager expire 2 lines
03-16 17:46:25.636   835   835 I wificond: Unexpected empty scan result!
03-16 17:46:25.639   835   835 I wificond: Unexpected empty scan result!
03-16 17:46:33.544  1114  1131 I chatty  : uid=1000(system) Binder:1114_1 expire 1 line
03-16 17:46:33.635  1114  1114 I chatty  : uid=1000 system_server expire 11 lines
03-16 17:48:17.043  1114  1163 I chatty  : uid=1000(system) CpuTracker expire 4 lines
03-16 17:49:04.206  1114 30074 I chatty  : uid=1000(system) Binder:1114_1B expire 1 line
03-16 17:49:29.463  1114  1164 I chatty  : uid=1000(system) PowerManagerSer expire 7 lines
03-16 17:49:30.116  1114  1162 I chatty  : uid=1000(system) android.display expire 3 lines
03-16 17:49:30.387  1114  1160 I chatty  : uid=1000(system) android.fg expire 1 line
03-16 17:49:30.460   835   835 I wificond: Pno scan started
