03-16 17:49:34.509  1114  1271 I chatty  : uid=1000(system) Binder:1114_3 expire 4 lines
03-16 17:49:34.865  1114  2677 I chatty  : uid=1000(system) Binder:1114_C expire 12 lines
03-16 17:50:08.455  1114  4211 I chatty  : uid=1000(system) Binder:1114_F expire 3 lines
03-16 17:50:08.781  1114  1138 I chatty  : uid=1000(system) ActivityManager expire 10 lines
03-16 17:50:08.785  6733  6744 I AlwaysOnHotwordDetector: onRecognitionResumed
03-16 17:50:08.788  1114  1699 I chatty  : uid=1000(system) uteStateMachine expire 16 lines
03-16 17:50:08.791  1114  2677 I chatty  : uid=1000(system) Binder:1114_C expire 14 lines
03-16 17:50:10.075  1114  1250 I chatty  : uid=1000(system) NetworkPolicy expire 6 lines
03-16 17:52:43.053  1114 13267 I chatty  : uid=1000(system) Binder:1114_14 expire 1 line
03-16 17:52:43.058  1114  1623 I chatty  : uid=1000(system) Binder:1114_8 expire 1 line
03-16 17:52:43.084  1114 12175 I chatty  : uid=1000(system) Binder:1114_12 expire 3 lines
03-16 17:52:43.085  1114  1363 I chatty  : uid=1000(system) Binder:1114_4 expire 1 line
03-16 17:52:43.085  1114  2668 I chatty  : uid=1000(system) Binder:1114_A expire 2 lines
03-16 17:52:43.085  1114 22955 I chatty  : uid=1000(system) Binder:1114_17 expire 1 line
03-16 17:52:43.086  1114 22956 I chatty  : uid=1000(system) Binder:1114_18 expire 1 line
03-16 17:52:43.086  1114 11544 I chatty  : uid=1000(system) Binder:1114_10 expire 4 lines
03-16 17:52:43.086  1114  1131 I chatty  : uid=1000(system) Binder:1114_1 expire 7 lines
03-16 17:52:43.086  1114 22954 I chatty  : uid=1000(system) Binder:1114_16 expire 1 line
03-16 17:52:43.086  1114 30074 I chatty  : uid=1000(system) Binder:1114_1B expire 2 lines
03-16 17:52:43.086  1114 29644 I chatty  : uid=1000(system) Binder:1114_19 expire 1 line
03-16 17:52:43.086  1114 13267 I chatty  : uid=1000(system) Binder:1114_14 expire 6 lines
03-16 17:53:05.602  1114  1622 I chatty  : uid=1000(system) Binder:1114_7 expire 9 lines
03-16 17:53:05.893  1114 30814 I chatty  : uid=1000(system) Binder:1114_1C expire 1 line
03-16 17:53:34.221  1114  1114 I chatty  : uid=1000 system_server expire 11 lines
03-16 17:53:34.221  1114  1695 I chatty  : uid=1000(system) BluetoothRouteM expire 5 lines
03-16 17:53:34.222  1114  1699 I chatty  : uid=1000(system) uteStateMachine expire 11 lines
03-16 17:53:55.283  1114  1164 I chatty  : uid=1000(system) PowerManagerSer expire 14 lines
03-16 17:53:55.285  1114  1162 I chatty  : uid=1000(system) android.display expire 11 lines
03-16 17:54:16.666  1114  2477 I chatty  : uid=1000(system) Binder:1114_9 expire 2 lines
03-16 17:54:16.685   835   835 I wificond: Pno scan stopped
03-16 17:54:16.747  1114  1618 I chatty  : uid=1000(system) Binder:1114_6 expire 5 lines
03-16 17:54:17.056  1114  1219 I chatty  : uid=1000(system) android.anim expire 2 lines
03-16 17:54:17.115  1114  1160 I chatty  : uid=1000(system) android.fg expire 8 lines
03-16 17:54:18.135  1114 30073 I chatty  : uid=1000(system) Binder:1114_1A expire 1 line
03-16 17:54:18.998  1114  1234 I chatty  : uid=1000(system) InputDispatcher expire 4 lines
03-16 17:54:19.307  1114  2676 I chatty  : uid=1000(system) Binder:1114_B expire 1 line
03-16 17:54:23.802  1114  1250 I chatty  : uid=1000(system) NetworkPolicy expire 6 lines
03-16 17:54:24.343  1114  1138 I chatty  : uid=1000(system) ActivityManager expire 14 lines
03-16 17:54:28.879  1114  7593 I chatty  : uid=1000(system) Binder:1114_1E expire 3 lines
03-16 17:54:38.880  1114  1615 I chatty  : uid=1000(system) Binder:1114_5 expire 4 lines
03-16 17:54:52.184  1114  1235 I chatty  : uid=1000(system) InputReader expire 2 lines
03-16 17:54:52.335  1114  1139 I chatty  : uid=1000(system) android.ui expire 2 lines
03-16 17:54:53.133   835   835 I wificond: Pno scan started
03-16 17:54:53.156  1114  1164 I chatty  : uid=1000(system) PowerManagerSer expire 12 lines
03-16 17:54:53.371  1114 12506 I chatty  : uid=1000(system) Binder:1114_13 expire 10 lines
03-16 17:54:53.530  1114  3104 I chatty  : uid=1000(system) Binder:1114_E expire 2 lines
03-16 17:54:54.483   835   835 I wificond: Pno scan stopped
03-16 17:54:55.252  1114  1138 I chatty  : uid=1000(system) ActivityManager expire 12 lines
03-16 17:54:59.499   835   835 I wificond: Pno scan started
03-16 17:55:15.593  1114  1137 I chatty  : uid=1000(system) android.bg expire 4 lines
03-16 17:55:15.770 31481 31481 D ActivityThread: Loading provider com.google.android.gm.sapi: com.google.android.gm.sapi.SapiUiProvider
03-16 17:55:28.225  1114  1114 I chatty  : uid=1000 system_server expire 12 lines
03-16 17:56:00.132  1114  1227 I chatty  : uid=1000(system) AlarmManager expire 3 lines
03-16 17:56:00.428   835   835 I wificond: Pno scan stopped
03-16 17:56:05.436   835   835 I wificond: Pno scan started
03-16 17:56:10.528   835   835 I wificond: Pno scan stopped
03-16 17:56:15.572   835   835 I wificond: Pno scan started
03-16 17:56:20.751   835   835 I wificond: Pno scan stopped
03-16 17:56:25.787   835   835 I wificond: Pno scan started
03-16 17:58:33.499   835   835 I wificond: Pno scan stopped
03-16 17:58:38.502   835   835 I wificond: Pno scan started
03-16 18:00:34.541   835   835 I wificond: Pno scan stopped
03-16 18:00:39.552   835   835 I wificond: Pno scan started
03-16 18:00:57.022  1114 12174 I chatty  : uid=1000(system) Binder:1114_11 expire 4 lines
03-16 18:02:20.208   835   835 I wificond: Pno scan stopped
03-16 18:02:27.542   835   835 I wificond: Pno scan started
03-16 18:04:36.653   835   835 I wificond: Pno scan stopped
03-16 18:04:41.656   835   835 I wificond: Pno scan started
03-16 18:06:04.965   835   835 I wificond: Pno scan stopped
03-16 18:06:06.406  1114  1138 I chatty  : uid=1000(system) ActivityManager expire 8 lines
03-16 18:06:14.334   835   835 I wificond: Pno scan started
03-16 18:06:14.349  1114  1164 I chatty  : uid=1000(system) PowerManagerSer expire 4 lines
03-16 18:06:36.342   835   835 I wificond: Pno scan stopped
03-16 18:06:36.733  1114  1258 I chatty  : uid=1000(system) ConnectivitySer expire 3 lines
03-16 18:06:37.605  1114 12506 I chatty  : uid=1000(system) Binder:1114_13 expire 1 line
03-16 18:06:37.606  1114  1132 I chatty  : uid=1000(system) Binder:1114_2 expire 1 line
03-16 18:06:37.611  1114  1271 I chatty  : uid=1000(system) Binder:1114_3 expire 2 lines
03-16 18:06:37.611  1114  2677 I chatty  : uid=1000(system) Binder:1114_C expire 3 lines
03-16 18:06:41.346   835   835 I wificond: Pno scan started
03-16 18:06:41.364   835   835 I wificond: Pno scan stopped
03-16 18:06:46.368   835   835 I wificond: Pno scan started
03-16 18:06:51.411   835   835 I wificond: Pno scan stopped
03-16 18:06:56.425   835   835 I wificond: Pno scan started
03-16 18:07:10.231  1114  1114 I chatty  : uid=1000 system_server expire 1 line
03-16 18:07:10.232  1114  1699 I chatty  : uid=1000(system) uteStateMachine expire 11 lines
03-16 18:07:11.870  1114  1114 I chatty  : uid=1000 system_server expire 12 lines
03-16 18:07:15.540  1114  1622 I chatty  : uid=1000(system) Binder:1114_7 expire 5 lines
03-16 18:07:19.365  1114  1164 I chatty  : uid=1000(system) PowerManagerSer expire 9 lines
03-16 18:07:19.367  1114  1162 I chatty  : uid=1000(system) android.display expire 2 lines
03-16 18:07:21.949   835   835 I wificond: Pno scan stopped
03-16 18:07:22.197  1114  1160 I chatty  : uid=1000(system) android.fg expire 3 lines
03-16 18:07:22.221  1114  7593 I chatty  : uid=1000(system) Binder:1114_1E expire 1 line
03-16 18:07:23.719  1114 22954 I chatty  : uid=1000(system) Binder:1114_16 expire 2 lines
03-16 18:07:25.152  1114  2677 I chatty  : uid=1000(system) Binder:1114_C expire 4 lines
03-16 18:07:25.758  1114  1131 I chatty  : uid=1000(system) Binder:1114_1 expire 3 lines
03-16 18:07:31.164  1114  1250 I chatty  : uid=1000(system) NetworkPolicy expire 152 lines
03-16 18:07:36.487  1114  1695 I chatty  : uid=1000(system) BluetoothRouteM expire 3 lines
03-16 18:07:36.723  1114  1138 I chatty  : uid=1000(system) ActivityManager expire 6 lines
03-16 18:07:37.593  1114 30074 I chatty  : uid=1000(system) Binder:1114_1B expire 2 lines
03-16 18:07:40.873  1114  1271 I chatty  : uid=1000(system) Binder:1114_3 expire 3 lines
03-16 18:09:30.224  1114  1137 I chatty  : uid=1000(system) android.bg expire 7 lines
03-16 18:11:17.856  1114  1227 I chatty  : uid=1000(system) AlarmManager expire 2 lines
03-16 18:11:27.937  1114  2668 I chatty  : uid=1000(system) Binder:1114_A expire 1 line
03-16 18:11:39.828  1114  1258 I chatty  : uid=1000(system) ConnectivitySer expire 6 lines
03-16 18:11:40.638  1114 12174 I chatty  : uid=1000(system) Binder:1114_11 expire 2 lines
03-16 18:11:45.671  1114 13267 I chatty  : uid=1000(system) Binder:1114_14 expire 3 lines
03-16 18:13:48.772  1114  8222 I chatty  : uid=1000(system) Binder:1114_1F expire 5 lines
03-16 18:16:41.161  1114  1250 I chatty  : uid=1000(system) NetworkPolicy expire 79 lines
03-16 18:16:54.478  1114 30073 I chatty  : uid=1000(system) Binder:1114_1A expire 1 line
03-16 18:16:54.553  1114  1114 I chatty  : uid=1000 system_server expire 11 lines
03-16 18:17:12.131  1114  1137 I chatty  : uid=1000(system) android.bg expire 4 lines
03-16 18:17:12.133  1114  1258 I chatty  : uid=1000(system) ConnectivitySer expire 5 lines
03-16 18:17:12.971  1114  3104 I chatty  : uid=1000(system) Binder:1114_E expire 4 lines
03-16 18:17:12.974  1114  1132 I chatty  : uid=1000(system) Binder:1114_2 expire 4 lines
03-16 18:17:18.007  1114 11544 I chatty  : uid=1000(system) Binder:1114_10 expire 1 line
03-16 18:18:08.276  1114  1131 I chatty  : uid=1000(system) Binder:1114_1 expire 4 lines
03-16 18:20:16.179  1114  1138 I chatty  : uid=1000(system) ActivityManager expire 4 lines
03-16 18:20:16.209  1114  1623 I chatty  : uid=1000(system) Binder:1114_8 expire 2 lines
03-16 18:21:17.857  1114  1227 I chatty  : uid=1000(system) AlarmManager expire 3 lines
03-16 18:21:20.113   835   835 I wificond: Unexpected empty scan result!
03-16 18:21:20.115   835   835 I wificond: Unexpected empty scan result!
03-16 18:21:29.608  1114  1250 I chatty  : uid=1000(system) NetworkPolicy expire 15 lines
03-16 18:22:37.392   835   835 I wificond: Unexpected empty scan result!
03-16 18:22:37.392   835   835 I wificond: Unexpected empty scan result!
03-16 18:22:49.036  1114  1250 I chatty  : uid=1000(system) NetworkPolicy expire 12 lines
03-16 18:23:08.590  1114 12175 I chatty  : uid=1000(system) Binder:1114_12 expire 2 lines
03-16 18:23:08.599  1114  1162 I chatty  : uid=1000(system) android.display expire 2 lines
03-16 18:23:09.065  1114  1271 I chatty  : uid=1000(system) Binder:1114_3 expire 5 lines
03-16 18:23:09.133  1114 12174 I chatty  : uid=1000(system) Binder:1114_11 expire 3 lines
03-16 18:23:09.360  1114  1618 I chatty  : uid=1000(system) Binder:1114_6 expire 3 lines
03-16 18:23:18.594  1114  4211 I chatty  : uid=1000(system) Binder:1114_F expire 5 lines
03-16 18:24:10.991   835   835 I wificond: Unexpected empty scan result!
03-16 18:24:10.992   835   835 I wificond: Unexpected empty scan result!
03-16 18:24:16.168  1114  1250 I chatty  : uid=1000(system) NetworkPolicy expire 24 lines
03-16 18:27:11.467   835   835 I wificond: Unexpected empty scan result!
03-16 18:27:11.468   835   835 I wificond: Unexpected empty scan result!
03-16 18:27:39.823  1114  1250 I chatty  : uid=1000(system) NetworkPolicy expire 27 lines
03-16 18:28:49.512  1114  2477 I chatty  : uid=1000(system) Binder:1114_9 expire 1 line
03-16 18:28:49.591  1114  1114 I chatty  : uid=1000 system_server expire 5 lines
03-16 18:29:19.651  1114  2668 I chatty  : uid=1000(system) Binder:1114_A expire 1 line
03-16 18:32:52.617   835   835 I wificond: Unexpected empty scan result!
03-16 18:32:52.617   835   835 I wificond: Unexpected empty scan result!
03-16 18:33:19.702  1114  1250 I chatty  : uid=1000(system) NetworkPolicy expire 10 lines
03-16 18:34:49.832  1114  1142 I chatty  : uid=1000(system) batterystats-wo expire 8 lines
03-16 18:35:14.028  1114  1250 I chatty  : uid=1000(system) NetworkPolicy expire 17 lines
03-16 18:35:32.678  1114  1131 I chatty  : uid=1000(system) Binder:1114_1 expire 3 lines
03-16 18:35:32.748  1114  1114 I chatty  : uid=1000 system_server expire 13 lines
03-16 18:36:01.258  1114  1137 I chatty  : uid=1000(system) android.bg expire 6 lines
03-16 18:36:01.260  1114  1258 I chatty  : uid=1000(system) ConnectivitySer expire 6 lines
03-16 18:36:02.274  1114  5450 I chatty  : uid=1000(system) Binder:1114_20 expire 2 lines
03-16 18:36:07.636  1114 18578 I chatty  : uid=1000(system) Binder:1114_15 expire 2 lines
03-16 18:36:11.072  1114  1363 I chatty  : uid=1000(system) Binder:1114_4 expire 2 lines
03-16 18:36:13.974  1114 22956 I chatty  : uid=1000(system) Binder:1114_18 expire 4 lines
03-16 18:36:24.738  1114  1227 I chatty  : uid=1000(system) AlarmManager expire 3 lines
03-16 18:36:28.511  1114  1615 I chatty  : uid=1000(system) Binder:1114_5 expire 3 lines
03-16 18:37:31.392  1114  8222 I chatty  : uid=1000(system) Binder:1114_1F expire 3 lines
03-16 18:37:41.812  1114  1138 I chatty  : uid=1000(system) ActivityManager expire 7 lines
03-16 18:37:42.016  1114  2679 I chatty  : uid=1000(system) Binder:1114_D expire 5 lines
03-16 18:37:56.801  1114  1219 I chatty  : uid=1000(system) android.anim expire 1 line
03-16 18:38:10.399  1114  1235 I chatty  : uid=1000(system) InputReader expire 5 lines
03-16 18:38:10.913  1114  1164 I chatty  : uid=1000(system) PowerManagerSer expire 13 lines
03-16 18:38:10.972  1114  1162 I chatty  : uid=1000(system) android.display expire 12 lines
03-16 18:38:11.181  1114  1160 I chatty  : uid=1000(system) android.fg expire 13 lines
03-16 18:38:11.247   835   835 I wificond: Pno scan started
03-16 18:39:04.021  1114  1250 I chatty  : uid=1000(system) NetworkPolicy expire 9 lines
03-16 18:41:03.160  1114 12506 I chatty  : uid=1000(system) Binder:1114_13 expire 4 lines
03-16 18:41:33.820   835   835 I wificond: Pno scan stopped
03-16 18:41:34.113  1114 30073 I chatty  : uid=1000(system) Binder:1114_1A expire 1 line
03-16 18:41:34.946  1114 22955 I chatty  : uid=1000(system) Binder:1114_17 expire 6 lines
03-16 18:41:35.108  1114  1132 I chatty  : uid=1000(system) Binder:1114_2 expire 3 lines
03-16 18:41:38.888  2920  3693 E ActivityThread: Failed to find provider info for com.google.android.gms.common.phenotype
03-16 18:41:40.104  1114  2668 I chatty  : uid=1000(system) Binder:1114_A expire 1 line
03-16 18:42:49.746  1114  1164 I chatty  : uid=1000(system) PowerManagerSer expire 10 lines
03-16 18:42:50.094   835   835 I wificond: Pno scan started
03-16 18:43:17.876   835   835 I wificond: Pno scan stopped
03-16 18:43:22.874   835   835 I wificond: Pno scan started
03-16 18:43:24.572  1114  1114 I chatty  : uid=1000 system_server expire 12 lines
03-16 18:43:24.599   835   835 I wificond: Pno scan stopped
03-16 18:43:24.613  1114  1164 I chatty  : uid=1000(system) PowerManagerSer expire 11 lines
03-16 18:43:24.920  1114  4211 I chatty  : uid=1000(system) Binder:1114_F expire 1 line
03-16 18:43:25.786  1114 22954 I chatty  : uid=1000(system) Binder:1114_16 expire 1 line
03-16 18:44:30.601   835   835 I wificond: Pno scan started
03-16 18:44:30.608  1114  1164 I chatty  : uid=1000(system) PowerManagerSer expire 18 lines
03-16 18:44:47.851   835   835 I wificond: Pno scan stopped
03-16 18:44:47.953  1114  1162 I chatty  : uid=1000(system) android.display expire 9 lines
03-16 18:44:49.064  1114  1618 I chatty  : uid=1000(system) Binder:1114_6 expire 1 line
03-16 18:45:10.550   835   835 I wificond: Pno scan started
03-16 18:45:20.157  1114  1164 I chatty  : uid=1000(system) PowerManagerSer expire 13 lines
03-16 18:45:45.984  1114  1114 I chatty  : uid=1000 system_server expire 7 lines
03-16 18:45:45.985  1114  2676 I chatty  : uid=1000(system) Binder:1114_B expire 1 line
03-16 18:45:46.008   835   835 I wificond: Pno scan stopped
03-16 18:45:46.303  1114  1139 I chatty  : uid=1000(system) android.ui expire 4 lines
03-16 18:45:46.482  1114  1160 I chatty  : uid=1000(system) android.fg expire 4 lines
03-16 18:45:57.404   835   835 I wificond: Pno scan started
03-16 18:45:57.418  1114  1164 I chatty  : uid=1000(system) PowerManagerSer expire 4 lines
03-16 18:45:57.715  1114 30074 I chatty  : uid=1000(system) Binder:1114_1B expire 1 line
03-16 18:45:57.722  1114  2477 I chatty  : uid=1000(system) Binder:1114_9 expire 6 lines
03-16 18:46:34.704  1114  1114 I chatty  : uid=1000 system_server expire 13 lines
03-16 18:47:30.291  1114  1142 I chatty  : uid=1000(system) batterystats-wo expire 12 lines
03-16 18:51:12.002  1114  1227 I chatty  : uid=1000(system) AlarmManager expire 5 lines
03-16 18:51:22.883  1114  1695 I chatty  : uid=1000(system) BluetoothRouteM expire 1 line
03-16 18:51:22.884  1114  1699 I chatty  : uid=1000(system) uteStateMachine expire 6 lines
03-16 18:51:24.526  1114  1271 I chatty  : uid=1000(system) Binder:1114_3 expire 5 lines
03-16 18:51:31.103  1114  2679 I chatty  : uid=1000(system) Binder:1114_D expire 5 lines
03-16 18:51:41.987   835   835 I wificond: Pno scan result ready event
03-16 18:51:41.994   835   835 I wificond: Pno scan stopped
03-16 18:51:42.018   835   835 W wificond: Scan is not started. Ignore abort request
03-16 18:51:42.099  1114  1138 I chatty  : uid=1000(system) ActivityManager expire 9 lines
03-16 18:51:42.100  1114 30074 I chatty  : uid=1000(system) Binder:1114_1B expire 5 lines
03-16 18:51:42.116  1596  1596 D MccTable: updateMccMncConfiguration mccmnc='' fromServiceState=true
03-16 18:51:42.118  1596  1596 D MccTable: WIFI_COUNTRY_CODE set to 
03-16 18:51:42.119  1114 29644 I chatty  : uid=1000(system) Binder:1114_19 expire 7 lines
03-16 18:51:42.144  1596  1596 I Telephony: PstnIncomingCallNotifier: Unregistering: Handler (com.android.internal.telephony.GsmCdmaPhone) {fab9a10}
03-16 18:51:42.146  1114  1253 I chatty  : uid=1000(system) WifiStateMachin expire 1 line
03-16 18:51:42.146  1114  1258 I chatty  : uid=1000(system) ConnectivitySer expire 20 lines
03-16 18:51:42.163  1596  1596 I Telephony: AccountEntry: Registered phoneAccount: [[ ] PhoneAccount: ComponentInfo{com.android.phone/com.android.services.telephony.TelephonyConnectionService}, [****], UserHandle{0} Capabilities: CallProvider MultiUser PlaceEmerg SimSub  Audio Routes: BESW Schemes: tel voicemail  Extras: Bundle[{android.telecom.extra.SUPPORTS_VIDEO_CALLING_FALLBACK=true, android.telecom.extra.SUPPORTS_HANDOVER_FROM=true}] GroupId: [****]] with handle: ComponentInfo{com.android.phone/com.android.services.telephony.TelephonyConnectionService}, [****], UserHandle{0}
03-16 18:51:42.163  1596  1596 I Telephony: PstnIncomingCallNotifier: Registering: Handler (com.android.internal.telephony.GsmCdmaPhone) {fab9a10}
03-16 18:51:42.199  1596  1596 I Telephony: PstnPhoneCapabilitiesNotifier: handleVideoCapabilitesChanged. Video capability - false
03-16 18:51:42.220  1114  1250 I chatty  : uid=1000(system) NetworkPolicy expire 24 lines
03-16 18:51:42.224  1114  1132 I chatty  : uid=1000(system) Binder:1114_2 expire 5 lines
03-16 18:51:42.229  1596  1596 I Telephony: PstnIncomingCallNotifier: Unregistering: Handler (com.android.internal.telephony.GsmCdmaPhone) {fab9a10}
03-16 18:51:42.236  1114  1618 I chatty  : uid=1000(system) Binder:1114_6 expire 10 lines
03-16 18:51:42.236  1114 22956 I chatty  : uid=1000(system) Binder:1114_18 expire 4 lines
03-16 18:51:42.237  1114  1131 I chatty  : uid=1000(system) Binder:1114_1 expire 2 lines
03-16 18:51:42.237  1114  7592 I chatty  : uid=1000(system) Binder:1114_1D expire 3 lines
03-16 18:51:42.238  1114  8222 I chatty  : uid=1000(system) Binder:1114_1F expire 2 lines
03-16 18:51:42.256  1114  7593 I chatty  : uid=1000(system) Binder:1114_1E expire 4 lines
03-16 18:51:42.259  1596  1596 I Telephony: AccountEntry: Registered phoneAccount: [[ ] PhoneAccount: ComponentInfo{com.android.phone/com.android.services.telephony.TelephonyConnectionService}, [****], UserHandle{0} Capabilities: CallProvider MultiUser PlaceEmerg SimSub  Audio Routes: BESW Schemes: tel voicemail  Extras: Bundle[{android.telecom.extra.SUPPORTS_VIDEO_CALLING_FALLBACK=true, android.telecom.extra.SUPPORTS_HANDOVER_FROM=true}] GroupId: [****]] with handle: ComponentInfo{com.android.phone/com.android.services.telephony.TelephonyConnectionService}, [****], UserHandle{0}
03-16 18:51:42.259  1596  1596 I Telephony: PstnIncomingCallNotifier: Registering: Handler (com.android.internal.telephony.GsmCdmaPhone) {fab9a10}
03-16 18:51:42.308  1596  1596 I Telephony: PstnPhoneCapabilitiesNotifier: handleVideoCapabilitesChanged. Video capability - false
03-16 18:51:42.445  1114 12174 I chatty  : uid=1000(system) Binder:1114_11 expire 4 lines
03-16 18:51:42.883  1114 12506 I chatty  : uid=1000(system) Binder:1114_13 expire 9 lines
03-16 18:51:42.978  1114  2676 I chatty  : uid=1000(system) Binder:1114_B expire 4 lines
03-16 18:51:42.997  1114  1622 I chatty  : uid=1000(system) Binder:1114_7 expire 6 lines
03-16 18:51:46.258  1596  1596 D MccTable: updateMccMncConfiguration mccmnc='310410' fromServiceState=true
03-16 18:51:46.260  1596  1596 D MccTable: updateMccMncConfiguration defaultMccMnc=310150
03-16 18:51:46.260  1596  1596 D MccTable: updateMccMncConfiguration: mcc=310, mnc=410
03-16 18:51:46.260  1596  1596 D MccTable: WIFI_COUNTRY_CODE set to us
03-16 18:51:46.276  1114  1363 I chatty  : uid=1000(system) Binder:1114_4 expire 3 lines
03-16 18:51:46.289  1596  1596 I Telephony: PstnIncomingCallNotifier: Unregistering: Handler (com.android.internal.telephony.GsmCdmaPhone) {fab9a10}
03-16 18:51:46.303  1596  1596 I Telephony: AccountEntry: Registered phoneAccount: [[ ] PhoneAccount: ComponentInfo{com.android.phone/com.android.services.telephony.TelephonyConnectionService}, [****], UserHandle{0} Capabilities: CallProvider MultiUser PlaceEmerg SimSub  Audio Routes: BESW Schemes: tel voicemail  Extras: Bundle[{android.telecom.extra.SUPPORTS_VIDEO_CALLING_FALLBACK=true, android.telecom.extra.SUPPORTS_HANDOVER_FROM=true}] GroupId: [****]] with handle: ComponentInfo{com.android.phone/com.android.services.telephony.TelephonyConnectionService}, [****], UserHandle{0}
03-16 18:51:46.303  1596  1596 I Telephony: PstnIncomingCallNotifier: Registering: Handler (com.android.internal.telephony.GsmCdmaPhone) {fab9a10}
03-16 18:51:46.305  1596  1596 I Telephony: PstnIncomingCallNotifier: Unregistering: Handler (com.android.internal.telephony.GsmCdmaPhone) {fab9a10}
03-16 18:51:46.312  1596  1596 I Telephony: AccountEntry: Registered phoneAccount: [[ ] PhoneAccount: ComponentInfo{com.android.phone/com.android.services.telephony.TelephonyConnectionService}, [****], UserHandle{0} Capabilities: CallProvider MultiUser PlaceEmerg SimSub  Audio Routes: BESW Schemes: tel voicemail  Extras: Bundle[{android.telecom.extra.SUPPORTS_VIDEO_CALLING_FALLBACK=true, android.telecom.extra.SUPPORTS_HANDOVER_FROM=true}] GroupId: [****]] with handle: ComponentInfo{com.android.phone/com.android.services.telephony.TelephonyConnectionService}, [****], UserHandle{0}
03-16 18:51:46.312  1596  1596 I Telephony: PstnIncomingCallNotifier: Registering: Handler (com.android.internal.telephony.GsmCdmaPhone) {fab9a10}
03-16 18:51:46.378  1596  1596 I Telephony: PstnPhoneCapabilitiesNotifier: handleVideoCapabilitesChanged. Video capability - false
03-16 18:51:46.378  1596  1596 I Telephony: PstnPhoneCapabilitiesNotifier: handleVideoCapabilitesChanged. Video capability - false
03-16 18:52:05.335  1114  1137 I chatty  : uid=1000(system) android.bg expire 2 lines
03-16 18:53:07.989  1114  2677 I chatty  : uid=1000(system) Binder:1114_C expire 3 lines
03-16 18:54:14.365  1114  1164 I chatty  : uid=1000(system) PowerManagerSer expire 11 lines
03-16 18:54:14.380  1114  1162 I chatty  : uid=1000(system) android.display expire 5 lines
03-16 18:56:01.402  1114  2668 I chatty  : uid=1000(system) Binder:1114_A expire 6 lines
03-16 18:56:01.437  1114  1219 I chatty  : uid=1000(system) android.anim expire 3 lines
03-16 18:56:01.781  1114  1160 I chatty  : uid=1000(system) android.fg expire 3 lines
03-16 18:56:01.879  1114  4211 I chatty  : uid=1000(system) Binder:1114_F expire 3 lines
03-16 18:56:03.174  2920  3693 E ActivityThread: Failed to find provider info for com.google.android.gms.common.phenotype
03-16 18:56:20.915  1114  1258 I chatty  : uid=1000(system) ConnectivitySer expire 3 lines
03-16 18:56:21.053  1114  1250 I chatty  : uid=1000(system) NetworkPolicy expire 9 lines
03-16 18:56:38.879  1114  1139 I chatty  : uid=1000(system) android.ui expire 13 lines
03-16 18:56:39.048  1114 13267 I chatty  : uid=1000(system) Binder:1114_14 expire 1 line
03-16 18:57:16.717  1114  1114 I chatty  : uid=1000 system_server expire 7 lines
03-16 18:59:06.045  1114  1234 I chatty  : uid=1000(system) InputDispatcher expire 1 line
03-16 19:00:03.288  1114 18578 I chatty  : uid=1000(system) Binder:1114_15 expire 1 line
03-16 19:06:10.490  1114 22954 I chatty  : uid=1000(system) Binder:1114_16 expire 4 lines
03-16 19:13:37.784  1114  5450 I chatty  : uid=1000(system) Binder:1114_20 expire 1 line
03-16 19:13:37.785  1114 11544 I chatty  : uid=1000(system) Binder:1114_10 expire 1 line
03-16 19:13:40.050  9318  9433 E ActivityThread: Failed to find provider info for com.facebook.katana.provider.AttributionIdProvider
03-16 19:13:42.393  1114 30814 I chatty  : uid=1000(system) Binder:1114_1C expire 4 lines
03-16 19:14:35.408  1114  1271 I chatty  : uid=1000(system) Binder:1114_3 expire 3 lines
03-16 19:14:35.409  1114  1623 I chatty  : uid=1000(system) Binder:1114_8 expire 1 line
03-16 19:14:36.416  1114  1138 I chatty  : uid=1000(system) ActivityManager expire 11 lines
03-16 19:14:36.743  1114  1618 I chatty  : uid=1000(system) Binder:1114_6 expire 5 lines
03-16 19:15:05.647  1114  1622 I chatty  : uid=1000(system) Binder:1114_7 expire 3 lines
03-16 19:15:49.775  1114  7592 I chatty  : uid=1000(system) Binder:1114_1D expire 4 lines
03-16 19:15:49.777  1114  2677 I chatty  : uid=1000(system) Binder:1114_C expire 8 lines
03-16 19:17:17.852  1114  1227 I chatty  : uid=1000(system) AlarmManager expire 4 lines
03-16 19:17:28.265  1114  1114 I chatty  : uid=1000 system_server expire 11 lines
03-16 19:19:40.865  1114  4211 I chatty  : uid=1000(system) Binder:1114_F expire 2 lines
03-16 19:19:40.871  1114 12506 I chatty  : uid=1000(system) Binder:1114_13 expire 3 lines
03-16 19:19:40.920  1114  1162 I chatty  : uid=1000(system) android.display expire 8 lines
03-16 19:19:40.942  1114  1142 I chatty  : uid=1000(system) batterystats-wo expire 1 line
03-16 19:20:00.051  1114  1137 I chatty  : uid=1000(system) android.bg expire 2 lines
03-16 19:22:35.097  1114  1363 I chatty  : uid=1000(system) Binder:1114_4 expire 37 lines
03-16 19:23:05.114  1114 22956 I chatty  : uid=1000(system) Binder:1114_18 expire 1 line
03-16 19:24:50.447  1114  1250 I chatty  : uid=1000(system) NetworkPolicy expire 6 lines
03-16 19:24:51.321 10020 10105 E ActivityThread: Failed to find provider info for com.facebook.katana.provider.AttributionIdProvider
03-16 19:25:51.663  1114  5450 I chatty  : uid=1000(system) Binder:1114_20 expire 2 lines
03-16 19:30:08.746  1114  1234 I chatty  : uid=1000(system) InputDispatcher expire 2 lines
03-16 19:30:09.046  1114 29644 I chatty  : uid=1000(system) Binder:1114_19 expire 8 lines
03-16 19:30:09.372  1114 22954 I chatty  : uid=1000(system) Binder:1114_16 expire 10 lines
03-16 19:31:07.817  1114  1235 I chatty  : uid=1000(system) InputReader expire 1 line
03-16 19:31:08.341  1114  1164 I chatty  : uid=1000(system) PowerManagerSer expire 12 lines
03-16 19:31:08.665  1114  1160 I chatty  : uid=1000(system) android.fg expire 4 lines
03-16 19:32:36.713  1114  1139 I chatty  : uid=1000(system) android.ui expire 1 line
03-16 19:32:36.924  1114  2679 I chatty  : uid=1000(system) Binder:1114_D expire 5 lines
03-16 19:32:37.052  1114  1132 I chatty  : uid=1000(system) Binder:1114_2 expire 3 lines
03-16 19:32:37.118  2920  3693 E ActivityThread: Failed to find provider info for com.google.android.gms.common.phenotype
03-16 19:33:10.664  1114  1114 I chatty  : uid=1000 system_server expire 32 lines
03-16 19:33:21.851  1114 12175 I chatty  : uid=1000(system) Binder:1114_12 expire 30 lines
03-16 19:33:27.965  1114  2676 I chatty  : uid=1000(system) Binder:1114_B expire 2 lines
03-16 19:33:29.228  1114  1699 I chatty  : uid=1000(system) uteStateMachine expire 11 lines
03-16 19:33:29.228  1114  1701 I chatty  : uid=1000(system) CallAudioModeSt expire 5 lines
03-16 19:33:29.628  1114 13267 I chatty  : uid=1000(system) Binder:1114_14 expire 2 lines
03-16 19:33:29.715  1596  1596 I Telephony: TelephonyConnectionService: onCreateOutgoingConnection, request: ConnectionRequest xxxxxxxxxxxxxx Bundle[mParcelledData.dataSize=760]: (SBC.oSC)->CS.crCo->H.CS.crCo->H.CS.crCo.pICR@E-Sic
03-16 19:33:29.796  1114  1138 I chatty  : uid=1000(system) ActivityManager expire 14 lines
03-16 19:33:29.804  1596  1596 I Telephony: TelephonyConnectionService: notifyCreateConnectionComplete TC@61_1: (...->CSW.hCCC)->CS.crCoC->H.CS.crCoC@E-E-E-Sic
03-16 19:33:29.862  6733  6744 I AlwaysOnHotwordDetector: onRecognitionPaused
03-16 19:34:56.395  1114  1701 I chatty  : uid=1000(system) CallAudioModeSt expire 4 lines
03-16 19:34:56.395  1114  1363 I chatty  : uid=1000(system) Binder:1114_4 expire 9 lines
03-16 19:34:56.398  1114  1695 I chatty  : uid=1000(system) BluetoothRouteM expire 2 lines
03-16 19:34:56.429  1114  1699 I chatty  : uid=1000(system) uteStateMachine expire 7 lines
03-16 19:34:56.430  1114  2679 I chatty  : uid=1000(system) Binder:1114_D expire 14 lines
03-16 19:34:56.447  1114  1114 I chatty  : uid=1000 system_server expire 10 lines
03-16 19:34:56.448  6733  6744 I AlwaysOnHotwordDetector: onRecognitionResumed
03-16 19:34:56.478  1114 12175 I chatty  : uid=1000(system) Binder:1114_12 expire 1 line
03-16 19:34:56.538  1114  1138 I chatty  : uid=1000(system) ActivityManager expire 5 lines
03-16 19:34:56.549  1114 22954 I chatty  : uid=1000(system) Binder:1114_16 expire 2 lines
03-16 19:34:57.065 11284 11284 E SchedPolicy: set_timerslack_ns write failed: Operation not permitted
03-16 19:34:57.641  1114  1234 I chatty  : uid=1000(system) InputDispatcher expire 1 line
03-16 19:34:57.672  1114 13267 I chatty  : uid=1000(system) Binder:1114_14 expire 1 line
03-16 19:34:59.137  1114  1235 I chatty  : uid=1000(system) InputReader expire 1 line
03-16 19:34:59.331  1114 30814 I chatty  : uid=1000(system) Binder:1114_1C expire 2 lines
03-16 19:34:59.413  1114  3104 I chatty  : uid=1000(system) Binder:1114_E expire 5 lines
03-16 19:34:59.413  1114 18578 I chatty  : uid=1000(system) Binder:1114_15 expire 5 lines
03-16 19:34:59.491  1114  1142 I chatty  : uid=1000(system) batterystats-wo expire 4 lines
03-16 19:34:59.512  1114  1162 I chatty  : uid=1000(system) android.display expire 7 lines
03-16 19:34:59.633  1114  1164 I chatty  : uid=1000(system) PowerManagerSer expire 15 lines
03-16 19:34:59.889  1114  1160 I chatty  : uid=1000(system) android.fg expire 4 lines
03-16 19:36:07.502  1114  1615 I chatty  : uid=1000(system) Binder:1114_5 expire 4 lines
03-16 19:36:38.126  1114  1227 I chatty  : uid=1000(system) AlarmManager expire 5 lines
03-16 19:44:44.009 11651 11740 E ActivityThread: Failed to find provider info for com.facebook.katana.provider.AttributionIdProvider
03-16 19:47:49.216  1114  8222 I chatty  : uid=1000(system) Binder:1114_1F expire 1 line
03-16 19:51:51.139  1114  1114 I chatty  : uid=1000 system_server expire 6 lines
03-16 19:52:08.785  1114 30074 I chatty  : uid=1000(system) Binder:1114_1B expire 1 line
03-16 19:52:09.000  1114  1139 I chatty  : uid=1000(system) android.ui expire 4 lines
03-16 19:52:09.450  1114  2477 I chatty  : uid=1000(system) Binder:1114_9 expire 6 lines
03-16 19:52:15.082  1114  1250 I chatty  : uid=1000(system) NetworkPolicy expire 117 lines
03-16 19:52:15.429  1114  2679 I chatty  : uid=1000(system) Binder:1114_D expire 1 line
03-16 19:52:21.471  1114  1219 I chatty  : uid=1000(system) android.anim expire 1 line
03-16 19:52:26.750  1114  1623 I chatty  : uid=1000(system) Binder:1114_8 expire 1 line
03-16 19:53:28.378  1114  1258 I chatty  : uid=1000(system) ConnectivitySer expire 2 lines
03-16 19:53:59.938  1114  1131 I chatty  : uid=1000(system) Binder:1114_1 expire 2 lines
03-16 19:54:12.359  1114 30073 I chatty  : uid=1000(system) Binder:1114_1A expire 1 line
03-16 19:55:01.618  1114 12174 I chatty  : uid=1000(system) Binder:1114_11 expire 2 lines
03-16 19:55:02.276  1114  4211 I chatty  : uid=1000(system) Binder:1114_F expire 1 line
03-16 19:56:34.219  1114  1137 I chatty  : uid=1000(system) android.bg expire 2 lines
03-16 19:56:34.454  1114  1250 I chatty  : uid=1000(system) NetworkPolicy expire 51 lines
03-16 19:58:24.258  2920  3693 E ActivityThread: Failed to find provider info for com.google.android.gms.common.phenotype
03-16 19:58:26.631  1114  1250 I chatty  : uid=1000(system) NetworkPolicy expire 15 lines
03-16 19:59:12.410  1114  7593 I chatty  : uid=1000(system) Binder:1114_1E expire 2 lines
03-16 19:59:12.412  1114  4211 I chatty  : uid=1000(system) Binder:1114_F expire 7 lines
03-16 19:59:12.473  1114  1114 I chatty  : uid=1000 system_server expire 4 lines
03-16 19:59:17.659 13263 13263 D ActivityThread: Loading provider com.google.android.gm.sapi: com.google.android.gm.sapi.SapiUiProvider
03-16 19:59:17.882  1114  1271 I chatty  : uid=1000(system) Binder:1114_3 expire 1 line
03-16 19:59:17.903  1114 12175 I chatty  : uid=1000(system) Binder:1114_12 expire 7 lines
03-16 19:59:20.268  1114  1132 I chatty  : uid=1000(system) Binder:1114_2 expire 1 line
03-16 19:59:21.267  1114  1250 I chatty  : uid=1000(system) NetworkPolicy expire 100 lines
03-16 19:59:21.689  1114 11544 I chatty  : uid=1000(system) Binder:1114_10 expire 3 lines
03-16 19:59:22.101 13539 13539 E SchedPolicy: set_timerslack_ns write failed: Operation not permitted
03-16 19:59:22.596  1114  1615 I chatty  : uid=1000(system) Binder:1114_5 expire 6 lines
03-16 19:59:22.661  1114  1622 I chatty  : uid=1000(system) Binder:1114_7 expire 10 lines
03-16 19:59:23.560  1114  1138 I chatty  : uid=1000(system) ActivityManager expire 4 lines
03-16 19:59:24.273  1114 29644 I chatty  : uid=1000(system) Binder:1114_19 expire 9 lines
03-16 19:59:25.241  1114  1142 I chatty  : uid=1000(system) batterystats-wo expire 1 line
03-16 19:59:25.759 13861 13875 W ContextImpl: Calling a method in the system process without a qualified user: android.app.ContextImpl.bindService:1556 android.content.ContextWrapper.bindService:684 com.google.android.gms.common.stats.zza.zza:17 com.google.android.gms.common.internal.zzah.zzcr:22 com.google.android.gms.common.internal.zzag.zza:55 
03-16 19:59:25.920 13861 13875 W ContextImpl: Calling a method in the system process without a qualified user: android.app.ContextImpl.bindService:1556 android.content.ContextWrapper.bindService:684 com.google.android.gms.common.stats.zza.zza:17 com.google.android.gms.common.internal.zzah.zzcr:22 com.google.android.gms.common.internal.zzag.zza:55 
03-16 19:59:32.456  1114  7592 I chatty  : uid=1000(system) Binder:1114_1D expire 3 lines
03-16 19:59:39.654  1114 12506 I chatty  : uid=1000(system) Binder:1114_13 expire 2 lines
03-16 19:59:41.302  1114  1618 I chatty  : uid=1000(system) Binder:1114_6 expire 5 lines
03-16 19:59:41.495  1114  2668 I chatty  : uid=1000(system) Binder:1114_A expire 2 lines
03-16 19:59:47.325  1114 30814 I chatty  : uid=1000(system) Binder:1114_1C expire 1 line
03-16 20:00:00.032  1114  1264 I chatty  : uid=1000(system) onProviders.ECP expire 1 line
03-16 20:00:02.423  1114  1227 I chatty  : uid=1000(system) AlarmManager expire 4 lines
03-16 20:00:02.456  1114  2477 I chatty  : uid=1000(system) Binder:1114_9 expire 1 line
03-16 20:00:04.699  1114  1258 I chatty  : uid=1000(system) ConnectivitySer expire 1 line
03-16 20:00:05.001  1114 12174 I chatty  : uid=1000(system) Binder:1114_11 expire 3 lines
03-16 20:00:05.077  1114  1623 I chatty  : uid=1000(system) Binder:1114_8 expire 2 lines
03-16 20:00:05.091  1114  5450 I chatty  : uid=1000(system) Binder:1114_20 expire 7 lines
03-16 20:02:39.645  1114  1250 I chatty  : uid=1000(system) NetworkPolicy expire 146 lines
03-16 20:04:03.754  1114  7592 I chatty  : uid=1000(system) Binder:1114_1D expire 1 line
03-16 20:04:03.768  1114  4211 I chatty  : uid=1000(system) Binder:1114_F expire 1 line
03-16 20:04:03.846  1114  1114 I chatty  : uid=1000 system_server expire 4 lines
03-16 20:04:32.697  1114  1138 I chatty  : uid=1000(system) ActivityManager expire 1 line
03-16 20:06:06.846  1114  1227 I chatty  : uid=1000(system) AlarmManager expire 2 lines
03-16 20:08:07.660  2920  3693 E ActivityThread: Failed to find provider info for com.google.android.gms.common.phenotype
03-16 20:08:15.585  1114  1250 I chatty  : uid=1000(system) NetworkPolicy expire 72 lines
03-16 20:11:12.087  6733  6744 I AlwaysOnHotwordDetector: onDetected
03-16 20:11:14.396  1114 22954 I chatty  : uid=1000(system) Binder:1114_16 expire 1 line
03-16 20:11:18.475 15839 15919 E ActivityThread: Failed to find provider info for com.facebook.katana.provider.AttributionIdProvider
03-16 20:11:20.714  1114  1250 I chatty  : uid=1000(system) NetworkPolicy expire 16 lines
03-16 20:11:23.993  1114  1623 I chatty  : uid=1000(system) Binder:1114_8 expire 1 line
03-16 20:11:27.930  1114 12174 I chatty  : uid=1000(system) Binder:1114_11 expire 1 line
03-16 20:11:55.866  1114  1250 I chatty  : uid=1000(system) NetworkPolicy expire 170 lines
03-16 20:12:17.504  1114  2477 I chatty  : uid=1000(system) Binder:1114_9 expire 5 lines
03-16 20:12:17.505  1114  2679 I chatty  : uid=1000(system) Binder:1114_D expire 1 line
03-16 20:12:17.523  1114  1114 I chatty  : uid=1000 system_server expire 6 lines
03-16 20:13:00.006  1114  1138 I chatty  : uid=1000(system) ActivityManager expire 4 lines
03-16 20:15:27.960  1114  2668 I chatty  : uid=1000(system) Binder:1114_A expire 4 lines
03-16 20:17:17.852  1114  1227 I chatty  : uid=1000(system) AlarmManager expire 2 lines
03-16 20:19:23.209  1114  1137 I chatty  : uid=1000(system) android.bg expire 1 line
03-16 20:20:02.291  6733  6744 I AlwaysOnHotwordDetector: onDetected
03-16 20:20:03.721  1114  1250 I chatty  : uid=1000(system) NetworkPolicy expire 33 lines
03-16 20:20:04.487  1114 22954 I chatty  : uid=1000(system) Binder:1114_16 expire 2 lines
03-16 20:21:10.903  1114  5450 I chatty  : uid=1000(system) Binder:1114_20 expire 1 line
03-16 20:21:34.975  6733  6744 I AlwaysOnHotwordDetector: onDetected
03-16 20:21:37.391  1114  1250 I chatty  : uid=1000(system) NetworkPolicy expire 75 lines
03-16 20:21:58.846  1114  5450 I chatty  : uid=1000(system) Binder:1114_20 expire 1 line
03-16 20:21:58.847  1114  1618 I chatty  : uid=1000(system) Binder:1114_6 expire 1 line
03-16 20:21:58.873  1114  1114 I chatty  : uid=1000 system_server expire 7 lines
03-16 20:24:40.048  6733 32497 I AlwaysOnHotwordDetector: onDetected
03-16 20:24:42.275  1114  4211 I chatty  : uid=1000(system) Binder:1114_F expire 2 lines
03-16 20:24:44.646  1114  1250 I chatty  : uid=1000(system) NetworkPolicy expire 24 lines
03-16 20:24:54.632  1114  2477 I chatty  : uid=1000(system) Binder:1114_9 expire 1 line
03-16 20:25:27.922  1114  1623 I chatty  : uid=1000(system) Binder:1114_8 expire 1 line
03-16 20:25:27.923  1114 12174 I chatty  : uid=1000(system) Binder:1114_11 expire 1 line
03-16 20:25:39.259  1114  1138 I chatty  : uid=1000(system) ActivityManager expire 3 lines
03-16 20:25:39.285  1331  1331 I PowerUI.Notification: show low battery warning: level=15 [-1] playSound=true
03-16 20:25:42.633  1114  1250 I chatty  : uid=1000(system) NetworkPolicy expire 111 lines
03-16 20:26:11.721  1114  1227 I chatty  : uid=1000(system) AlarmManager expire 1 line
03-16 20:29:34.256  1114 22954 I chatty  : uid=1000(system) Binder:1114_16 expire 2 lines
03-16 20:29:34.292  1114  2679 I chatty  : uid=1000(system) Binder:1114_D expire 6 lines
03-16 20:30:30.229  1114  1227 I chatty  : uid=1000(system) AlarmManager expire 5 lines
03-16 20:30:30.258  1114  2477 I chatty  : uid=1000(system) Binder:1114_9 expire 6 lines
03-16 20:30:30.510  1114  1138 I chatty  : uid=1000(system) ActivityManager expire 13 lines
03-16 20:30:30.515  1114  1258 I chatty  : uid=1000(system) ConnectivitySer expire 9 lines
03-16 20:30:30.697  1114  1131 I chatty  : uid=1000(system) Binder:1114_1 expire 4 lines
03-16 20:30:30.833  1114  1618 I chatty  : uid=1000(system) Binder:1114_6 expire 13 lines
03-16 20:30:30.929  1114  8222 I chatty  : uid=1000(system) Binder:1114_1F expire 5 lines
03-16 20:30:30.936  1114  5450 I chatty  : uid=1000(system) Binder:1114_20 expire 4 lines
03-16 20:30:34.706  1114  1250 I chatty  : uid=1000(system) NetworkPolicy expire 96 lines
03-16 20:30:40.586  1114  1114 I chatty  : uid=1000 system_server expire 10 lines
03-16 20:33:58.835  1114 13267 I chatty  : uid=1000(system) Binder:1114_14 expire 9 lines
03-16 20:34:15.472  1114  1137 I chatty  : uid=1000(system) android.bg expire 8 lines
03-16 20:34:26.283  1114  1142 I chatty  : uid=1000(system) batterystats-wo expire 1 line
03-16 20:47:07.951  1331  1331 I PowerUI.Notification: dismissing low battery notification
03-16 20:47:08.114  9318 21901 E ActivityThread: Failed to find provider info for com.dianxinos.dxbs.DuCandyCooProvider
03-16 20:47:08.140  9318 21901 E ActivityThread: Failed to find provider info for com.dianxinos.optimizer.duplay.DuCandyCooProvider
03-16 20:47:08.171  9318 21901 E ActivityThread: Failed to find provider info for com.estrongs.android.pop.DuCandyCooProvider
03-16 20:47:08.185  1114  1622 I chatty  : uid=1000(system) Binder:1114_7 expire 1 line
03-16 20:47:08.760  1114  2668 I chatty  : uid=1000(system) Binder:1114_A expire 6 lines
03-16 20:47:09.000  1114 30073 I chatty  : uid=1000(system) Binder:1114_1A expire 1 line
03-16 20:47:09.497  1114  7593 I chatty  : uid=1000(system) Binder:1114_1E expire 16 lines
03-16 20:47:09.893 22020 22020 E SchedPolicy: set_timerslack_ns write failed: Operation not permitted
03-16 20:47:10.165  1114  5563 I chatty  : uid=1000(system) HwBinder:1114_4 expire 1 line
03-16 20:47:10.165  1114  1160 I chatty  : uid=1000(system) android.fg expire 1 line
03-16 20:48:09.668  1114 22954 I chatty  : uid=1000(system) Binder:1114_16 expire 4 lines
03-16 20:48:11.900  1114  4211 I chatty  : uid=1000(system) Binder:1114_F expire 1 line
03-16 20:48:16.976  1114 22954 I chatty  : uid=1000(system) Binder:1114_16 expire 3 lines
03-16 20:48:33.227  1114  1618 I chatty  : uid=1000(system) Binder:1114_6 expire 4 lines
03-16 20:49:01.026  2920  3693 E ActivityThread: Failed to find provider info for com.google.android.gms.common.phenotype
03-16 20:50:10.057  1114  8222 I chatty  : uid=1000(system) Binder:1114_1F expire 1 line
03-16 20:50:10.190  1114  1114 I chatty  : uid=1000 system_server expire 11 lines
03-16 20:50:40.036  1114  7593 I chatty  : uid=1000(system) Binder:1114_1E expire 2 lines
03-16 20:52:09.445  1114  1227 I chatty  : uid=1000(system) AlarmManager expire 3 lines
03-16 20:52:18.100  1114  1138 I chatty  : uid=1000(system) ActivityManager expire 4 lines
03-16 20:52:18.113  1331  1331 I PowerUI.Notification: show low battery warning: level=15 [-1] playSound=true
03-16 20:52:18.114  1114  5563 I chatty  : uid=1000(system) HwBinder:1114_4 expire 1 line
03-16 20:52:18.115  1114  1160 I chatty  : uid=1000(system) android.fg expire 1 line
03-16 20:52:27.366  1114  1139 I chatty  : uid=1000(system) android.ui expire 17 lines
03-16 20:52:27.592  1114  1219 I chatty  : uid=1000(system) android.anim expire 8 lines
03-16 20:52:33.202  1114  2668 I chatty  : uid=1000(system) Binder:1114_A expire 1 line
03-16 20:53:00.544  1114  7592 I chatty  : uid=1000(system) Binder:1114_1D expire 2 lines
03-16 20:54:03.969  1114  1137 I chatty  : uid=1000(system) android.bg expire 8 lines
03-16 20:54:03.974  1114  1258 I chatty  : uid=1000(system) ConnectivitySer expire 6 lines
03-16 20:54:20.403  1114  1250 I chatty  : uid=1000(system) NetworkPolicy expire 45 lines
03-16 20:54:30.358  1114  1623 I chatty  : uid=1000(system) Binder:1114_8 expire 2 lines
03-16 20:54:30.358  1114 12506 I chatty  : uid=1000(system) Binder:1114_13 expire 1 line
03-16 20:55:09.669  1114 12174 I chatty  : uid=1000(system) Binder:1114_11 expire 3 lines
03-16 20:55:09.670  1114  3104 I chatty  : uid=1000(system) Binder:1114_E expire 1 line
03-16 20:57:24.927 24183 24183 D ActivityThread: Loading provider com.google.android.gm.sapi: com.google.android.gm.sapi.SapiUiProvider
03-16 20:57:25.053  1114  1271 I chatty  : uid=1000(system) Binder:1114_3 expire 2 lines
03-16 20:57:25.152  1114  2679 I chatty  : uid=1000(system) Binder:1114_D expire 3 lines
03-16 20:57:29.900  1114  1250 I chatty  : uid=1000(system) NetworkPolicy expire 78 lines
03-16 20:57:49.859  1114 30073 I chatty  : uid=1000(system) Binder:1114_1A expire 4 lines
03-16 21:00:09.658  1114 22956 I chatty  : uid=1000(system) Binder:1114_18 expire 3 lines
03-16 21:04:22.041  1114  1235 I chatty  : uid=1000(system) InputReader expire 2 lines
03-16 21:04:22.189  1114  1219 I chatty  : uid=1000(system) android.anim expire 1 line
03-16 21:04:22.491  1114  1164 I chatty  : uid=1000(system) PowerManagerSer expire 10 lines
03-16 21:04:22.536  1114  1162 I chatty  : uid=1000(system) android.display expire 9 lines
03-16 21:04:22.743  1114  1160 I chatty  : uid=1000(system) android.fg expire 7 lines
03-16 21:04:22.815  1114  2679 I chatty  : uid=1000(system) Binder:1114_D expire 5 lines
03-16 21:05:01.242  1114  1138 I chatty  : uid=1000(system) ActivityManager expire 20 lines
03-16 21:07:31.292  1114  1227 I chatty  : uid=1000(system) AlarmManager expire 6 lines
03-16 21:07:50.590  2920  3693 E ActivityThread: Failed to find provider info for com.google.android.gms.common.phenotype
03-16 21:08:58.868  1114  1114 I chatty  : uid=1000 system_server expire 15 lines
03-16 21:08:58.888  1331  1331 I PowerUI.Notification: dismissing low battery notification
03-16 21:08:59.025  1114  1131 I chatty  : uid=1000(system) Binder:1114_1 expire 1 line
03-16 21:08:59.027  9318 25454 E ActivityThread: Failed to find provider info for com.dianxinos.dxbs.DuCandyCooProvider
03-16 21:08:59.027  9318 25454 E ActivityThread: Failed to find provider info for com.dianxinos.optimizer.duplay.DuCandyCooProvider
03-16 21:08:59.042  9318 25454 E ActivityThread: Failed to find provider info for com.estrongs.android.pop.DuCandyCooProvider
03-16 21:09:01.108  1114  1233 I chatty  : uid=1000(system) HwBinder:1114_2 expire 1 line
03-16 21:09:17.966  1114  2668 I chatty  : uid=1000(system) Binder:1114_A expire 4 lines
03-16 21:09:44.160  1114 12174 I chatty  : uid=1000(system) Binder:1114_11 expire 2 lines
03-16 21:09:44.161  1114  1164 I chatty  : uid=1000(system) PowerManagerSer expire 13 lines
03-16 21:09:52.974  1114  2677 I chatty  : uid=1000(system) Binder:1114_C expire 4 lines
03-16 21:09:54.160  1114 30073 I chatty  : uid=1000(system) Binder:1114_1A expire 4 lines
03-16 21:10:14.019  1114  5450 I chatty  : uid=1000(system) Binder:1114_20 expire 3 lines
03-16 21:11:01.259  1114  1615 I chatty  : uid=1000(system) Binder:1114_5 expire 2 lines
03-16 21:13:29.533  1114  1137 I chatty  : uid=1000(system) android.bg expire 8 lines
03-16 21:13:29.540  1114  1258 I chatty  : uid=1000(system) ConnectivitySer expire 21 lines
03-16 21:20:58.893  1114 30074 I chatty  : uid=1000(system) Binder:1114_1B expire 4 lines
03-16 21:23:04.135  1114  1250 I chatty  : uid=1000(system) NetworkPolicy expire 12 lines
03-16 21:23:14.658  1114  1142 I chatty  : uid=1000(system) batterystats-wo expire 1 line
03-16 21:28:04.024  2920  3693 E ActivityThread: Failed to find provider info for com.google.android.gms.common.phenotype
03-16 21:29:00.121  1114  4211 I chatty  : uid=1000(system) Binder:1114_F expire 3 lines
03-16 21:31:28.070  1114  1114 I chatty  : uid=1000 system_server expire 7 lines
03-16 21:32:00.698  1114  2557 I chatty  : uid=1000(system) backup expire 1 line
03-16 21:32:51.308  1114  1167 I chatty  : uid=1000(system) PackageManager expire 10 lines
03-16 21:32:56.017  1114  1363 I chatty  : uid=1000(system) Binder:1114_4 expire 18 lines
03-16 21:32:58.308  1114  1618 I chatty  : uid=1000(system) Binder:1114_6 expire 2 lines
03-16 21:32:59.713  1114 11544 I chatty  : uid=1000(system) Binder:1114_10 expire 8 lines
03-16 21:33:02.596  1114  8222 I chatty  : uid=1000(system) Binder:1114_1F expire 6 lines
03-16 21:33:03.061  1114 22956 I chatty  : uid=1000(system) Binder:1114_18 expire 5 lines
03-16 21:33:05.768  1114 22954 I chatty  : uid=1000(system) Binder:1114_16 expire 5 lines
03-16 21:33:30.847  1114  1137 I chatty  : uid=1000(system) android.bg expire 8 lines
03-16 21:33:30.853  1114  1258 I chatty  : uid=1000(system) ConnectivitySer expire 11 lines
03-16 21:34:00.669  1114  1138 I chatty  : uid=1000(system) ActivityManager expire 14 lines
03-16 21:34:00.681  1114  1167 I chatty  : uid=1000(system) PackageManager expire 15 lines
03-16 21:34:01.322  1114  1363 I chatty  : uid=1000(system) Binder:1114_4 expire 6 lines
03-16 21:34:01.335  1114  1114 I chatty  : uid=1000 system_server expire 17 lines
03-16 21:34:01.362  1114 30074 I chatty  : uid=1000(system) Binder:1114_1B expire 6 lines
03-16 21:34:01.431  1114  2679 I chatty  : uid=1000(system) Binder:1114_D expire 3 lines
03-16 21:34:01.547  1114 12506 I chatty  : uid=1000(system) Binder:1114_13 expire 2 lines
03-16 21:34:01.590  1114  8222 I chatty  : uid=1000(system) Binder:1114_1F expire 5 lines
03-16 21:34:02.765  1114  2477 I chatty  : uid=1000(system) Binder:1114_9 expire 7 lines
03-16 21:34:03.112  1114  1250 I chatty  : uid=1000(system) NetworkPolicy expire 12 lines
03-16 21:34:04.726  1114  5450 I chatty  : uid=1000(system) Binder:1114_20 expire 7 lines
03-16 21:34:04.777  1114  1271 I chatty  : uid=1000(system) Binder:1114_3 expire 11 lines
03-16 21:34:09.272  1114  4211 I chatty  : uid=1000(system) Binder:1114_F expire 2 lines
03-16 21:34:09.833 28416 28416 E SchedPolicy: set_timerslack_ns write failed: Operation not permitted
