03-10 15:29:47.471 21376 21376 E AndroidRuntime: 	at org.apache.cordova.CordovaWebViewImpl.init(CordovaWebViewImpl.java:117)
03-10 15:29:47.471 21376 21376 E AndroidRuntime: 	at org.apache.cordova.CordovaActivity.init(CordovaActivity.java:149)
03-10 15:29:47.471 21376 21376 E AndroidRuntime: 	at org.apache.cordova.CordovaActivity.loadUrl(CordovaActivity.java:224)
03-10 15:29:47.471 21376 21376 E AndroidRuntime: 	at com.rmiller.MainActivity.onCreate(MainActivity.java:39)
03-10 15:29:47.471 21376 21376 E AndroidRuntime: 	at android.app.Activity.performCreate(Activity.java:6999)
03-10 15:29:47.471 21376 21376 E AndroidRuntime: 	at android.app.Activity.performCreate(Activity.java:6990)
03-10 15:29:47.471 21376 21376 E AndroidRuntime: 	at android.app.Instrumentation.callActivityOnCreate(Instrumentation.java:1214)
03-10 15:29:47.471 21376 21376 E AndroidRuntime: 	at android.app.ActivityThread.performLaunchActivity(ActivityThread.java:2731)
03-10 15:29:47.471 21376 21376 E AndroidRuntime: 	... 9 more
03-10 15:30:05.348 21457 21457 E AndroidRuntime: FATAL EXCEPTION: main
03-10 15:30:05.348 21457 21457 E AndroidRuntime: Process: com.rmiller, PID: 21457
03-10 15:30:05.348 21457 21457 E AndroidRuntime: java.lang.RuntimeException: Unable to start activity ComponentInfo{com.rmiller/com.rmiller.MainActivity}: java.lang.NullPointerException: Attempt to invoke virtual method 'void org.apache.cordova.CordovaPlugin.privateInitialize(java.lang.String, org.apache.cordova.CordovaInterface, org.apache.cordova.CordovaWebView, org.apache.cordova.CordovaPreferences)' on a null object reference
03-10 15:30:05.348 21457 21457 E AndroidRuntime: 	at android.app.ActivityThread.performLaunchActivity(ActivityThread.java:2778)
03-10 15:30:05.348 21457 21457 E AndroidRuntime: 	at android.app.ActivityThread.handleLaunchActivity(ActivityThread.java:2856)
03-10 15:30:05.348 21457 21457 E AndroidRuntime: 	at android.app.ActivityThread.-wrap11(Unknown Source:0)
03-10 15:30:05.348 21457 21457 E AndroidRuntime: 	at android.app.ActivityThread$H.handleMessage(ActivityThread.java:1589)
03-10 15:30:05.348 21457 21457 E AndroidRuntime: 	at android.os.Handler.dispatchMessage(Handler.java:106)
03-10 15:30:05.348 21457 21457 E AndroidRuntime: 	at android.os.Looper.loop(Looper.java:164)
03-10 15:30:05.348 21457 21457 E AndroidRuntime: 	at android.app.ActivityThread.main(ActivityThread.java:6494)
03-10 15:30:05.348 21457 21457 E AndroidRuntime: 	at java.lang.reflect.Method.invoke(Native Method)
03-10 15:30:05.348 21457 21457 E AndroidRuntime: 	at com.android.internal.os.RuntimeInit$MethodAndArgsCaller.run(RuntimeInit.java:438)
03-10 15:30:05.348 21457 21457 E AndroidRuntime: 	at com.android.internal.os.ZygoteInit.main(ZygoteInit.java:807)
03-10 15:30:05.348 21457 21457 E AndroidRuntime: Caused by: java.lang.NullPointerException: Attempt to invoke virtual method 'void org.apache.cordova.CordovaPlugin.privateInitialize(java.lang.String, org.apache.cordova.CordovaInterface, org.apache.cordova.CordovaWebView, org.apache.cordova.CordovaPreferences)' on a null object reference
03-10 15:30:05.348 21457 21457 E AndroidRuntime: 	at org.apache.cordova.PluginManager.getPlugin(PluginManager.java:171)
03-10 15:30:05.348 21457 21457 E AndroidRuntime: 	at org.apache.cordova.PluginManager.startupPlugins(PluginManager.java:97)
03-10 15:30:05.348 21457 21457 E AndroidRuntime: 	at org.apache.cordova.PluginManager.init(PluginManager.java:86)
03-10 15:30:05.348 21457 21457 E AndroidRuntime: 	at org.apache.cordova.CordovaWebViewImpl.init(CordovaWebViewImpl.java:117)
03-10 15:30:05.348 21457 21457 E AndroidRuntime: 	at org.apache.cordova.CordovaActivity.init(CordovaActivity.java:149)
03-10 15:30:05.348 21457 21457 E AndroidRuntime: 	at org.apache.cordova.CordovaActivity.loadUrl(CordovaActivity.java:224)
03-10 15:30:05.348 21457 21457 E AndroidRuntime: 	at com.rmiller.MainActivity.onCreate(MainActivity.java:39)
03-10 15:30:05.348 21457 21457 E AndroidRuntime: 	at android.app.Activity.performCreate(Activity.java:6999)
03-10 15:30:05.348 21457 21457 E AndroidRuntime: 	at android.app.Activity.performCreate(Activity.java:6990)
03-10 15:30:05.348 21457 21457 E AndroidRuntime: 	at android.app.Instrumentation.callActivityOnCreate(Instrumentation.java:1214)
03-10 15:30:05.348 21457 21457 E AndroidRuntime: 	at android.app.ActivityThread.performLaunchActivity(ActivityThread.java:2731)
03-10 15:30:05.348 21457 21457 E AndroidRuntime: 	... 9 more
03-10 15:30:06.939 21520 21520 E AndroidRuntime: FATAL EXCEPTION: main
03-10 15:30:06.939 21520 21520 E AndroidRuntime: Process: com.rmiller, PID: 21520
03-10 15:30:06.939 21520 21520 E AndroidRuntime: java.lang.RuntimeException: Unable to start activity ComponentInfo{com.rmiller/com.rmiller.MainActivity}: java.lang.NullPointerException: Attempt to invoke virtual method 'void org.apache.cordova.CordovaPlugin.privateInitialize(java.lang.String, org.apache.cordova.CordovaInterface, org.apache.cordova.CordovaWebView, org.apache.cordova.CordovaPreferences)' on a null object reference
03-10 15:30:06.939 21520 21520 E AndroidRuntime: 	at android.app.ActivityThread.performLaunchActivity(ActivityThread.java:2778)
03-10 15:30:06.939 21520 21520 E AndroidRuntime: 	at android.app.ActivityThread.handleLaunchActivity(ActivityThread.java:2856)
03-10 15:30:06.939 21520 21520 E AndroidRuntime: 	at android.app.ActivityThread.-wrap11(Unknown Source:0)
03-10 15:30:06.939 21520 21520 E AndroidRuntime: 	at android.app.ActivityThread$H.handleMessage(ActivityThread.java:1589)
03-10 15:30:06.939 21520 21520 E AndroidRuntime: 	at android.os.Handler.dispatchMessage(Handler.java:106)
03-10 15:30:06.939 21520 21520 E AndroidRuntime: 	at android.os.Looper.loop(Looper.java:164)
03-10 15:30:06.939 21520 21520 E AndroidRuntime: 	at android.app.ActivityThread.main(ActivityThread.java:6494)
03-10 15:30:06.939 21520 21520 E AndroidRuntime: 	at java.lang.reflect.Method.invoke(Native Method)
03-10 15:30:06.939 21520 21520 E AndroidRuntime: 	at com.android.internal.os.RuntimeInit$MethodAndArgsCaller.run(RuntimeInit.java:438)
03-10 15:30:06.939 21520 21520 E AndroidRuntime: 	at com.android.internal.os.ZygoteInit.main(ZygoteInit.java:807)
03-10 15:30:06.939 21520 21520 E AndroidRuntime: Caused by: java.lang.NullPointerException: Attempt to invoke virtual method 'void org.apache.cordova.CordovaPlugin.privateInitialize(java.lang.String, org.apache.cordova.CordovaInterface, org.apache.cordova.CordovaWebView, org.apache.cordova.CordovaPreferences)' on a null object reference
03-10 15:30:06.939 21520 21520 E AndroidRuntime: 	at org.apache.cordova.PluginManager.getPlugin(PluginManager.java:171)
03-10 15:30:06.939 21520 21520 E AndroidRuntime: 	at org.apache.cordova.PluginManager.startupPlugins(PluginManager.java:97)
03-10 15:30:06.939 21520 21520 E AndroidRuntime: 	at org.apache.cordova.PluginManager.init(PluginManager.java:86)
03-10 15:30:06.939 21520 21520 E AndroidRuntime: 	at org.apache.cordova.CordovaWebViewImpl.init(CordovaWebViewImpl.java:117)
03-10 15:30:06.939 21520 21520 E AndroidRuntime: 	at org.apache.cordova.CordovaActivity.init(CordovaActivity.java:149)
03-10 15:30:06.939 21520 21520 E AndroidRuntime: 	at org.apache.cordova.CordovaActivity.loadUrl(CordovaActivity.java:224)
03-10 15:30:06.939 21520 21520 E AndroidRuntime: 	at com.rmiller.MainActivity.onCreate(MainActivity.java:39)
03-10 15:30:06.939 21520 21520 E AndroidRuntime: 	at android.app.Activity.performCreate(Activity.java:6999)
03-10 15:30:06.939 21520 21520 E AndroidRuntime: 	at android.app.Activity.performCreate(Activity.java:6990)
03-10 15:30:06.939 21520 21520 E AndroidRuntime: 	at android.app.Instrumentation.callActivityOnCreate(Instrumentation.java:1214)
03-10 15:30:06.939 21520 21520 E AndroidRuntime: 	at android.app.ActivityThread.performLaunchActivity(ActivityThread.java:2731)
03-10 15:30:06.939 21520 21520 E AndroidRuntime: 	... 9 more
03-10 15:30:08.066 21582 21582 E AndroidRuntime: FATAL EXCEPTION: main
03-10 15:30:08.066 21582 21582 E AndroidRuntime: Process: com.rmiller, PID: 21582
03-10 15:30:08.066 21582 21582 E AndroidRuntime: java.lang.RuntimeException: Unable to start activity ComponentInfo{com.rmiller/com.rmiller.MainActivity}: java.lang.NullPointerException: Attempt to invoke virtual method 'void org.apache.cordova.CordovaPlugin.privateInitialize(java.lang.String, org.apache.cordova.CordovaInterface, org.apache.cordova.CordovaWebView, org.apache.cordova.CordovaPreferences)' on a null object reference
03-10 15:30:08.066 21582 21582 E AndroidRuntime: 	at android.app.ActivityThread.performLaunchActivity(ActivityThread.java:2778)
03-10 15:30:08.066 21582 21582 E AndroidRuntime: 	at android.app.ActivityThread.handleLaunchActivity(ActivityThread.java:2856)
03-10 15:30:08.066 21582 21582 E AndroidRuntime: 	at android.app.ActivityThread.-wrap11(Unknown Source:0)
03-10 15:30:08.066 21582 21582 E AndroidRuntime: 	at android.app.ActivityThread$H.handleMessage(ActivityThread.java:1589)
03-10 15:30:08.066 21582 21582 E AndroidRuntime: 	at android.os.Handler.dispatchMessage(Handler.java:106)
03-10 15:30:08.066 21582 21582 E AndroidRuntime: 	at android.os.Looper.loop(Looper.java:164)
03-10 15:30:08.066 21582 21582 E AndroidRuntime: 	at android.app.ActivityThread.main(ActivityThread.java:6494)
03-10 15:30:08.066 21582 21582 E AndroidRuntime: 	at java.lang.reflect.Method.invoke(Native Method)
03-10 15:30:08.066 21582 21582 E AndroidRuntime: 	at com.android.internal.os.RuntimeInit$MethodAndArgsCaller.run(RuntimeInit.java:438)
03-10 15:30:08.066 21582 21582 E AndroidRuntime: 	at com.android.internal.os.ZygoteInit.main(ZygoteInit.java:807)
03-10 15:30:08.066 21582 21582 E AndroidRuntime: Caused by: java.lang.NullPointerException: Attempt to invoke virtual method 'void org.apache.cordova.CordovaPlugin.privateInitialize(java.lang.String, org.apache.cordova.CordovaInterface, org.apache.cordova.CordovaWebView, org.apache.cordova.CordovaPreferences)' on a null object reference
03-10 15:30:08.066 21582 21582 E AndroidRuntime: 	at org.apache.cordova.PluginManager.getPlugin(PluginManager.java:171)
03-10 15:30:08.066 21582 21582 E AndroidRuntime: 	at org.apache.cordova.PluginManager.startupPlugins(PluginManager.java:97)
03-10 15:30:08.066 21582 21582 E AndroidRuntime: 	at org.apache.cordova.PluginManager.init(PluginManager.java:86)
03-10 15:30:08.066 21582 21582 E AndroidRuntime: 	at org.apache.cordova.CordovaWebViewImpl.init(CordovaWebViewImpl.java:117)
03-10 15:30:08.066 21582 21582 E AndroidRuntime: 	at org.apache.cordova.CordovaActivity.init(CordovaActivity.java:149)
03-10 15:30:08.066 21582 21582 E AndroidRuntime: 	at org.apache.cordova.CordovaActivity.loadUrl(CordovaActivity.java:224)
03-10 15:30:08.066 21582 21582 E AndroidRuntime: 	at com.rmiller.MainActivity.onCreate(MainActivity.java:39)
03-10 15:30:08.066 21582 21582 E AndroidRuntime: 	at android.app.Activity.performCreate(Activity.java:6999)
03-10 15:30:08.066 21582 21582 E AndroidRuntime: 	at android.app.Activity.performCreate(Activity.java:6990)
03-10 15:30:08.066 21582 21582 E AndroidRuntime: 	at android.app.Instrumentation.callActivityOnCreate(Instrumentation.java:1214)
03-10 15:30:08.066 21582 21582 E AndroidRuntime: 	at android.app.ActivityThread.performLaunchActivity(ActivityThread.java:2731)
03-10 15:30:08.066 21582 21582 E AndroidRuntime: 	... 9 more
03-10 15:30:39.249 21664 21664 E AndroidRuntime: FATAL EXCEPTION: main
03-10 15:30:39.249 21664 21664 E AndroidRuntime: Process: com.rmiller, PID: 21664
03-10 15:30:39.249 21664 21664 E AndroidRuntime: java.lang.RuntimeException: Unable to start activity ComponentInfo{com.rmiller/com.rmiller.MainActivity}: java.lang.NullPointerException: Attempt to invoke virtual method 'void org.apache.cordova.CordovaPlugin.privateInitialize(java.lang.String, org.apache.cordova.CordovaInterface, org.apache.cordova.CordovaWebView, org.apache.cordova.CordovaPreferences)' on a null object reference
03-10 15:30:39.249 21664 21664 E AndroidRuntime: 	at android.app.ActivityThread.performLaunchActivity(ActivityThread.java:2778)
03-10 15:30:39.249 21664 21664 E AndroidRuntime: 	at android.app.ActivityThread.handleLaunchActivity(ActivityThread.java:2856)
03-10 15:30:39.249 21664 21664 E AndroidRuntime: 	at android.app.ActivityThread.-wrap11(Unknown Source:0)
03-10 15:30:39.249 21664 21664 E AndroidRuntime: 	at android.app.ActivityThread$H.handleMessage(ActivityThread.java:1589)
03-10 15:30:39.249 21664 21664 E AndroidRuntime: 	at android.os.Handler.dispatchMessage(Handler.java:106)
03-10 15:30:39.249 21664 21664 E AndroidRuntime: 	at android.os.Looper.loop(Looper.java:164)
03-10 15:30:39.249 21664 21664 E AndroidRuntime: 	at android.app.ActivityThread.main(ActivityThread.java:6494)
03-10 15:30:39.249 21664 21664 E AndroidRuntime: 	at java.lang.reflect.Method.invoke(Native Method)
03-10 15:30:39.249 21664 21664 E AndroidRuntime: 	at com.android.internal.os.RuntimeInit$MethodAndArgsCaller.run(RuntimeInit.java:438)
03-10 15:30:39.249 21664 21664 E AndroidRuntime: 	at com.android.internal.os.ZygoteInit.main(ZygoteInit.java:807)
03-10 15:30:39.249 21664 21664 E AndroidRuntime: Caused by: java.lang.NullPointerException: Attempt to invoke virtual method 'void org.apache.cordova.CordovaPlugin.privateInitialize(java.lang.String, org.apache.cordova.CordovaInterface, org.apache.cordova.CordovaWebView, org.apache.cordova.CordovaPreferences)' on a null object reference
03-10 15:30:39.249 21664 21664 E AndroidRuntime: 	at org.apache.cordova.PluginManager.getPlugin(PluginManager.java:171)
03-10 15:30:39.249 21664 21664 E AndroidRuntime: 	at org.apache.cordova.PluginManager.startupPlugins(PluginManager.java:97)
03-10 15:30:39.249 21664 21664 E AndroidRuntime: 	at org.apache.cordova.PluginManager.init(PluginManager.java:86)
03-10 15:30:39.249 21664 21664 E AndroidRuntime: 	at org.apache.cordova.CordovaWebViewImpl.init(CordovaWebViewImpl.java:117)
03-10 15:30:39.249 21664 21664 E AndroidRuntime: 	at org.apache.cordova.CordovaActivity.init(CordovaActivity.java:149)
03-10 15:30:39.249 21664 21664 E AndroidRuntime: 	at org.apache.cordova.CordovaActivity.loadUrl(CordovaActivity.java:224)
03-10 15:30:39.249 21664 21664 E AndroidRuntime: 	at com.rmiller.MainActivity.onCreate(MainActivity.java:39)
03-10 15:30:39.249 21664 21664 E AndroidRuntime: 	at android.app.Activity.performCreate(Activity.java:6999)
03-10 15:30:39.249 21664 21664 E AndroidRuntime: 	at android.app.Activity.performCreate(Activity.java:6990)
03-10 15:30:39.249 21664 21664 E AndroidRuntime: 	at android.app.Instrumentation.callActivityOnCreate(Instrumentation.java:1214)
03-10 15:30:39.249 21664 21664 E AndroidRuntime: 	at android.app.ActivityThread.performLaunchActivity(ActivityThread.java:2731)
03-10 15:30:39.249 21664 21664 E AndroidRuntime: 	... 9 more
03-10 15:30:40.462 21733 21733 E AndroidRuntime: FATAL EXCEPTION: main
03-10 15:30:40.462 21733 21733 E AndroidRuntime: Process: com.rmiller, PID: 21733
03-10 15:30:40.462 21733 21733 E AndroidRuntime: java.lang.RuntimeException: Unable to start activity ComponentInfo{com.rmiller/com.rmiller.MainActivity}: java.lang.NullPointerException: Attempt to invoke virtual method 'void org.apache.cordova.CordovaPlugin.privateInitialize(java.lang.String, org.apache.cordova.CordovaInterface, org.apache.cordova.CordovaWebView, org.apache.cordova.CordovaPreferences)' on a null object reference
03-10 15:30:40.462 21733 21733 E AndroidRuntime: 	at android.app.ActivityThread.performLaunchActivity(ActivityThread.java:2778)
03-10 15:30:40.462 21733 21733 E AndroidRuntime: 	at android.app.ActivityThread.handleLaunchActivity(ActivityThread.java:2856)
03-10 15:30:40.462 21733 21733 E AndroidRuntime: 	at android.app.ActivityThread.-wrap11(Unknown Source:0)
03-10 15:30:40.462 21733 21733 E AndroidRuntime: 	at android.app.ActivityThread$H.handleMessage(ActivityThread.java:1589)
03-10 15:30:40.462 21733 21733 E AndroidRuntime: 	at android.os.Handler.dispatchMessage(Handler.java:106)
03-10 15:30:40.462 21733 21733 E AndroidRuntime: 	at android.os.Looper.loop(Looper.java:164)
03-10 15:30:40.462 21733 21733 E AndroidRuntime: 	at android.app.ActivityThread.main(ActivityThread.java:6494)
03-10 15:30:40.462 21733 21733 E AndroidRuntime: 	at java.lang.reflect.Method.invoke(Native Method)
03-10 15:30:40.462 21733 21733 E AndroidRuntime: 	at com.android.internal.os.RuntimeInit$MethodAndArgsCaller.run(RuntimeInit.java:438)
03-10 15:30:40.462 21733 21733 E AndroidRuntime: 	at com.android.internal.os.ZygoteInit.main(ZygoteInit.java:807)
03-10 15:30:40.462 21733 21733 E AndroidRuntime: Caused by: java.lang.NullPointerException: Attempt to invoke virtual method 'void org.apache.cordova.CordovaPlugin.privateInitialize(java.lang.String, org.apache.cordova.CordovaInterface, org.apache.cordova.CordovaWebView, org.apache.cordova.CordovaPreferences)' on a null object reference
03-10 15:30:40.462 21733 21733 E AndroidRuntime: 	at org.apache.cordova.PluginManager.getPlugin(PluginManager.java:171)
03-10 15:30:40.462 21733 21733 E AndroidRuntime: 	at org.apache.cordova.PluginManager.startupPlugins(PluginManager.java:97)
03-10 15:30:40.462 21733 21733 E AndroidRuntime: 	at org.apache.cordova.PluginManager.init(PluginManager.java:86)
03-10 15:30:40.462 21733 21733 E AndroidRuntime: 	at org.apache.cordova.CordovaWebViewImpl.init(CordovaWebViewImpl.java:117)
03-10 15:30:40.462 21733 21733 E AndroidRuntime: 	at org.apache.cordova.CordovaActivity.init(CordovaActivity.java:149)
03-10 15:30:40.462 21733 21733 E AndroidRuntime: 	at org.apache.cordova.CordovaActivity.loadUrl(CordovaActivity.java:224)
03-10 15:30:40.462 21733 21733 E AndroidRuntime: 	at com.rmiller.MainActivity.onCreate(MainActivity.java:39)
03-10 15:30:40.462 21733 21733 E AndroidRuntime: 	at android.app.Activity.performCreate(Activity.java:6999)
03-10 15:30:40.462 21733 21733 E AndroidRuntime: 	at android.app.Activity.performCreate(Activity.java:6990)
03-10 15:30:40.462 21733 21733 E AndroidRuntime: 	at android.app.Instrumentation.callActivityOnCreate(Instrumentation.java:1214)
03-10 15:30:40.462 21733 21733 E AndroidRuntime: 	at android.app.ActivityThread.performLaunchActivity(ActivityThread.java:2731)
03-10 15:30:40.462 21733 21733 E AndroidRuntime: 	... 9 more
03-10 15:30:41.686 21852 21852 E AndroidRuntime: FATAL EXCEPTION: main
03-10 15:30:41.686 21852 21852 E AndroidRuntime: Process: com.rmiller, PID: 21852
03-10 15:30:41.686 21852 21852 E AndroidRuntime: java.lang.RuntimeException: Unable to start activity ComponentInfo{com.rmiller/com.rmiller.MainActivity}: java.lang.NullPointerException: Attempt to invoke virtual method 'void org.apache.cordova.CordovaPlugin.privateInitialize(java.lang.String, org.apache.cordova.CordovaInterface, org.apache.cordova.CordovaWebView, org.apache.cordova.CordovaPreferences)' on a null object reference
03-10 15:30:41.686 21852 21852 E AndroidRuntime: 	at android.app.ActivityThread.performLaunchActivity(ActivityThread.java:2778)
03-10 15:30:41.686 21852 21852 E AndroidRuntime: 	at android.app.ActivityThread.handleLaunchActivity(ActivityThread.java:2856)
03-10 15:30:41.686 21852 21852 E AndroidRuntime: 	at android.app.ActivityThread.-wrap11(Unknown Source:0)
03-10 15:30:41.686 21852 21852 E AndroidRuntime: 	at android.app.ActivityThread$H.handleMessage(ActivityThread.java:1589)
03-10 15:30:41.686 21852 21852 E AndroidRuntime: 	at android.os.Handler.dispatchMessage(Handler.java:106)
03-10 15:30:41.686 21852 21852 E AndroidRuntime: 	at android.os.Looper.loop(Looper.java:164)
03-10 15:30:41.686 21852 21852 E AndroidRuntime: 	at android.app.ActivityThread.main(ActivityThread.java:6494)
03-10 15:30:41.686 21852 21852 E AndroidRuntime: 	at java.lang.reflect.Method.invoke(Native Method)
03-10 15:30:41.686 21852 21852 E AndroidRuntime: 	at com.android.internal.os.RuntimeInit$MethodAndArgsCaller.run(RuntimeInit.java:438)
03-10 15:30:41.686 21852 21852 E AndroidRuntime: 	at com.android.internal.os.ZygoteInit.main(ZygoteInit.java:807)
03-10 15:30:41.686 21852 21852 E AndroidRuntime: Caused by: java.lang.NullPointerException: Attempt to invoke virtual method 'void org.apache.cordova.CordovaPlugin.privateInitialize(java.lang.String, org.apache.cordova.CordovaInterface, org.apache.cordova.CordovaWebView, org.apache.cordova.CordovaPreferences)' on a null object reference
03-10 15:30:41.686 21852 21852 E AndroidRuntime: 	at org.apache.cordova.PluginManager.getPlugin(PluginManager.java:171)
03-10 15:30:41.686 21852 21852 E AndroidRuntime: 	at org.apache.cordova.PluginManager.startupPlugins(PluginManager.java:97)
03-10 15:30:41.686 21852 21852 E AndroidRuntime: 	at org.apache.cordova.PluginManager.init(PluginManager.java:86)
03-10 15:30:41.686 21852 21852 E AndroidRuntime: 	at org.apache.cordova.CordovaWebViewImpl.init(CordovaWebViewImpl.java:117)
03-10 15:30:41.686 21852 21852 E AndroidRuntime: 	at org.apache.cordova.CordovaActivity.init(CordovaActivity.java:149)
03-10 15:30:41.686 21852 21852 E AndroidRuntime: 	at org.apache.cordova.CordovaActivity.loadUrl(CordovaActivity.java:224)
03-10 15:30:41.686 21852 21852 E AndroidRuntime: 	at com.rmiller.MainActivity.onCreate(MainActivity.java:39)
03-10 15:30:41.686 21852 21852 E AndroidRuntime: 	at android.app.Activity.performCreate(Activity.java:6999)
03-10 15:30:41.686 21852 21852 E AndroidRuntime: 	at android.app.Activity.performCreate(Activity.java:6990)
03-10 15:30:41.686 21852 21852 E AndroidRuntime: 	at android.app.Instrumentation.callActivityOnCreate(Instrumentation.java:1214)
03-10 15:30:41.686 21852 21852 E AndroidRuntime: 	at android.app.ActivityThread.performLaunchActivity(ActivityThread.java:2731)
03-10 15:30:41.686 21852 21852 E AndroidRuntime: 	... 9 more
03-14 19:54:43.760  5218  5218 E AndroidRuntime: FATAL EXCEPTION: main
03-14 19:54:43.760  5218  5218 E AndroidRuntime: Process: com.pnc.ecommerce.mobile, PID: 5218
03-14 19:54:43.760  5218  5218 E AndroidRuntime: java.lang.RuntimeException: Unable to create application com.fisglobal.lfi.pnc.framework.android.PNCApplication: com.visa.cbp.sdk.facade.exception.RootDetectException: SDK not usable. Unknown error
03-14 19:54:43.760  5218  5218 E AndroidRuntime: 	at android.app.ActivityThread.handleBindApplication(ActivityThread.java:5743)
03-14 19:54:43.760  5218  5218 E AndroidRuntime: 	at android.app.ActivityThread.-wrap1(Unknown Source:0)
03-14 19:54:43.760  5218  5218 E AndroidRuntime: 	at android.app.ActivityThread$H.handleMessage(ActivityThread.java:1656)
03-14 19:54:43.760  5218  5218 E AndroidRuntime: 	at android.os.Handler.dispatchMessage(Handler.java:106)
03-14 19:54:43.760  5218  5218 E AndroidRuntime: 	at android.os.Looper.loop(Looper.java:164)
03-14 19:54:43.760  5218  5218 E AndroidRuntime: 	at android.app.ActivityThread.main(ActivityThread.java:6494)
03-14 19:54:43.760  5218  5218 E AndroidRuntime: 	at java.lang.reflect.Method.invoke(Native Method)
03-14 19:54:43.760  5218  5218 E AndroidRuntime: 	at com.android.internal.os.RuntimeInit$MethodAndArgsCaller.run(RuntimeInit.java:438)
03-14 19:54:43.760  5218  5218 E AndroidRuntime: 	at com.android.internal.os.ZygoteInit.main(ZygoteInit.java:807)
03-14 19:54:43.760  5218  5218 E AndroidRuntime: Caused by: com.visa.cbp.sdk.facade.exception.RootDetectException: SDK not usable. Unknown error
03-14 19:54:43.760  5218  5218 E AndroidRuntime: 	at com.visa.cbp.a..(Unknown Source:119)
03-14 19:54:43.760  5218  5218 E AndroidRuntime: 	at com.visa.cbp.a..(Unknown Source:1)
03-14 19:54:43.760  5218  5218 E AndroidRuntime: 	at com.visa.cbp.sdk.crypto.JniCrypto.verifyVersion(Unknown Source:107)
03-14 19:54:43.760  5218  5218 E AndroidRuntime: 	at com.visa.cbp.sdk.crypto.JniCrypto.<clinit>(Unknown Source:39)
03-14 19:54:43.760  5218  5218 E AndroidRuntime: 	at com.visa.cbp.a..(Unknown Source:0)
03-14 19:54:43.760  5218  5218 E AndroidRuntime: 	at com.visa.cbp.a..(Unknown Source:12)
03-14 19:54:43.760  5218  5218 E AndroidRuntime: 	at com.visa.cbp.sdk..initialize(Unknown Source:21)
03-14 19:54:43.760  5218  5218 E AndroidRuntime: 	at com.visa.cbp.sdk..initialize(Unknown Source:1)
03-14 19:54:43.760  5218  5218 E AndroidRuntime: 	at com.visa.cbp.sdk.facade.VisaPaymentSDKImpl.initialize(Unknown Source:24)
03-14 19:54:43.760  5218  5218 E AndroidRuntime: 	at com.fisglobal.lfi.pnc.pncpay.visa.b.a(Unknown Source:0)
03-14 19:54:43.760  5218  5218 E AndroidRuntime: 	at com.fisglobal.lfi.pnc.pncpay.a.c(Unknown Source:6)
03-14 19:54:43.760  5218  5218 E AndroidRuntime: 	at com.fisglobal.lfi.pnc.framework.android.PNCApplication.onCreate(Unknown Source:57)
03-14 19:54:43.760  5218  5218 E AndroidRuntime: 	at android.app.Instrumentation.callApplicationOnCreate(Instrumentation.java:1119)
03-14 19:54:43.760  5218  5218 E AndroidRuntime: 	at android.app.ActivityThread.handleBindApplication(ActivityThread.java:5740)
03-14 19:54:43.760  5218  5218 E AndroidRuntime: 	... 8 more
--------- beginning of system
03-15 22:28:32.585  1114  2668 I chatty  : uid=1000(system) Binder:1114_A expire 2 lines
03-15 22:28:35.095  1114  1234 I chatty  : uid=1000(system) InputDispatcher expire 1 line
03-15 22:28:35.424  1114 11544 I chatty  : uid=1000(system) Binder:1114_10 expire 4 lines
03-15 22:28:36.394  1114  1235 I chatty  : uid=1000(system) InputReader expire 3 lines
03-15 22:28:39.269  1114  1622 I chatty  : uid=1000(system) Binder:1114_7 expire 1 line
03-15 22:28:41.483  1114 22955 I chatty  : uid=1000(system) Binder:1114_17 expire 5 lines
03-15 22:28:41.511  1114  2477 I chatty  : uid=1000(system) Binder:1114_9 expire 5 lines
03-15 22:28:44.593  1114  5450 I chatty  : uid=1000(system) Binder:1114_20 expire 1 line
03-15 22:28:45.347   772  2320 E android.hardware.wifi@1.0-service: Callback invoked on an invalid object
03-15 22:28:46.319  1114  1114 I chatty  : uid=1000 system_server expire 12 lines
03-15 22:28:49.918  1114  1164 I chatty  : uid=1000(system) PowerManagerSer expire 15 lines
03-15 22:31:09.456  1114  1695 I chatty  : uid=1000(system) BluetoothRouteM expire 10 lines
03-15 22:31:09.591  1114  5450 I chatty  : uid=1000(system) Binder:1114_20 expire 5 lines
03-15 22:31:27.054  1114 12506 I chatty  : uid=1000(system) Binder:1114_13 expire 1 line
03-15 22:31:56.568  1114  1227 I chatty  : uid=1000(system) AlarmManager expire 5 lines
03-15 22:34:14.760  1114  1137 I chatty  : uid=1000(system) android.bg expire 3 lines
03-15 22:34:14.769  1114  1258 I chatty  : uid=1000(system) ConnectivitySer expire 5 lines
03-15 22:34:14.772  1114  1615 I chatty  : uid=1000(system) Binder:1114_5 expire 2 lines
03-15 22:34:14.776  1114 22954 I chatty  : uid=1000(system) Binder:1114_16 expire 9 lines
03-15 22:34:57.082  1114  1114 I chatty  : uid=1000 system_server expire 19 lines
03-15 22:34:57.084  1114  1699 I chatty  : uid=1000(system) uteStateMachine expire 22 lines
03-15 22:35:19.982  1114  1618 I chatty  : uid=1000(system) Binder:1114_6 expire 2 lines
03-15 22:36:32.456  1114  2668 I chatty  : uid=1000(system) Binder:1114_A expire 2 lines
03-15 22:43:03.249  1114 18578 I chatty  : uid=1000(system) Binder:1114_15 expire 5 lines
03-15 22:44:31.120  1114  1250 I chatty  : uid=1000(system) NetworkPolicy expire 18 lines
03-15 22:46:36.503  1114  1162 I chatty  : uid=1000(system) android.display expire 3 lines
03-15 22:46:36.783  1114  2477 I chatty  : uid=1000(system) Binder:1114_9 expire 5 lines
03-15 22:46:36.937  1114  1160 I chatty  : uid=1000(system) android.fg expire 4 lines
03-15 22:46:37.028  1114 30073 I chatty  : uid=1000(system) Binder:1114_1A expire 4 lines
03-15 22:46:37.676  1114  1139 I chatty  : uid=1000(system) android.ui expire 11 lines
03-15 22:46:37.947  1114  1219 I chatty  : uid=1000(system) android.anim expire 3 lines
03-15 22:47:06.157  1114  1271 I chatty  : uid=1000(system) Binder:1114_3 expire 1 line
03-15 22:47:39.204  6733  6744 I AlwaysOnHotwordDetector: onDetected
03-15 22:47:41.350  1114  1114 I chatty  : uid=1000 system_server expire 11 lines
03-15 22:47:41.351  1114  1699 I chatty  : uid=1000(system) uteStateMachine expire 11 lines
03-15 22:47:41.414  1114 22956 I chatty  : uid=1000(system) Binder:1114_18 expire 1 line
03-15 22:47:44.376  1114  1234 I chatty  : uid=1000(system) InputDispatcher expire 4 lines
03-15 22:47:44.782  1331  1331 V DeadZone: consuming errant click: (507.0,31.0)
03-15 22:48:05.101  1114  1250 I chatty  : uid=1000(system) NetworkPolicy expire 9 lines
03-15 22:48:12.567  1114  1142 I chatty  : uid=1000(system) batterystats-wo expire 1 line
03-15 22:49:45.112  1114  1695 I chatty  : uid=1000(system) BluetoothRouteM expire 3 lines
03-15 22:52:45.586  2920  3693 E ActivityThread: Failed to find provider info for com.google.android.gms.common.phenotype
03-15 22:54:42.294  1114  1164 I chatty  : uid=1000(system) PowerManagerSer expire 17 lines
03-15 22:54:43.229  1114  1162 I chatty  : uid=1000(system) android.display expire 22 lines
03-15 22:54:57.917  1114  1138 I chatty  : uid=1000(system) ActivityManager expire 7 lines
03-15 22:54:57.972  1114  1137 I chatty  : uid=1000(system) android.bg expire 2 lines
03-15 22:56:01.609  1114  1227 I chatty  : uid=1000(system) AlarmManager expire 5 lines
03-15 22:58:14.773  1114  1114 I chatty  : uid=1000 system_server expire 21 lines
03-15 22:58:54.052  1114  1271 I chatty  : uid=1000(system) Binder:1114_3 expire 1 line
03-15 22:58:54.092  1114  1250 I chatty  : uid=1000(system) NetworkPolicy expire 9 lines
03-15 23:00:39.684  6733 32497 I AlwaysOnHotwordDetector: onDetected
03-15 23:00:40.057  1114 22955 I chatty  : uid=1000(system) Binder:1114_17 expire 3 lines
03-15 23:00:40.211  1114  1219 I chatty  : uid=1000(system) android.anim expire 1 line
03-15 23:00:40.251  1114  1164 I chatty  : uid=1000(system) PowerManagerSer expire 42 lines
03-15 23:00:40.472  1114  1160 I chatty  : uid=1000(system) android.fg expire 12 lines
03-15 23:00:40.477  1114  7592 I chatty  : uid=1000(system) Binder:1114_1D expire 8 lines
03-15 23:00:40.481  1114  2679 I chatty  : uid=1000(system) Binder:1114_D expire 1 line
03-15 23:05:33.651  1114  2477 I chatty  : uid=1000(system) Binder:1114_9 expire 4 lines
03-15 23:07:22.343  1114  2677 I chatty  : uid=1000(system) Binder:1114_C expire 4 lines
03-15 23:07:22.835  1114 13267 I chatty  : uid=1000(system) Binder:1114_14 expire 1 line
03-15 23:07:23.494  1114 22956 I chatty  : uid=1000(system) Binder:1114_18 expire 1 line
03-15 23:10:53.878  1114  1235 I chatty  : uid=1000(system) InputReader expire 1 line
03-15 23:15:18.341  1114 18578 I chatty  : uid=1000(system) Binder:1114_15 expire 3 lines
03-15 23:15:18.454  1114 12174 I chatty  : uid=1000(system) Binder:1114_11 expire 1 line
03-15 23:15:23.256  1114  5563 I chatty  : uid=1000(system) HwBinder:1114_4 expire 3 lines
03-15 23:15:23.395  1114 30814 I chatty  : uid=1000(system) Binder:1114_1C expire 2 lines
03-15 23:15:23.493  1114  2668 I chatty  : uid=1000(system) Binder:1114_A expire 2 lines
03-15 23:15:23.523 20942 13287 E ActivityThread: Failed to find provider info for com.dianxinos.dxbs.DuCandyCooProvider
03-15 23:15:23.524 20942 13287 E ActivityThread: Failed to find provider info for com.dianxinos.optimizer.duplay.DuCandyCooProvider
03-15 23:15:23.606 20942 13287 E ActivityThread: Failed to find provider info for com.estrongs.android.pop.DuCandyCooProvider
03-15 23:15:24.895  1114  8222 I chatty  : uid=1000(system) Binder:1114_1F expire 2 lines
03-15 23:15:24.936  1114  1114 I chatty  : uid=1000 system_server expire 5 lines
03-15 23:16:10.742  1114  1164 I chatty  : uid=1000(system) PowerManagerSer expire 10 lines
03-15 23:16:10.745  1114  1162 I chatty  : uid=1000(system) android.display expire 3 lines
03-15 23:17:01.326  1114 30073 I chatty  : uid=1000(system) Binder:1114_1A expire 1 line
03-15 23:17:03.130  2920  3693 E ActivityThread: Failed to find provider info for com.google.android.gms.common.phenotype
03-15 23:17:09.209  1114  7592 I chatty  : uid=1000(system) Binder:1114_1D expire 2 lines
03-15 23:17:09.573  1114  2668 I chatty  : uid=1000(system) Binder:1114_A expire 5 lines
03-15 23:17:09.703  1114  1219 I chatty  : uid=1000(system) android.anim expire 3 lines
03-15 23:17:12.545  1114  1139 I chatty  : uid=1000(system) android.ui expire 2 lines
03-15 23:17:23.338  1114  2557 I chatty  : uid=1000(system) backup expire 1 line
03-15 23:17:23.338  1114  1114 I chatty  : uid=1000 system_server expire 23 lines
03-15 23:17:27.830  1114  1235 I chatty  : uid=1000(system) InputReader expire 1 line
03-15 23:17:28.306  1114  1164 I chatty  : uid=1000(system) PowerManagerSer expire 22 lines
03-15 23:17:28.340  1114  1162 I chatty  : uid=1000(system) android.display expire 10 lines
03-15 23:17:28.565  1114  1160 I chatty  : uid=1000(system) android.fg expire 2 lines
03-15 23:17:28.735  1114 22955 I chatty  : uid=1000(system) Binder:1114_17 expire 3 lines
03-15 23:17:31.270  1114  1138 I chatty  : uid=1000(system) ActivityManager expire 9 lines
03-15 23:19:49.333  1114 11544 I chatty  : uid=1000(system) Binder:1114_10 expire 3 lines
03-15 23:21:00.865  1114  1227 I chatty  : uid=1000(system) AlarmManager expire 12 lines
03-15 23:21:57.178  1114  1142 I chatty  : uid=1000(system) batterystats-wo expire 2 lines
03-15 23:23:07.147  1114  1137 I chatty  : uid=1000(system) android.bg expire 11 lines
03-15 23:24:31.882  1114  1250 I chatty  : uid=1000(system) NetworkPolicy expire 6 lines
03-15 23:29:00.083  1114  8222 I chatty  : uid=1000(system) Binder:1114_1F expire 12 lines
03-15 23:30:26.602  1114 22956 I chatty  : uid=1000(system) Binder:1114_18 expire 5 lines
03-15 23:41:06.531  1114  1847 I chatty  : uid=1000(system) HwBinder:1114_3 expire 1 line
03-15 23:41:06.684  1114  1622 I chatty  : uid=1000(system) Binder:1114_7 expire 1 line
03-15 23:42:18.563  1114  1258 I chatty  : uid=1000(system) ConnectivitySer expire 12 lines
03-15 23:42:41.045  1114 13267 I chatty  : uid=1000(system) Binder:1114_14 expire 4 lines
03-15 23:46:23.378  1114  1623 I chatty  : uid=1000(system) Binder:1114_8 expire 3 lines
03-15 23:46:23.413  1114 12506 I chatty  : uid=1000(system) Binder:1114_13 expire 5 lines
03-15 23:46:25.864  1114  2477 I chatty  : uid=1000(system) Binder:1114_9 expire 3 lines
03-15 23:59:32.317  1114  2676 I chatty  : uid=1000(system) Binder:1114_B expire 1 line
03-15 23:59:32.333  1114  1615 I chatty  : uid=1000(system) Binder:1114_5 expire 2 lines
03-15 23:59:32.765 15232 15232 E SchedPolicy: set_timerslack_ns write failed: Operation not permitted
03-15 23:59:32.790  1114 12175 I chatty  : uid=1000(system) Binder:1114_12 expire 1 line
03-15 23:59:33.225  1114 12174 I chatty  : uid=1000(system) Binder:1114_11 expire 2 lines
03-15 23:59:33.892  1114 18578 I chatty  : uid=1000(system) Binder:1114_15 expire 2 lines
03-15 23:59:35.338  1114  5450 I chatty  : uid=1000(system) Binder:1114_20 expire 2 lines
03-15 23:59:36.258 15517 15531 W ContextImpl: Calling a method in the system process without a qualified user: android.app.ContextImpl.bindService:1556 android.content.ContextWrapper.bindService:684 com.google.android.gms.common.stats.zza.zza:17 com.google.android.gms.common.internal.zzah.zzcr:22 com.google.android.gms.common.internal.zzag.zza:55 
03-15 23:59:36.413 15517 15531 W ContextImpl: Calling a method in the system process without a qualified user: android.app.ContextImpl.bindService:1556 android.content.ContextWrapper.bindService:684 com.google.android.gms.common.stats.zza.zza:17 com.google.android.gms.common.internal.zzah.zzcr:22 com.google.android.gms.common.internal.zzag.zza:55 
03-15 23:59:36.658  1114  1114 I chatty  : uid=1000 system_server expire 2 lines
03-16 00:00:01.343  1114  1132 I chatty  : uid=1000(system) Binder:1114_2 expire 1 line
03-16 00:02:12.280  1114  1137 I chatty  : uid=1000(system) android.bg expire 6 lines
03-16 00:02:42.239  2920  3693 E ActivityThread: Failed to find provider info for com.google.android.gms.common.phenotype
03-16 00:07:19.049  1114  1227 I chatty  : uid=1000(system) AlarmManager expire 1 line
03-16 00:11:45.264  1114  1258 I chatty  : uid=1000(system) ConnectivitySer expire 18 lines
03-16 00:11:50.263  1114  1227 I chatty  : uid=1000(system) AlarmManager expire 10 lines
03-16 00:12:00.444  1114  1114 I chatty  : uid=1000 system_server expire 26 lines
03-16 00:21:29.135  1114  1137 I chatty  : uid=1000(system) android.bg expire 15 lines
03-16 00:22:43.158  1114 13267 I chatty  : uid=1000(system) Binder:1114_14 expire 1 line
03-16 00:22:43.170  1114  1132 I chatty  : uid=1000(system) Binder:1114_2 expire 2 lines
03-16 00:28:30.096  1114  1250 I chatty  : uid=1000(system) NetworkPolicy expire 6 lines
03-16 00:38:53.440  1114  1235 I chatty  : uid=1000(system) InputReader expire 2 lines
03-16 00:38:53.524  1114 12174 I chatty  : uid=1000(system) Binder:1114_11 expire 8 lines
03-16 00:38:53.525  1114  1164 I chatty  : uid=1000(system) PowerManagerSer expire 16 lines
03-16 00:38:53.527  1114 22955 I chatty  : uid=1000(system) Binder:1114_17 expire 1 line
03-16 00:38:53.585  1114  1162 I chatty  : uid=1000(system) android.display expire 5 lines
03-16 00:38:53.622  1114  1160 I chatty  : uid=1000(system) android.fg expire 4 lines
03-16 00:38:53.719  1114  1138 I chatty  : uid=1000(system) ActivityManager expire 7 lines
03-16 00:38:55.036  2920  3693 E ActivityThread: Failed to find provider info for com.google.android.gms.common.phenotype
03-16 00:38:58.914  1114  1234 I chatty  : uid=1000(system) InputDispatcher expire 2 lines
03-16 00:39:00.905  1114  1695 I chatty  : uid=1000(system) BluetoothRouteM expire 4 lines
03-16 00:39:00.905  1114  1699 I chatty  : uid=1000(system) uteStateMachine expire 11 lines
03-16 00:39:06.953  1114 22956 I chatty  : uid=1000(system) Binder:1114_18 expire 7 lines
03-16 00:39:16.002  1114  1623 I chatty  : uid=1000(system) Binder:1114_8 expire 1 line
03-16 00:39:27.922  1114  2477 I chatty  : uid=1000(system) Binder:1114_9 expire 2 lines
03-16 00:39:36.670  1114 12506 I chatty  : uid=1000(system) Binder:1114_13 expire 9 lines
03-16 00:40:12.785  1114  5450 I chatty  : uid=1000(system) Binder:1114_20 expire 9 lines
03-16 00:43:21.845  1114 30073 I chatty  : uid=1000(system) Binder:1114_1A expire 2 lines
03-16 00:45:28.622  1114 12175 I chatty  : uid=1000(system) Binder:1114_12 expire 1 line
03-16 00:45:28.625  1114  7592 I chatty  : uid=1000(system) Binder:1114_1D expire 10 lines
03-16 00:46:40.605  1114  2668 I chatty  : uid=1000(system) Binder:1114_A expire 2 lines
03-16 00:47:02.490  1114 18578 I chatty  : uid=1000(system) Binder:1114_15 expire 2 lines
03-16 00:48:47.411  1114  8222 I chatty  : uid=1000(system) Binder:1114_1F expire 1 line
03-16 00:49:42.043  1114  1615 I chatty  : uid=1000(system) Binder:1114_5 expire 3 lines
03-16 00:59:56.602  1114  1114 I chatty  : uid=1000 system_server expire 11 lines
03-16 00:59:56.897  1114  1164 I chatty  : uid=1000(system) PowerManagerSer expire 7 lines
03-16 00:59:56.965  1114  1162 I chatty  : uid=1000(system) android.display expire 4 lines
03-16 00:59:56.984  1114  7592 I chatty  : uid=1000(system) Binder:1114_1D expire 2 lines
03-16 00:59:57.269  1114  8222 I chatty  : uid=1000(system) Binder:1114_1F expire 7 lines
03-16 00:59:57.468  1114  1160 I chatty  : uid=1000(system) android.fg expire 3 lines
03-16 00:59:57.945  1114 12506 I chatty  : uid=1000(system) Binder:1114_13 expire 8 lines
03-16 00:59:58.722  1114 18578 I chatty  : uid=1000(system) Binder:1114_15 expire 3 lines
03-16 00:59:58.722  1114  1138 I chatty  : uid=1000(system) ActivityManager expire 17 lines
03-16 00:59:59.311  2920  3693 E ActivityThread: Failed to find provider info for com.google.android.gms.common.phenotype
03-16 01:00:03.111  1114  2477 I chatty  : uid=1000(system) Binder:1114_9 expire 11 lines
03-16 01:00:05.138 10848 10848 E ActivityThread: Activity com.rmiller.MainActivity has leaked IntentReceiver com.rmiller.WifiDirectBroadcastReceiver@ee2681f that was originally registered here. Are you missing a call to unregisterReceiver()?
03-16 01:00:05.138 10848 10848 E ActivityThread: android.app.IntentReceiverLeaked: Activity com.rmiller.MainActivity has leaked IntentReceiver com.rmiller.WifiDirectBroadcastReceiver@ee2681f that was originally registered here. Are you missing a call to unregisterReceiver()?
03-16 01:00:05.138 10848 10848 E ActivityThread: 	at android.app.LoadedApk$ReceiverDispatcher.<init>(LoadedApk.java:1351)
03-16 01:00:05.138 10848 10848 E ActivityThread: 	at android.app.LoadedApk.getReceiverDispatcher(LoadedApk.java:1132)
03-16 01:00:05.138 10848 10848 E ActivityThread: 	at android.app.ContextImpl.registerReceiverInternal(ContextImpl.java:1421)
03-16 01:00:05.138 10848 10848 E ActivityThread: 	at android.app.ContextImpl.registerReceiver(ContextImpl.java:1394)
03-16 01:00:05.138 10848 10848 E ActivityThread: 	at android.app.ContextImpl.registerReceiver(ContextImpl.java:1382)
03-16 01:00:05.138 10848 10848 E ActivityThread: 	at android.content.ContextWrapper.registerReceiver(ContextWrapper.java:609)
03-16 01:00:05.138 10848 10848 E ActivityThread: 	at com.rmiller.WifiDirect.initialize(WifiDirect.java:66)
03-16 01:00:05.138 10848 10848 E ActivityThread: 	at org.apache.cordova.CordovaPlugin.privateInitialize(CordovaPlugin.java:57)
03-16 01:00:05.138 10848 10848 E ActivityThread: 	at org.apache.cordova.PluginManager.getPlugin(PluginManager.java:171)
03-16 01:00:05.138 10848 10848 E ActivityThread: 	at org.apache.cordova.PluginManager.startupPlugins(PluginManager.java:97)
03-16 01:00:05.138 10848 10848 E ActivityThread: 	at org.apache.cordova.PluginManager.init(PluginManager.java:86)
03-16 01:00:05.138 10848 10848 E ActivityThread: 	at org.apache.cordova.CordovaWebViewImpl.init(CordovaWebViewImpl.java:117)
03-16 01:00:05.138 10848 10848 E ActivityThread: 	at org.apache.cordova.CordovaActivity.init(CordovaActivity.java:149)
03-16 01:00:05.138 10848 10848 E ActivityThread: 	at org.apache.cordova.CordovaActivity.loadUrl(CordovaActivity.java:224)
03-16 01:00:05.138 10848 10848 E ActivityThread: 	at com.rmiller.MainActivity.onCreate(MainActivity.java:39)
03-16 01:00:05.138 10848 10848 E ActivityThread: 	at android.app.Activity.performCreate(Activity.java:6999)
03-16 01:00:05.138 10848 10848 E ActivityThread: 	at android.app.Activity.performCreate(Activity.java:6990)
03-16 01:00:05.138 10848 10848 E ActivityThread: 	at android.app.Instrumentation.callActivityOnCreate(Instrumentation.java:1214)
03-16 01:00:05.138 10848 10848 E ActivityThread: 	at android.app.ActivityThread.performLaunchActivity(ActivityThread.java:2731)
03-16 01:00:05.138 10848 10848 E ActivityThread: 	at android.app.ActivityThread.handleLaunchActivity(ActivityThread.java:2856)
03-16 01:00:05.138 10848 10848 E ActivityThread: 	at android.app.ActivityThread.-wrap11(Unknown Source:0)
03-16 01:00:05.138 10848 10848 E ActivityThread: 	at android.app.ActivityThread$H.handleMessage(ActivityThread.java:1589)
03-16 01:00:05.138 10848 10848 E ActivityThread: 	at android.os.Handler.dispatchMessage(Handler.java:106)
03-16 01:00:05.138 10848 10848 E ActivityThread: 	at android.os.Looper.loop(Looper.java:164)
03-16 01:00:05.138 10848 10848 E ActivityThread: 	at android.app.ActivityThread.main(ActivityThread.java:6494)
03-16 01:00:05.138 10848 10848 E ActivityThread: 	at java.lang.reflect.Method.invoke(Native Method)
03-16 01:00:05.138 10848 10848 E ActivityThread: 	at com.android.internal.os.RuntimeInit$MethodAndArgsCaller.run(RuntimeInit.java:438)
03-16 01:00:05.138 10848 10848 E ActivityThread: 	at com.android.internal.os.ZygoteInit.main(ZygoteInit.java:807)
03-16 01:00:05.190  1114  1142 I chatty  : uid=1000(system) batterystats-wo expire 4 lines
03-16 01:00:06.728  1114 22956 I chatty  : uid=1000(system) Binder:1114_18 expire 6 lines
03-16 01:00:59.811 10848 10848 E ActivityThread: Activity com.rmiller.MainActivity has leaked IntentReceiver com.rmiller.WifiDirectBroadcastReceiver@aa02211 that was originally registered here. Are you missing a call to unregisterReceiver()?
03-16 01:00:59.811 10848 10848 E ActivityThread: android.app.IntentReceiverLeaked: Activity com.rmiller.MainActivity has leaked IntentReceiver com.rmiller.WifiDirectBroadcastReceiver@aa02211 that was originally registered here. Are you missing a call to unregisterReceiver()?
03-16 01:00:59.811 10848 10848 E ActivityThread: 	at android.app.LoadedApk$ReceiverDispatcher.<init>(LoadedApk.java:1351)
03-16 01:00:59.811 10848 10848 E ActivityThread: 	at android.app.LoadedApk.getReceiverDispatcher(LoadedApk.java:1132)
03-16 01:00:59.811 10848 10848 E ActivityThread: 	at android.app.ContextImpl.registerReceiverInternal(ContextImpl.java:1421)
03-16 01:00:59.811 10848 10848 E ActivityThread: 	at android.app.ContextImpl.registerReceiver(ContextImpl.java:1394)
03-16 01:00:59.811 10848 10848 E ActivityThread: 	at android.app.ContextImpl.registerReceiver(ContextImpl.java:1382)
03-16 01:00:59.811 10848 10848 E ActivityThread: 	at android.content.ContextWrapper.registerReceiver(ContextWrapper.java:609)
03-16 01:00:59.811 10848 10848 E ActivityThread: 	at com.rmiller.WifiDirect.initialize(WifiDirect.java:66)
03-16 01:00:59.811 10848 10848 E ActivityThread: 	at org.apache.cordova.CordovaPlugin.privateInitialize(CordovaPlugin.java:57)
03-16 01:00:59.811 10848 10848 E ActivityThread: 	at org.apache.cordova.PluginManager.getPlugin(PluginManager.java:171)
03-16 01:00:59.811 10848 10848 E ActivityThread: 	at org.apache.cordova.PluginManager.startupPlugins(PluginManager.java:97)
03-16 01:00:59.811 10848 10848 E ActivityThread: 	at org.apache.cordova.PluginManager.init(PluginManager.java:86)
03-16 01:00:59.811 10848 10848 E ActivityThread: 	at org.apache.cordova.CordovaWebViewImpl.init(CordovaWebViewImpl.java:117)
03-16 01:00:59.811 10848 10848 E ActivityThread: 	at org.apache.cordova.CordovaActivity.init(CordovaActivity.java:149)
03-16 01:00:59.811 10848 10848 E ActivityThread: 	at org.apache.cordova.CordovaActivity.loadUrl(CordovaActivity.java:224)
03-16 01:00:59.811 10848 10848 E ActivityThread: 	at com.rmiller.MainActivity.onCreate(MainActivity.java:39)
03-16 01:00:59.811 10848 10848 E ActivityThread: 	at android.app.Activity.performCreate(Activity.java:6999)
03-16 01:00:59.811 10848 10848 E ActivityThread: 	at android.app.Activity.performCreate(Activity.java:6990)
03-16 01:00:59.811 10848 10848 E ActivityThread: 	at android.app.Instrumentation.callActivityOnCreate(Instrumentation.java:1214)
03-16 01:00:59.811 10848 10848 E ActivityThread: 	at android.app.ActivityThread.performLaunchActivity(ActivityThread.java:2731)
03-16 01:00:59.811 10848 10848 E ActivityThread: 	at android.app.ActivityThread.handleLaunchActivity(ActivityThread.java:2856)
03-16 01:00:59.811 10848 10848 E ActivityThread: 	at android.app.ActivityThread.-wrap11(Unknown Source:0)
03-16 01:00:59.811 10848 10848 E ActivityThread: 	at android.app.ActivityThread$H.handleMessage(ActivityThread.java:1589)
03-16 01:00:59.811 10848 10848 E ActivityThread: 	at android.os.Handler.dispatchMessage(Handler.java:106)
03-16 01:00:59.811 10848 10848 E ActivityThread: 	at android.os.Looper.loop(Looper.java:164)
03-16 01:00:59.811 10848 10848 E ActivityThread: 	at android.app.ActivityThread.main(ActivityThread.java:6494)
03-16 01:00:59.811 10848 10848 E ActivityThread: 	at java.lang.reflect.Method.invoke(Native Method)
03-16 01:00:59.811 10848 10848 E ActivityThread: 	at com.android.internal.os.RuntimeInit$MethodAndArgsCaller.run(RuntimeInit.java:438)
03-16 01:00:59.811 10848 10848 E ActivityThread: 	at com.android.internal.os.ZygoteInit.main(ZygoteInit.java:807)
03-16 01:01:04.779  1114  1257 I chatty  : uid=1000(system) WifiP2pService expire 1 line
03-16 01:01:17.852  1114  1227 I chatty  : uid=1000(system) AlarmManager expire 2 lines
03-16 01:01:18.859 17040 17122 E ActivityThread: Failed to find provider info for com.facebook.katana.provider.AttributionIdProvider
03-16 01:01:30.042  1114  1250 I chatty  : uid=1000(system) NetworkPolicy expire 21 lines
03-16 01:01:35.383  1114  1167 I chatty  : uid=1000(system) PackageManager expire 13 lines
03-16 01:01:36.864  1114  1623 I chatty  : uid=1000(system) Binder:1114_8 expire 7 lines
03-16 01:01:36.925  1114  1132 I chatty  : uid=1000(system) Binder:1114_2 expire 11 lines
03-16 01:01:37.103  1114  1622 I chatty  : uid=1000(system) Binder:1114_7 expire 8 lines
03-16 01:01:38.036  1114  5450 I chatty  : uid=1000(system) Binder:1114_20 expire 7 lines
03-16 01:02:29.977  1114  1137 I chatty  : uid=1000(system) android.bg expire 1 line
03-16 01:03:15.908  1114 11544 I chatty  : uid=1000(system) Binder:1114_10 expire 2 lines
03-16 01:03:51.314   772  2320 E android.hardware.wifi@1.0-service: Callback invoked on an invalid object
03-16 01:03:54.174  1114  2668 I chatty  : uid=1000(system) Binder:1114_A expire 2 lines
03-16 01:04:07.028  1114  1138 I chatty  : uid=1000(system) ActivityManager expire 10 lines
03-16 01:04:49.984  1331  1331 V DeadZone: consuming errant click: (626.0,22.0)
03-16 01:06:42.678  1114  1250 I chatty  : uid=1000(system) NetworkPolicy expire 9 lines
03-16 01:06:47.614  1114 12174 I chatty  : uid=1000(system) Binder:1114_11 expire 2 lines
03-16 01:06:47.673  1114 30073 I chatty  : uid=1000(system) Binder:1114_1A expire 1 line
03-16 01:06:47.995  1114 13267 I chatty  : uid=1000(system) Binder:1114_14 expire 3 lines
03-16 01:06:56.170  1114  2679 I chatty  : uid=1000(system) Binder:1114_D expire 1 line
03-16 01:06:56.482   772  2320 E android.hardware.wifi@1.0-service: Callback invoked on an invalid object
03-16 01:07:25.064  1114  1234 I chatty  : uid=1000(system) InputDispatcher expire 1 line
03-16 01:07:27.680  1114  1235 I chatty  : uid=1000(system) InputReader expire 1 line
03-16 01:07:27.694  1114  1114 I chatty  : uid=1000 system_server expire 27 lines
03-16 01:07:28.153  1114  1164 I chatty  : uid=1000(system) PowerManagerSer expire 9 lines
03-16 01:07:28.266  1114  1162 I chatty  : uid=1000(system) android.display expire 4 lines
03-16 01:07:28.478  1114  1160 I chatty  : uid=1000(system) android.fg expire 2 lines
03-16 01:08:55.301  1114  1138 I chatty  : uid=1000(system) ActivityManager expire 6 lines
03-16 01:08:55.332  1114  1233 I chatty  : uid=1000(system) HwBinder:1114_2 expire 1 line
