03-16 08:25:43.001  1114  1235 I chatty  : uid=1000(system) InputReader expire 1 line
03-16 08:25:44.751   835   835 I wificond: Pno scan started
03-16 08:25:44.758  1114  1164 I chatty  : uid=1000(system) PowerManagerSer expire 4 lines
03-16 08:25:44.963  1114  1363 I chatty  : uid=1000(system) Binder:1114_4 expire 2 lines
03-16 08:26:21.205  1114  1114 I chatty  : uid=1000 system_server expire 5 lines
03-16 08:27:51.524  1114  2677 I chatty  : uid=1000(system) Binder:1114_C expire 5 lines
03-16 08:27:51.615  1114 30073 I chatty  : uid=1000(system) Binder:1114_1A expire 3 lines
03-16 08:27:56.774  1114  7593 I chatty  : uid=1000(system) Binder:1114_1E expire 1 line
03-16 08:27:56.832   835   835 I wificond: Pno scan stopped
03-16 08:28:01.860   835   835 I wificond: Pno scan started
03-16 08:28:29.403  1114  1131 I chatty  : uid=1000(system) Binder:1114_1 expire 1 line
03-16 08:28:29.451  1114  1138 I chatty  : uid=1000(system) ActivityManager expire 9 lines
03-16 08:29:19.613  1114  1137 I chatty  : uid=1000(system) android.bg expire 2 lines
03-16 08:31:01.315  1114  1114 I chatty  : uid=1000 system_server expire 16 lines
03-16 08:31:13.859  1114  1164 I chatty  : uid=1000(system) PowerManagerSer expire 9 lines
03-16 08:31:13.870  1114  1162 I chatty  : uid=1000(system) android.display expire 3 lines
03-16 08:31:14.595  1114  2677 I chatty  : uid=1000(system) Binder:1114_C expire 5 lines
03-16 08:31:14.655   835   835 I wificond: Pno scan stopped
03-16 08:31:14.780  1114 22954 I chatty  : uid=1000(system) Binder:1114_16 expire 5 lines
03-16 08:31:14.974  1114 18578 I chatty  : uid=1000(system) Binder:1114_15 expire 13 lines
03-16 08:31:14.977  1114 30073 I chatty  : uid=1000(system) Binder:1114_1A expire 3 lines
03-16 08:31:14.982  1114  7593 I chatty  : uid=1000(system) Binder:1114_1E expire 4 lines
03-16 08:31:14.987  1114  2477 I chatty  : uid=1000(system) Binder:1114_9 expire 5 lines
03-16 08:31:15.020  1114 30814 I chatty  : uid=1000(system) Binder:1114_1C expire 10 lines
03-16 08:31:15.028  1114 22955 I chatty  : uid=1000(system) Binder:1114_17 expire 6 lines
03-16 08:31:15.037  1114  1363 I chatty  : uid=1000(system) Binder:1114_4 expire 8 lines
03-16 08:31:15.470  1114  1138 I chatty  : uid=1000(system) ActivityManager expire 11 lines
03-16 08:31:15.556  1114  1160 I chatty  : uid=1000(system) android.fg expire 3 lines
03-16 08:31:22.408  1114  1234 I chatty  : uid=1000(system) InputDispatcher expire 1 line
03-16 08:31:24.832  1114  1227 I chatty  : uid=1000(system) AlarmManager expire 1 line
03-16 08:31:32.872  1114  1250 I chatty  : uid=1000(system) NetworkPolicy expire 15 lines
03-16 08:32:26.896  1114  8222 I chatty  : uid=1000(system) Binder:1114_1F expire 2 lines
03-16 08:32:27.502  1114 12506 I chatty  : uid=1000(system) Binder:1114_13 expire 4 lines
03-16 08:32:33.136  1114  7592 I chatty  : uid=1000(system) Binder:1114_1D expire 2 lines
03-16 08:32:33.158  1114  5450 I chatty  : uid=1000(system) Binder:1114_20 expire 2 lines
03-16 08:32:33.161  1114  1618 I chatty  : uid=1000(system) Binder:1114_6 expire 5 lines
03-16 08:32:35.403  1114  1271 I chatty  : uid=1000(system) Binder:1114_3 expire 6 lines
03-16 08:33:06.242  1114 22956 I chatty  : uid=1000(system) Binder:1114_18 expire 4 lines
03-16 08:34:06.296  1114  4211 I chatty  : uid=1000(system) Binder:1114_F expire 1 line
03-16 08:34:19.265  1114  1695 I chatty  : uid=1000(system) BluetoothRouteM expire 4 lines
03-16 08:34:19.266  1114  1699 I chatty  : uid=1000(system) uteStateMachine expire 11 lines
03-16 08:34:23.257  1114  1139 I chatty  : uid=1000(system) android.ui expire 10 lines
03-16 08:34:23.385  1114 12174 I chatty  : uid=1000(system) Binder:1114_11 expire 2 lines
03-16 08:34:24.284  1114  1219 I chatty  : uid=1000(system) android.anim expire 3 lines
03-16 08:34:40.353  1114  1131 I chatty  : uid=1000(system) Binder:1114_1 expire 3 lines
03-16 08:35:40.634 18063 18150 E ActivityThread: Failed to find provider info for com.facebook.katana.provider.AttributionIdProvider
03-16 08:35:43.547  1114  1138 I chatty  : uid=1000(system) ActivityManager expire 7 lines
03-16 08:35:58.725  1114  1114 I chatty  : uid=1000 system_server expire 4 lines
03-16 08:35:59.050  1114 29644 I chatty  : uid=1000(system) Binder:1114_19 expire 2 lines
03-16 08:36:04.725 18289 18385 E ActivityThread: Failed to find provider info for com.facebook.katana.provider.AttributionIdProvider
03-16 08:36:06.974  1114 30814 I chatty  : uid=1000(system) Binder:1114_1C expire 1 line
03-16 08:36:08.666  1114  1139 I chatty  : uid=1000(system) android.ui expire 2 lines
03-16 08:36:11.395  1114 12175 I chatty  : uid=1000(system) Binder:1114_12 expire 1 line
03-16 08:36:11.403  1114 30073 I chatty  : uid=1000(system) Binder:1114_1A expire 5 lines
03-16 08:36:21.341  1114  1227 I chatty  : uid=1000(system) AlarmManager expire 3 lines
03-16 08:36:21.448  1114  1137 I chatty  : uid=1000(system) android.bg expire 4 lines
03-16 08:36:21.751  1114 11544 I chatty  : uid=1000(system) Binder:1114_10 expire 2 lines
03-16 08:37:09.405   835   835 W wificond: Scan is not started. Ignore abort request
03-16 08:37:09.512  1114 13267 I chatty  : uid=1000(system) Binder:1114_14 expire 1 line
03-16 08:37:09.600  1114  1253 I chatty  : uid=1000(system) WifiStateMachin expire 3 lines
03-16 08:37:09.600  1114  1258 I chatty  : uid=1000(system) ConnectivitySer expire 16 lines
03-16 08:37:09.865  1114  1250 I chatty  : uid=1000(system) NetworkPolicy expire 21 lines
03-16 08:37:10.424  1114  1131 I chatty  : uid=1000(system) Binder:1114_1 expire 1 line
03-16 08:37:10.806  1114  8222 I chatty  : uid=1000(system) Binder:1114_1F expire 1 line
03-16 08:37:11.235  1114  1114 I chatty  : uid=1000 system_server expire 15 lines
03-16 08:37:11.302  1114  1138 I chatty  : uid=1000(system) ActivityManager expire 6 lines
03-16 08:37:15.945  1114  5450 I chatty  : uid=1000(system) Binder:1114_20 expire 2 lines
03-16 08:38:31.161  1114  1132 I chatty  : uid=1000(system) Binder:1114_2 expire 4 lines
03-16 08:38:38.886  1114 18578 I chatty  : uid=1000(system) Binder:1114_15 expire 1 line
03-16 08:39:02.076  1114  1622 I chatty  : uid=1000(system) Binder:1114_7 expire 3 lines
03-16 08:39:07.262  1114  1363 I chatty  : uid=1000(system) Binder:1114_4 expire 3 lines
03-16 08:39:24.267  1114  1615 I chatty  : uid=1000(system) Binder:1114_5 expire 3 lines
03-16 08:40:30.480   835   835 W wificond: Scan is not started. Ignore abort request
03-16 08:40:30.615  1114  1258 I chatty  : uid=1000(system) ConnectivitySer expire 10 lines
03-16 08:40:30.767  1114  1250 I chatty  : uid=1000(system) NetworkPolicy expire 12 lines
03-16 08:40:31.442  1114  3104 I chatty  : uid=1000(system) Binder:1114_E expire 7 lines
03-16 08:40:36.538  1114  4211 I chatty  : uid=1000(system) Binder:1114_F expire 5 lines
03-16 08:41:07.640   835   835 W wificond: Failed to get NL80211_ATTR_STATUS_CODE
03-16 08:43:57.037  1114  1695 I chatty  : uid=1000(system) BluetoothRouteM expire 5 lines
03-16 08:43:57.038  1114  1699 I chatty  : uid=1000(system) uteStateMachine expire 11 lines
03-16 08:45:22.354   835   835 W wificond: Failed to get NL80211_ATTR_STATUS_CODE
03-16 08:45:35.153  1114  1114 I chatty  : uid=1000 system_server expire 5 lines
03-16 08:45:35.154  1114  1699 I chatty  : uid=1000(system) uteStateMachine expire 6 lines
03-16 08:45:47.478  1114  1258 I chatty  : uid=1000(system) ConnectivitySer expire 15 lines
03-16 08:45:47.545  1114  1250 I chatty  : uid=1000(system) NetworkPolicy expire 21 lines
03-16 08:45:52.744  1114 22955 I chatty  : uid=1000(system) Binder:1114_17 expire 1 line
03-16 08:46:28.923  1114  2676 I chatty  : uid=1000(system) Binder:1114_B expire 2 lines
03-16 08:48:25.321   835   835 W wificond: Scan is not started. Ignore abort request
03-16 08:48:25.840  1114  5450 I chatty  : uid=1000(system) Binder:1114_20 expire 3 lines
03-16 08:48:26.239  1114  1137 I chatty  : uid=1000(system) android.bg expire 2 lines
03-16 08:48:29.629   835   835 W wificond: Failed to get NL80211_ATTR_STATUS_CODE
03-16 08:48:30.899  1114  1131 I chatty  : uid=1000(system) Binder:1114_1 expire 7 lines
03-16 08:48:33.065  1114  1271 I chatty  : uid=1000(system) Binder:1114_3 expire 5 lines
03-16 08:48:33.330  1114  1114 I chatty  : uid=1000 system_server expire 21 lines
03-16 08:48:34.082  1114 30073 I chatty  : uid=1000(system) Binder:1114_1A expire 4 lines
03-16 08:48:34.168  1114  1695 I chatty  : uid=1000(system) BluetoothRouteM expire 3 lines
03-16 08:48:34.168  1114  1699 I chatty  : uid=1000(system) uteStateMachine expire 5 lines
03-16 08:48:39.383  1114  1138 I chatty  : uid=1000(system) ActivityManager expire 13 lines
03-16 08:48:48.010   835   835 W wificond: Failed to get NL80211_ATTR_STATUS_CODE
03-16 08:48:55.766  1114  1258 I chatty  : uid=1000(system) ConnectivitySer expire 4 lines
03-16 08:49:06.644  1114 12174 I chatty  : uid=1000(system) Binder:1114_11 expire 3 lines
03-16 08:50:08.570  1114 11544 I chatty  : uid=1000(system) Binder:1114_10 expire 1 line
03-16 08:50:08.625  1114 12175 I chatty  : uid=1000(system) Binder:1114_12 expire 1 line
03-16 08:50:08.628  1114 18578 I chatty  : uid=1000(system) Binder:1114_15 expire 5 lines
03-16 08:50:08.631  1114  1132 I chatty  : uid=1000(system) Binder:1114_2 expire 10 lines
03-16 08:50:10.114  1114  1139 I chatty  : uid=1000(system) android.ui expire 3 lines
03-16 08:50:10.228  1114  1615 I chatty  : uid=1000(system) Binder:1114_5 expire 7 lines
03-16 08:50:11.124  1114  1219 I chatty  : uid=1000(system) android.anim expire 1 line
03-16 08:50:22.154  1114 30814 I chatty  : uid=1000(system) Binder:1114_1C expire 1 line
03-16 08:50:23.874  1114  3104 I chatty  : uid=1000(system) Binder:1114_E expire 2 lines
03-16 08:50:23.882  1114  1162 I chatty  : uid=1000(system) android.display expire 6 lines
03-16 08:50:38.112 20134 20213 E ActivityThread: Failed to find provider info for com.facebook.katana.provider.AttributionIdProvider
03-16 08:51:08.551  1114  1227 I chatty  : uid=1000(system) AlarmManager expire 3 lines
03-16 08:51:38.191  1114  1235 I chatty  : uid=1000(system) InputReader expire 3 lines
03-16 08:51:38.680  1114  1164 I chatty  : uid=1000(system) PowerManagerSer expire 18 lines
03-16 08:51:38.965  1114  1160 I chatty  : uid=1000(system) android.fg expire 5 lines
03-16 08:51:39.055  1114 22954 I chatty  : uid=1000(system) Binder:1114_16 expire 2 lines
03-16 08:51:39.057  1114 29644 I chatty  : uid=1000(system) Binder:1114_19 expire 4 lines
03-16 08:51:39.058  1114  1618 I chatty  : uid=1000(system) Binder:1114_6 expire 11 lines
03-16 08:51:39.060  1114  1363 I chatty  : uid=1000(system) Binder:1114_4 expire 8 lines
03-16 08:54:40.482  1114  1250 I chatty  : uid=1000(system) NetworkPolicy expire 12 lines
03-16 08:59:39.553  1114  2677 I chatty  : uid=1000(system) Binder:1114_C expire 1 line
03-16 08:59:39.556  1114  7592 I chatty  : uid=1000(system) Binder:1114_1D expire 18 lines
03-16 08:59:39.591  1114 13267 I chatty  : uid=1000(system) Binder:1114_14 expire 7 lines
03-16 09:01:14.301  1114  2477 I chatty  : uid=1000(system) Binder:1114_9 expire 1 line
03-16 09:04:28.540  1596  1596 I Telephony: TelephonyConnectionService: onCreateIncomingConnection, request: ConnectionRequest xxxxxxxxxxxxxxxxxx Bundle[mParcelledData.dataSize=508]: (SBC.oSC)->CS.crCo->H.CS.crCo->H.CS.crCo.pICR@E-QL8
03-16 09:04:28.547  1114  7592 I chatty  : uid=1000(system) Binder:1114_1D expire 8 lines
03-16 09:04:28.549  1114 20758 I chatty  : uid=1000 system_server expire 1 line
03-16 09:04:28.550  1596  1596 I Telephony: TelephonyConnectionService: notifyCreateConnectionComplete TC@54_1: (...->CSW.hCCC)->CS.crCoC->H.CS.crCoC@E-E-E-QL8
03-16 09:04:28.622  1114  1114 I chatty  : uid=1000 system_server expire 30 lines
03-16 09:04:28.657  1114  1138 I chatty  : uid=1000(system) ActivityManager expire 21 lines
03-16 09:04:28.658  1114  1699 I chatty  : uid=1000(system) uteStateMachine expire 26 lines
03-16 09:04:28.667  1114  1701 I chatty  : uid=1000(system) CallAudioModeSt expire 13 lines
03-16 09:04:28.716  6733 32497 I AlwaysOnHotwordDetector: onRecognitionPaused
03-16 09:04:28.847  1114  1695 I chatty  : uid=1000(system) BluetoothRouteM expire 12 lines
03-16 09:04:29.050  1114 29644 I chatty  : uid=1000(system) Binder:1114_19 expire 6 lines
03-16 09:04:29.056  1114  1363 I chatty  : uid=1000(system) Binder:1114_4 expire 1 line
03-16 09:04:29.056  1114  1160 I chatty  : uid=1000(system) android.fg expire 3 lines
03-16 09:04:29.066  1114  1164 I chatty  : uid=1000(system) PowerManagerSer expire 7 lines
03-16 09:04:29.069  1114  1219 I chatty  : uid=1000(system) android.anim expire 2 lines
03-16 09:04:29.090  1114  1162 I chatty  : uid=1000(system) android.display expire 6 lines
03-16 09:04:29.588  1114  1139 I chatty  : uid=1000(system) android.ui expire 1 line
03-16 09:04:29.756  1114 13267 I chatty  : uid=1000(system) Binder:1114_14 expire 3 lines
03-16 09:04:30.378  1114  1623 I chatty  : uid=1000(system) Binder:1114_8 expire 1 line
03-16 09:04:35.653  1114  2677 I chatty  : uid=1000(system) Binder:1114_C expire 18 lines
03-16 09:04:50.010  1114 22954 I chatty  : uid=1000(system) Binder:1114_16 expire 25 lines
03-16 09:04:50.052  6733 32497 I AlwaysOnHotwordDetector: onRecognitionResumed
03-16 09:04:50.055  1114  1699 I chatty  : uid=1000(system) uteStateMachine expire 7 lines
03-16 09:04:50.181  1114  1138 I chatty  : uid=1000(system) ActivityManager expire 2 lines
03-16 09:04:50.232  1114  4211 I chatty  : uid=1000(system) Binder:1114_F expire 2 lines
03-16 09:04:50.399  1114  1701 I chatty  : uid=1000(system) CallAudioModeSt expire 2 lines
03-16 09:04:50.433  1114  1695 I chatty  : uid=1000(system) BluetoothRouteM expire 2 lines
03-16 09:04:50.545 20966 20966 E SchedPolicy: set_timerslack_ns write failed: Operation not permitted
03-16 09:04:52.094  1114  1250 I chatty  : uid=1000(system) NetworkPolicy expire 9 lines
03-16 09:04:52.464  1114  1114 I chatty  : uid=1000 system_server expire 11 lines
03-16 09:04:59.765  1114  2668 I chatty  : uid=1000(system) Binder:1114_A expire 1 line
03-16 09:04:59.778  1114  7593 I chatty  : uid=1000(system) Binder:1114_1E expire 2 lines
03-16 09:04:59.783  1114  1132 I chatty  : uid=1000(system) Binder:1114_2 expire 1 line
03-16 09:05:01.754  1114  1258 I chatty  : uid=1000(system) ConnectivitySer expire 2 lines
03-16 09:05:02.779  1114  1235 I chatty  : uid=1000(system) InputReader expire 1 line
03-16 09:05:03.272  1114  1164 I chatty  : uid=1000(system) PowerManagerSer expire 11 lines
03-16 09:05:03.372  1114  1162 I chatty  : uid=1000(system) android.display expire 6 lines
03-16 09:05:03.589  1114  1160 I chatty  : uid=1000(system) android.fg expire 4 lines
03-16 09:05:04.169  1114  7593 I chatty  : uid=1000(system) Binder:1114_1E expire 31 lines
03-16 09:05:04.187  1114  1114 I chatty  : uid=1000 system_server expire 33 lines
03-16 09:05:04.209  1596  1596 I Telephony: TelephonyConnectionService: onCreateIncomingConnection, request: ConnectionRequest xxxxxxxxxxxxxxxxxx Bundle[mParcelledData.dataSize=508]: (SBC.oSC)->CS.crCo->H.CS.crCo->H.CS.crCo.pICR@E-QSs
03-16 09:05:04.235  1596  1596 I Telephony: TelephonyConnectionService: notifyCreateConnectionComplete TC@55_1: (...->CSW.hCCC)->CS.crCoC->H.CS.crCoC@E-E-E-QSs
03-16 09:05:04.235  1114 21202 I chatty  : uid=1000 system_server expire 1 line
03-16 09:05:04.268  1114  1138 I chatty  : uid=1000(system) ActivityManager expire 24 lines
03-16 09:05:04.272  1114  1699 I chatty  : uid=1000(system) uteStateMachine expire 25 lines
03-16 09:05:04.272  1114  1701 I chatty  : uid=1000(system) CallAudioModeSt expire 12 lines
03-16 09:05:04.327  6733 32497 I AlwaysOnHotwordDetector: onRecognitionPaused
03-16 09:05:04.438  1114  1695 I chatty  : uid=1000(system) BluetoothRouteM expire 12 lines
03-16 09:05:04.443  1114  2676 I chatty  : uid=1000(system) Binder:1114_B expire 9 lines
03-16 09:05:04.444  1114 22954 I chatty  : uid=1000(system) Binder:1114_16 expire 4 lines
03-16 09:05:04.461  1114  1219 I chatty  : uid=1000(system) android.anim expire 2 lines
03-16 09:05:04.470  1114 22955 I chatty  : uid=1000(system) Binder:1114_17 expire 1 line
03-16 09:05:07.645  1114  1132 I chatty  : uid=1000(system) Binder:1114_2 expire 3 lines
03-16 09:05:07.846  1114  1623 I chatty  : uid=1000(system) Binder:1114_8 expire 9 lines
03-16 09:05:08.001  1114  1137 I chatty  : uid=1000(system) android.bg expire 1 line
03-16 09:05:38.231  6733 32497 I AlwaysOnHotwordDetector: onRecognitionResumed
03-16 09:05:38.240  1114  7593 I chatty  : uid=1000(system) Binder:1114_1E expire 12 lines
03-16 09:05:38.241  1114  1699 I chatty  : uid=1000(system) uteStateMachine expire 7 lines
03-16 09:05:38.526  1114  1701 I chatty  : uid=1000(system) CallAudioModeSt expire 2 lines
03-16 09:05:38.585  1114  1114 I chatty  : uid=1000 system_server expire 13 lines
03-16 09:05:38.604  1114  1695 I chatty  : uid=1000(system) BluetoothRouteM expire 8 lines
03-16 09:05:39.049  1114  1250 I chatty  : uid=1000(system) NetworkPolicy expire 9 lines
03-16 09:05:43.808  1114  1235 I chatty  : uid=1000(system) InputReader expire 2 lines
03-16 09:05:44.282  1114  1164 I chatty  : uid=1000(system) PowerManagerSer expire 12 lines
03-16 09:05:44.414  1114  1162 I chatty  : uid=1000(system) android.display expire 6 lines
03-16 09:05:44.633  1114  1160 I chatty  : uid=1000(system) android.fg expire 4 lines
03-16 09:06:22.042  1114  1227 I chatty  : uid=1000(system) AlarmManager expire 2 lines
03-16 09:08:08.301  1114  1132 I chatty  : uid=1000(system) Binder:1114_2 expire 5 lines
03-16 09:11:34.524  1114 29644 I chatty  : uid=1000(system) Binder:1114_19 expire 14 lines
03-16 09:11:34.565  1114  1138 I chatty  : uid=1000(system) ActivityManager expire 12 lines
03-16 09:11:43.619  1114  5450 I chatty  : uid=1000(system) Binder:1114_20 expire 1 line
03-16 09:11:45.149  1114  2668 I chatty  : uid=1000(system) Binder:1114_A expire 1 line
03-16 09:11:54.509  1114  1139 I chatty  : uid=1000(system) android.ui expire 1 line
03-16 09:11:54.827  1114  2679 I chatty  : uid=1000(system) Binder:1114_D expire 1 line
03-16 09:11:54.832  1114 30814 I chatty  : uid=1000(system) Binder:1114_1C expire 5 lines
03-16 09:11:54.890  1114  1258 I chatty  : uid=1000(system) ConnectivitySer expire 4 lines
03-16 09:11:54.893  1114  1623 I chatty  : uid=1000(system) Binder:1114_8 expire 1 line
03-16 09:11:54.899  1114 30074 I chatty  : uid=1000(system) Binder:1114_1B expire 1 line
03-16 09:11:54.906  1114 12174 I chatty  : uid=1000(system) Binder:1114_11 expire 1 line
03-16 09:11:54.991  1114  1622 I chatty  : uid=1000(system) Binder:1114_7 expire 6 lines
03-16 09:11:55.078  1114  2477 I chatty  : uid=1000(system) Binder:1114_9 expire 12 lines
03-16 09:11:55.082  1114 18578 I chatty  : uid=1000(system) Binder:1114_15 expire 10 lines
03-16 09:11:55.331  1114 11544 I chatty  : uid=1000(system) Binder:1114_10 expire 5 lines
03-16 09:11:56.648  1114  1219 I chatty  : uid=1000(system) android.anim expire 1 line
03-16 09:14:56.973  1596  1596 I Telephony: PstnIncomingCallNotifier: Unregistering: Handler (com.android.internal.telephony.GsmCdmaPhone) {fab9a10}
03-16 09:14:57.006  1596  1596 I Telephony: AccountEntry: Registered phoneAccount: [[ ] PhoneAccount: ComponentInfo{com.android.phone/com.android.services.telephony.TelephonyConnectionService}, [****], UserHandle{0} Capabilities: CallProvider MultiUser PlaceEmerg SimSub  Audio Routes: BESW Schemes: tel voicemail  Extras: Bundle[{android.telecom.extra.SUPPORTS_VIDEO_CALLING_FALLBACK=true, android.telecom.extra.SUPPORTS_HANDOVER_FROM=true}] GroupId: [****]] with handle: ComponentInfo{com.android.phone/com.android.services.telephony.TelephonyConnectionService}, [****], UserHandle{0}
03-16 09:14:57.007  1596  1596 I Telephony: PstnIncomingCallNotifier: Registering: Handler (com.android.internal.telephony.GsmCdmaPhone) {fab9a10}
03-16 09:14:57.026  1596  1596 I Telephony: PstnPhoneCapabilitiesNotifier: handleVideoCapabilitesChanged. Video capability - false
03-16 09:14:57.060  1596  1596 I Telephony: PstnIncomingCallNotifier: Unregistering: Handler (com.android.internal.telephony.GsmCdmaPhone) {fab9a10}
03-16 09:14:57.068  1596  1596 I Telephony: AccountEntry: Registered phoneAccount: [[ ] PhoneAccount: ComponentInfo{com.android.phone/com.android.services.telephony.TelephonyConnectionService}, [****], UserHandle{0} Capabilities: CallProvider MultiUser PlaceEmerg SimSub  Audio Routes: BESW Schemes: tel voicemail  Extras: Bundle[{android.telecom.extra.SUPPORTS_VIDEO_CALLING_FALLBACK=true, android.telecom.extra.SUPPORTS_HANDOVER_FROM=true}] GroupId: [****]] with handle: ComponentInfo{com.android.phone/com.android.services.telephony.TelephonyConnectionService}, [****], UserHandle{0}
03-16 09:14:57.068  1596  1596 I Telephony: PstnIncomingCallNotifier: Registering: Handler (com.android.internal.telephony.GsmCdmaPhone) {fab9a10}
03-16 09:14:57.132  1596  1596 I Telephony: PstnPhoneCapabilitiesNotifier: handleVideoCapabilitesChanged. Video capability - false
03-16 09:14:59.074  1596  1596 I Telephony: TelephonyConnectionService: onCreateIncomingConnection, request: ConnectionRequest xxxxxxxxxxxxxxxxxx Bundle[mParcelledData.dataSize=508]: (SBC.oSC)->CS.crCo->H.CS.crCo->H.CS.crCo.pICR@E-QaA
03-16 09:14:59.080  1114  2477 I chatty  : uid=1000(system) Binder:1114_9 expire 8 lines
03-16 09:14:59.081  1114 21829 I chatty  : uid=1000 system_server expire 1 line
03-16 09:14:59.083  1596  1596 I Telephony: TelephonyConnectionService: notifyCreateConnectionComplete TC@56_1: (...->CSW.hCCC)->CS.crCoC->H.CS.crCoC@E-E-E-QaA
03-16 09:14:59.138  1114  1114 I chatty  : uid=1000 system_server expire 26 lines
03-16 09:14:59.205  1114  1701 I chatty  : uid=1000(system) CallAudioModeSt expire 7 lines
03-16 09:14:59.205  1114  1699 I chatty  : uid=1000(system) uteStateMachine expire 14 lines
03-16 09:14:59.273  6733 32497 I AlwaysOnHotwordDetector: onRecognitionPaused
03-16 09:15:06.146  1114  2676 I chatty  : uid=1000(system) Binder:1114_B expire 19 lines
03-16 09:15:06.155  1114  1138 I chatty  : uid=1000(system) ActivityManager expire 10 lines
03-16 09:15:06.201  6733 32497 I AlwaysOnHotwordDetector: onRecognitionResumed
03-16 09:15:06.210  1114  1695 I chatty  : uid=1000(system) BluetoothRouteM expire 2 lines
03-16 09:15:06.211  1114  1699 I chatty  : uid=1000(system) uteStateMachine expire 1 line
03-16 09:15:06.293  1114  1623 I chatty  : uid=1000(system) Binder:1114_8 expire 9 lines
03-16 09:15:06.607 21960 21960 E SchedPolicy: set_timerslack_ns write failed: Operation not permitted
03-16 09:15:06.907  1114  1234 I chatty  : uid=1000(system) InputDispatcher expire 2 lines
03-16 09:15:08.082  1114  1250 I chatty  : uid=1000(system) NetworkPolicy expire 6 lines
03-16 09:15:08.457  1114  1114 I chatty  : uid=1000 system_server expire 21 lines
03-16 09:15:12.764  1114  1235 I chatty  : uid=1000(system) InputReader expire 4 lines
03-16 09:15:13.226  1114  1164 I chatty  : uid=1000(system) PowerManagerSer expire 13 lines
03-16 09:15:13.314  1114  1162 I chatty  : uid=1000(system) android.display expire 15 lines
03-16 09:15:13.538  1114  1160 I chatty  : uid=1000(system) android.fg expire 13 lines
03-16 09:15:54.442  1114  2679 I chatty  : uid=1000(system) Binder:1114_D expire 3 lines
03-16 09:15:54.971  1114  2676 I chatty  : uid=1000(system) Binder:1114_B expire 7 lines
03-16 09:15:55.507  1114  2477 I chatty  : uid=1000(system) Binder:1114_9 expire 1 line
03-16 09:15:55.923  1114 11544 I chatty  : uid=1000(system) Binder:1114_10 expire 5 lines
03-16 09:15:56.015  1114 12506 I chatty  : uid=1000(system) Binder:1114_13 expire 5 lines
03-16 09:16:17.996  1114  1227 I chatty  : uid=1000(system) AlarmManager expire 7 lines
03-16 09:16:26.416  1331  1331 V DeadZone: consuming errant click: (466.0,4.0)
03-16 09:18:01.358  1114  1137 I chatty  : uid=1000(system) android.bg expire 13 lines
03-16 09:18:01.387  1114  1258 I chatty  : uid=1000(system) ConnectivitySer expire 12 lines
03-16 09:18:46.635  1114  1164 I chatty  : uid=1000(system) PowerManagerSer expire 19 lines
03-16 09:19:47.240  1114 18578 I chatty  : uid=1000(system) Binder:1114_15 expire 1 line
03-16 09:19:47.307  1114 29644 I chatty  : uid=1000(system) Binder:1114_19 expire 1 line
03-16 09:19:47.319  1114  3104 I chatty  : uid=1000(system) Binder:1114_E expire 2 lines
03-16 09:19:47.384  1114 30814 I chatty  : uid=1000(system) Binder:1114_1C expire 9 lines
03-16 09:19:47.384  1114 30074 I chatty  : uid=1000(system) Binder:1114_1B expire 2 lines
03-16 09:38:41.881  6733 32497 I AlwaysOnHotwordDetector: onDetected
03-16 09:39:19.445  1114  1618 I chatty  : uid=1000(system) Binder:1114_6 expire 2 lines
03-16 09:39:24.181  1114  1164 I chatty  : uid=1000(system) PowerManagerSer expire 17 lines
03-16 09:39:24.791  1114  1114 I chatty  : uid=1000 system_server expire 8 lines
03-16 09:39:24.799  1114  1132 I chatty  : uid=1000(system) Binder:1114_2 expire 4 lines
03-16 09:39:24.843  1114  2677 I chatty  : uid=1000(system) Binder:1114_C expire 2 lines
03-16 09:39:26.261  1114  1258 I chatty  : uid=1000(system) ConnectivitySer expire 8 lines
03-16 09:39:26.360  1114 12175 I chatty  : uid=1000(system) Binder:1114_12 expire 4 lines
03-16 09:39:32.699  1114  1138 I chatty  : uid=1000(system) ActivityManager expire 1 line
03-16 09:42:51.298  1114  1137 I chatty  : uid=1000(system) android.bg expire 6 lines
03-16 09:42:51.320  1114  1363 I chatty  : uid=1000(system) Binder:1114_4 expire 1 line
03-16 09:50:03.523  1114  1114 I chatty  : uid=1000 system_server expire 16 lines
03-16 09:50:03.561  1114  1623 I chatty  : uid=1000(system) Binder:1114_8 expire 2 lines
03-16 09:50:03.840  1114  1164 I chatty  : uid=1000(system) PowerManagerSer expire 10 lines
03-16 09:50:03.962  1114  1162 I chatty  : uid=1000(system) android.display expire 3 lines
03-16 09:50:04.461   835   835 E wificond: NL80211_CMD_TRIGGER_SCAN failed: Device or resource busy
03-16 09:50:04.599  1114  8222 I chatty  : uid=1000(system) Binder:1114_1F expire 2 lines
03-16 09:50:04.600  1114  1160 I chatty  : uid=1000(system) android.fg expire 4 lines
03-16 09:50:04.626  1114 30814 I chatty  : uid=1000(system) Binder:1114_1C expire 5 lines
03-16 09:50:04.848   835   835 E wificond: NL80211_CMD_TRIGGER_SCAN failed: Device or resource busy
03-16 09:50:05.967  1114  2676 I chatty  : uid=1000(system) Binder:1114_B expire 2 lines
03-16 09:50:06.515   835   835 E wificond: NL80211_CMD_TRIGGER_SCAN failed: Device or resource busy
03-16 09:50:07.404  2920  3693 E ActivityThread: Failed to find provider info for com.google.android.gms.common.phenotype
03-16 09:50:09.044  1114  1138 I chatty  : uid=1000(system) ActivityManager expire 10 lines
03-16 09:50:09.734  1114  1622 I chatty  : uid=1000(system) Binder:1114_7 expire 12 lines
03-16 09:50:13.476  1114  1695 I chatty  : uid=1000(system) BluetoothRouteM expire 1 line
03-16 09:50:13.476  1114  1699 I chatty  : uid=1000(system) uteStateMachine expire 6 lines
03-16 09:50:18.877  1114  1234 I chatty  : uid=1000(system) InputDispatcher expire 2 lines
03-16 09:50:31.387  1114  1258 I chatty  : uid=1000(system) ConnectivitySer expire 23 lines
03-16 09:50:31.458  1114  1250 I chatty  : uid=1000(system) NetworkPolicy expire 21 lines
03-16 09:51:06.666  1114  1139 I chatty  : uid=1000(system) android.ui expire 14 lines
03-16 09:51:06.760  1114  1227 I chatty  : uid=1000(system) AlarmManager expire 3 lines
03-16 09:51:07.449  1114  1219 I chatty  : uid=1000(system) android.anim expire 3 lines
03-16 09:51:19.625  1114  3104 I chatty  : uid=1000(system) Binder:1114_E expire 3 lines
03-16 09:52:42.716  1114  4211 I chatty  : uid=1000(system) Binder:1114_F expire 1 line
03-16 09:52:42.786  1114  1142 I chatty  : uid=1000(system) batterystats-wo expire 3 lines
03-16 09:53:52.676  1114 29644 I chatty  : uid=1000(system) Binder:1114_19 expire 1 line
03-16 09:53:52.684  1114  7592 I chatty  : uid=1000(system) Binder:1114_1D expire 6 lines
03-16 09:53:53.253  1114 22956 I chatty  : uid=1000(system) Binder:1114_18 expire 2 lines
03-16 09:54:05.773  1114  1137 I chatty  : uid=1000(system) android.bg expire 7 lines
03-16 09:54:37.745  1114  1615 I chatty  : uid=1000(system) Binder:1114_5 expire 1 line
03-16 09:54:37.754  1114 30074 I chatty  : uid=1000(system) Binder:1114_1B expire 2 lines
03-16 09:54:38.160  1114 12174 I chatty  : uid=1000(system) Binder:1114_11 expire 5 lines
03-16 09:54:38.230  1114  1131 I chatty  : uid=1000(system) Binder:1114_1 expire 6 lines
03-16 09:54:38.240  1114  7593 I chatty  : uid=1000(system) Binder:1114_1E expire 5 lines
03-16 09:54:38.348  1114 22954 I chatty  : uid=1000(system) Binder:1114_16 expire 4 lines
03-16 09:55:54.562  1331  1331 V DeadZone: consuming errant click: (37.0,15.0)
03-16 09:57:07.316  1114  2477 I chatty  : uid=1000(system) Binder:1114_9 expire 9 lines
03-16 10:00:00.046  1114  1264 I chatty  : uid=1000(system) onProviders.ECP expire 1 line
03-16 10:01:18.640  1114  1250 I chatty  : uid=1000(system) NetworkPolicy expire 15 lines
03-16 10:03:11.185  1114  1163 I chatty  : uid=1000(system) CpuTracker expire 1 line
03-16 10:03:41.138   835   835 W wificond: Scan is not started. Ignore abort request
03-16 10:03:41.325  1114  1253 I chatty  : uid=1000(system) WifiStateMachin expire 1 line
03-16 10:03:47.480  1114  1271 I chatty  : uid=1000(system) Binder:1114_3 expire 1 line
03-16 10:03:55.597  1114  2677 I chatty  : uid=1000(system) Binder:1114_C expire 1 line
03-16 10:04:07.230   835   835 W wificond: Failed to get NL80211_ATTR_STATUS_CODE
03-16 10:04:10.930  1114  1114 I chatty  : uid=1000 system_server expire 4 lines
03-16 10:04:17.262  1114  1258 I chatty  : uid=1000(system) ConnectivitySer expire 1 line
03-16 10:05:00.998  1114  1235 I chatty  : uid=1000(system) InputReader expire 1 line
03-16 10:05:01.227  1114  1139 I chatty  : uid=1000(system) android.ui expire 3 lines
03-16 10:05:02.159  1114  1164 I chatty  : uid=1000(system) PowerManagerSer expire 13 lines
03-16 10:05:02.160  1114  1162 I chatty  : uid=1000(system) android.display expire 19 lines
03-16 10:05:02.174  1114 12174 I chatty  : uid=1000(system) Binder:1114_11 expire 2 lines
03-16 10:05:02.367  1114  2679 I chatty  : uid=1000(system) Binder:1114_D expire 5 lines
03-16 10:05:02.592  1114 30074 I chatty  : uid=1000(system) Binder:1114_1B expire 2 lines
03-16 10:05:36.067  1114  1114 I chatty  : uid=1000 system_server expire 29 lines
03-16 10:05:36.072  1114  1622 I chatty  : uid=1000(system) Binder:1114_7 expire 6 lines
03-16 10:05:36.134  1114  1219 I chatty  : uid=1000(system) android.anim expire 1 line
03-16 10:05:36.838  1114  1160 I chatty  : uid=1000(system) android.fg expire 11 lines
03-16 10:05:36.876  1114  2668 I chatty  : uid=1000(system) Binder:1114_A expire 4 lines
03-16 10:05:37.567  1114  2477 I chatty  : uid=1000(system) Binder:1114_9 expire 8 lines
03-16 10:05:37.567  1114  1138 I chatty  : uid=1000(system) ActivityManager expire 8 lines
03-16 10:05:56.965 25237 25318 E ActivityThread: Failed to find provider info for com.facebook.katana.provider.AttributionIdProvider
03-16 10:06:05.891  1114  1227 I chatty  : uid=1000(system) AlarmManager expire 8 lines
03-16 10:08:26.634  1114  1234 I chatty  : uid=1000(system) InputDispatcher expire 1 line
03-16 10:08:29.879  1114  1235 I chatty  : uid=1000(system) InputReader expire 3 lines
03-16 10:08:30.359  1114  1164 I chatty  : uid=1000(system) PowerManagerSer expire 38 lines
03-16 10:16:15.480  1114  1137 I chatty  : uid=1000(system) android.bg expire 9 lines
03-16 10:16:15.493  1114  1258 I chatty  : uid=1000(system) ConnectivitySer expire 12 lines
03-16 10:16:15.518  1114 12175 I chatty  : uid=1000(system) Binder:1114_12 expire 5 lines
03-16 10:16:15.529  1114 30814 I chatty  : uid=1000(system) Binder:1114_1C expire 4 lines
03-16 10:25:19.337  1114  1250 I chatty  : uid=1000(system) NetworkPolicy expire 3 lines
03-16 10:35:40.434  1114  1131 I chatty  : uid=1000(system) Binder:1114_1 expire 5 lines
03-16 10:35:40.435  1114  5450 I chatty  : uid=1000(system) Binder:1114_20 expire 2 lines
03-16 10:36:18.649  1114  1363 I chatty  : uid=1000(system) Binder:1114_4 expire 2 lines
03-16 10:36:49.868  1114 22956 I chatty  : uid=1000(system) Binder:1114_18 expire 3 lines
03-16 10:36:50.348  1114 22955 I chatty  : uid=1000(system) Binder:1114_17 expire 3 lines
03-16 10:40:12.204  1114  1618 I chatty  : uid=1000(system) Binder:1114_6 expire 5 lines
03-16 10:40:12.322  1114  7593 I chatty  : uid=1000(system) Binder:1114_1E expire 4 lines
03-16 10:40:12.417  1114  2677 I chatty  : uid=1000(system) Binder:1114_C expire 1 line
03-16 10:40:13.747  1114  1623 I chatty  : uid=1000(system) Binder:1114_8 expire 2 lines
03-16 10:43:21.194  1114  8222 I chatty  : uid=1000(system) Binder:1114_1F expire 1 line
03-16 10:43:22.329  1114 18578 I chatty  : uid=1000(system) Binder:1114_15 expire 4 lines
03-16 10:43:32.611  1114  1164 I chatty  : uid=1000(system) PowerManagerSer expire 26 lines
03-16 10:43:32.612  1114  1160 I chatty  : uid=1000(system) android.fg expire 8 lines
03-16 10:43:32.707  1114  1162 I chatty  : uid=1000(system) android.display expire 10 lines
03-16 10:43:32.719  1114 22954 I chatty  : uid=1000(system) Binder:1114_16 expire 1 line
03-16 10:43:32.820  1114 13267 I chatty  : uid=1000(system) Binder:1114_14 expire 5 lines
03-16 10:43:32.822  1114 22955 I chatty  : uid=1000(system) Binder:1114_17 expire 6 lines
03-16 10:43:32.827  1114  1132 I chatty  : uid=1000(system) Binder:1114_2 expire 4 lines
03-16 10:43:33.886  1114  1138 I chatty  : uid=1000(system) ActivityManager expire 3 lines
03-16 10:46:35.158  1114  1137 I chatty  : uid=1000(system) android.bg expire 12 lines
03-16 10:46:58.595  1114  1258 I chatty  : uid=1000(system) ConnectivitySer expire 9 lines
03-16 10:46:58.634  1114  2677 I chatty  : uid=1000(system) Binder:1114_C expire 6 lines
03-16 10:47:08.379  1114  1227 I chatty  : uid=1000(system) AlarmManager expire 15 lines
03-16 10:48:01.620  1114  1114 I chatty  : uid=1000 system_server expire 13 lines
03-16 10:48:01.626  1114  1131 I chatty  : uid=1000(system) Binder:1114_1 expire 2 lines
03-16 10:48:03.158  1114 30073 I chatty  : uid=1000(system) Binder:1114_1A expire 1 line
03-16 10:49:35.731  1114 12174 I chatty  : uid=1000(system) Binder:1114_11 expire 6 lines
03-16 10:49:38.823  1114  1235 I chatty  : uid=1000(system) InputReader expire 1 line
03-16 10:50:25.956  6733 32497 I AlwaysOnHotwordDetector: onDetected
03-16 10:57:11.557  1114 30814 I chatty  : uid=1000(system) Binder:1114_1C expire 3 lines
03-16 10:58:45.417  1114  1250 I chatty  : uid=1000(system) NetworkPolicy expire 9 lines
03-16 10:58:47.822  6733 32497 I AlwaysOnHotwordDetector: onDetected
03-16 10:58:50.182  1114  7593 I chatty  : uid=1000(system) Binder:1114_1E expire 5 lines
03-16 11:02:05.908  1114  1164 I chatty  : uid=1000(system) PowerManagerSer expire 19 lines
03-16 11:02:05.971  1114  1162 I chatty  : uid=1000(system) android.display expire 8 lines
03-16 11:12:22.000  6733  6744 I AlwaysOnHotwordDetector: onDetected
03-16 11:17:01.287  1114  1114 I chatty  : uid=1000 system_server expire 16 lines
03-16 11:23:56.443  1114  1137 I chatty  : uid=1000(system) android.bg expire 3 lines
03-16 11:23:56.840  1114  4211 I chatty  : uid=1000(system) Binder:1114_F expire 5 lines
03-16 11:39:19.449  1114  1615 I chatty  : uid=1000(system) Binder:1114_5 expire 5 lines
03-16 11:39:19.905  1114  8222 I chatty  : uid=1000(system) Binder:1114_1F expire 2 lines
03-16 11:43:54.199  1114  2676 I chatty  : uid=1000(system) Binder:1114_B expire 1 line
03-16 11:49:24.406  1114  5450 I chatty  : uid=1000(system) Binder:1114_20 expire 1 line
03-16 12:19:22.369  1114  2477 I chatty  : uid=1000(system) Binder:1114_9 expire 5 lines
03-16 12:19:22.689  1114  1271 I chatty  : uid=1000(system) Binder:1114_3 expire 2 lines
03-16 12:19:22.693  1114  2679 I chatty  : uid=1000(system) Binder:1114_D expire 1 line
03-16 12:19:23.588  1114 11544 I chatty  : uid=1000(system) Binder:1114_10 expire 5 lines
03-16 12:19:24.766  1114  2668 I chatty  : uid=1000(system) Binder:1114_A expire 6 lines
03-16 12:19:25.190  1114  1131 I chatty  : uid=1000(system) Binder:1114_1 expire 7 lines
03-16 12:19:25.506  1114  7593 I chatty  : uid=1000(system) Binder:1114_1E expire 4 lines
03-16 12:19:25.995  1114  1622 I chatty  : uid=1000(system) Binder:1114_7 expire 4 lines
03-16 12:19:26.559  1114  2677 I chatty  : uid=1000(system) Binder:1114_C expire 6 lines
03-16 12:19:26.721  1114  1618 I chatty  : uid=1000(system) Binder:1114_6 expire 2 lines
03-16 12:19:27.728  1114  1138 I chatty  : uid=1000(system) ActivityManager expire 12 lines
03-16 12:19:30.302  1114  2676 I chatty  : uid=1000(system) Binder:1114_B expire 3 lines
03-16 12:19:30.312  1114 22956 I chatty  : uid=1000(system) Binder:1114_18 expire 10 lines
03-16 12:19:31.488  1114  1132 I chatty  : uid=1000(system) Binder:1114_2 expire 6 lines
03-16 12:19:31.908  1114  7592 I chatty  : uid=1000(system) Binder:1114_1D expire 10 lines
03-16 12:19:32.501  1114  1234 I chatty  : uid=1000(system) InputDispatcher expire 3 lines
03-16 12:19:32.992  1114  1623 I chatty  : uid=1000(system) Binder:1114_8 expire 3 lines
03-16 12:19:32.996  1114 22954 I chatty  : uid=1000(system) Binder:1114_16 expire 4 lines
03-16 12:19:33.114  1114 12506 I chatty  : uid=1000(system) Binder:1114_13 expire 1 line
03-16 12:19:33.438  1114  1114 I chatty  : uid=1000 system_server expire 7 lines
03-16 12:19:33.845 28296 28296 E SchedPolicy: set_timerslack_ns write failed: Operation not permitted
03-16 12:19:34.123  1114 12175 I chatty  : uid=1000(system) Binder:1114_12 expire 5 lines
03-16 12:19:36.232  1114  1363 I chatty  : uid=1000(system) Binder:1114_4 expire 1 line
03-16 12:19:37.598  1114  2477 I chatty  : uid=1000(system) Binder:1114_9 expire 3 lines
03-16 12:19:37.605  1114  1250 I chatty  : uid=1000(system) NetworkPolicy expire 27 lines
03-16 12:19:38.021  1114  4211 I chatty  : uid=1000(system) Binder:1114_F expire 1 line
03-16 12:19:38.279  1114  5450 I chatty  : uid=1000(system) Binder:1114_20 expire 8 lines
03-16 12:19:38.285  1114 30073 I chatty  : uid=1000(system) Binder:1114_1A expire 2 lines
03-16 12:19:38.885 28744 28764 W ContextImpl: Calling a method in the system process without a qualified user: android.app.ContextImpl.bindService:1556 android.content.ContextWrapper.bindService:684 com.google.android.gms.common.stats.zza.zza:17 com.google.android.gms.common.internal.zzah.zzcr:22 com.google.android.gms.common.internal.zzag.zza:55 
03-16 12:19:39.186 28744 28764 W ContextImpl: Calling a method in the system process without a qualified user: android.app.ContextImpl.bindService:1556 android.content.ContextWrapper.bindService:684 com.google.android.gms.common.stats.zza.zza:17 com.google.android.gms.common.internal.zzah.zzcr:22 com.google.android.gms.common.internal.zzag.zza:55 
03-16 12:19:41.882  1114  1235 I chatty  : uid=1000(system) InputReader expire 1 line
03-16 12:19:41.962  1114 30074 I chatty  : uid=1000(system) Binder:1114_1B expire 2 lines
03-16 12:19:42.399  1114  1164 I chatty  : uid=1000(system) PowerManagerSer expire 17 lines
03-16 12:19:42.497  1114  1162 I chatty  : uid=1000(system) android.display expire 5 lines
03-16 12:19:42.698  1114  1160 I chatty  : uid=1000(system) android.fg expire 4 lines
03-16 12:21:11.791   835   835 E wificond: NL80211_CMD_TRIGGER_SCAN failed: Device or resource busy
03-16 12:21:11.808   835   835 E wificond: NL80211_CMD_TRIGGER_SCAN failed: Device or resource busy
03-16 12:21:12.517  1114  2679 I chatty  : uid=1000(system) Binder:1114_D expire 1 line
03-16 12:21:13.807  1114  1227 I chatty  : uid=1000(system) AlarmManager expire 1 line
03-16 12:21:13.809   835   835 E wificond: NL80211_CMD_TRIGGER_SCAN failed: Device or resource busy
03-16 12:21:15.195   835   835 W wificond: Scan is not started. Ignore abort request
03-16 12:21:15.321  1114 30814 I chatty  : uid=1000(system) Binder:1114_1C expire 4 lines
03-16 12:21:18.907  1114  3104 I chatty  : uid=1000(system) Binder:1114_E expire 4 lines
03-16 12:21:18.909  1114 22955 I chatty  : uid=1000(system) Binder:1114_17 expire 2 lines
03-16 12:21:18.911  1114 22956 I chatty  : uid=1000(system) Binder:1114_18 expire 3 lines
03-16 12:21:32.893  1114  1258 I chatty  : uid=1000(system) ConnectivitySer expire 15 lines
03-16 12:24:22.477   835   835 W wificond: Scan is not started. Ignore abort request
03-16 12:24:23.753  1114  1253 I chatty  : uid=1000(system) WifiStateMachin expire 1 line
03-16 12:24:23.954  1114  1250 I chatty  : uid=1000(system) NetworkPolicy expire 12 lines
03-16 12:24:25.517  1114 13267 I chatty  : uid=1000(system) Binder:1114_14 expire 3 lines
03-16 12:24:25.517  1114  1363 I chatty  : uid=1000(system) Binder:1114_4 expire 11 lines
03-16 12:24:25.518  1114 11544 I chatty  : uid=1000(system) Binder:1114_10 expire 9 lines
03-16 12:24:25.527  1114  8222 I chatty  : uid=1000(system) Binder:1114_1F expire 8 lines
03-16 12:24:25.536  1114  1162 I chatty  : uid=1000(system) android.display expire 6 lines
03-16 12:24:25.590  1114  1142 I chatty  : uid=1000(system) batterystats-wo expire 7 lines
03-16 12:24:25.639  1114  1137 I chatty  : uid=1000(system) android.bg expire 13 lines
03-16 12:24:25.768  1114 18578 I chatty  : uid=1000(system) Binder:1114_15 expire 3 lines
03-16 12:24:26.084  1114  1138 I chatty  : uid=1000(system) ActivityManager expire 12 lines
03-16 12:24:26.985  1114 22955 I chatty  : uid=1000(system) Binder:1114_17 expire 10 lines
03-16 12:24:29.558  1114 12506 I chatty  : uid=1000(system) Binder:1114_13 expire 11 lines
03-16 12:24:29.590  1114  2677 I chatty  : uid=1000(system) Binder:1114_C expire 8 lines
03-16 12:24:54.288  1114  1258 I chatty  : uid=1000(system) ConnectivitySer expire 10 lines
03-16 12:25:27.285  1114  2676 I chatty  : uid=1000(system) Binder:1114_B expire 9 lines
03-16 12:26:00.417  1114  1227 I chatty  : uid=1000(system) AlarmManager expire 3 lines
03-16 12:26:05.837   835   835 W wificond: Failed to get NL80211_ATTR_STATUS_CODE
03-16 12:27:13.452  1114  1114 I chatty  : uid=1000 system_server expire 11 lines
03-16 12:28:18.850  1114  7592 I chatty  : uid=1000(system) Binder:1114_1D expire 4 lines
03-16 12:28:20.019  1114 22954 I chatty  : uid=1000(system) Binder:1114_16 expire 4 lines
03-16 12:29:26.990  1114  1622 I chatty  : uid=1000(system) Binder:1114_7 expire 3 lines
03-16 12:29:27.935 31157 31240 E ActivityThread: Failed to find provider info for com.facebook.katana.provider.AttributionIdProvider
03-16 12:32:06.230  1114  1618 I chatty  : uid=1000(system) Binder:1114_6 expire 5 lines
03-16 12:32:23.019  1114  1623 I chatty  : uid=1000(system) Binder:1114_8 expire 4 lines
03-16 12:32:38.430  1114  5450 I chatty  : uid=1000(system) Binder:1114_20 expire 2 lines
03-16 12:34:05.745  1114  1132 I chatty  : uid=1000(system) Binder:1114_2 expire 3 lines
03-16 12:34:06.058  1114  1131 I chatty  : uid=1000(system) Binder:1114_1 expire 5 lines
03-16 12:34:21.517  1114  1615 I chatty  : uid=1000(system) Binder:1114_5 expire 1 line
03-16 12:35:10.009  1114 30814 I chatty  : uid=1000(system) Binder:1114_1C expire 3 lines
03-16 12:35:27.638  1114  1234 I chatty  : uid=1000(system) InputDispatcher expire 1 line
03-16 12:35:47.867  1331  1331 V DeadZone: consuming errant click: (784.0,3.0)
03-16 12:35:48.240  1331  1331 V DeadZone: consuming errant click: (795.0,6.0)
03-16 12:35:51.686  1114  1137 I chatty  : uid=1000(system) android.bg expire 5 lines
03-16 12:36:19.533  1114 12506 I chatty  : uid=1000(system) Binder:1114_13 expire 4 lines
03-16 12:36:33.126  1114  1235 I chatty  : uid=1000(system) InputReader expire 1 line
03-16 12:36:33.697  1114  1164 I chatty  : uid=1000(system) PowerManagerSer expire 10 lines
03-16 12:36:34.032  1114  1160 I chatty  : uid=1000(system) android.fg expire 6 lines
03-16 12:38:21.897 20942 32579 E ActivityThread: Failed to find provider info for com.dianxinos.dxbs.DuCandyCooProvider
03-16 12:38:21.902 20942 32579 E ActivityThread: Failed to find provider info for com.dianxinos.optimizer.duplay.DuCandyCooProvider
03-16 12:38:21.916 20942 32579 E ActivityThread: Failed to find provider info for com.estrongs.android.pop.DuCandyCooProvider
03-16 12:38:21.954  1114  5563 I chatty  : uid=1000(system) HwBinder:1114_4 expire 2 lines
03-16 12:38:23.871  1114  1114 I chatty  : uid=1000 system_server expire 2 lines
03-16 12:38:23.932  1114  1164 I chatty  : uid=1000(system) PowerManagerSer expire 7 lines
03-16 12:38:24.500  1114  1139 I chatty  : uid=1000(system) android.ui expire 3 lines
03-16 12:38:25.020  1114  1219 I chatty  : uid=1000(system) android.anim expire 4 lines
03-16 12:38:25.316  1114  1138 I chatty  : uid=1000(system) ActivityManager expire 4 lines
03-16 12:38:27.996  1114  1234 I chatty  : uid=1000(system) InputDispatcher expire 3 lines
03-16 12:38:28.071  1114 18578 I chatty  : uid=1000(system) Binder:1114_15 expire 5 lines
03-16 12:38:44.014  1114  1131 I chatty  : uid=1000(system) Binder:1114_1 expire 2 lines
03-16 12:38:45.629  1114 22954 I chatty  : uid=1000(system) Binder:1114_16 expire 3 lines
03-16 12:38:45.702  1114  1142 I chatty  : uid=1000(system) batterystats-wo expire 2 lines
03-16 12:38:54.306  1114  1114 I chatty  : uid=1000 system_server expire 13 lines
03-16 12:38:55.157  1114  1618 I chatty  : uid=1000(system) Binder:1114_6 expire 8 lines
03-16 12:38:56.107  1114  7592 I chatty  : uid=1000(system) Binder:1114_1D expire 1 line
03-16 12:38:56.524  1114  1623 I chatty  : uid=1000(system) Binder:1114_8 expire 3 lines
03-16 12:40:00.053  1114  1264 I chatty  : uid=1000(system) onProviders.ECP expire 1 line
03-16 12:40:59.156  1114  2557 I chatty  : uid=1000(system) backup expire 1 line
03-16 12:41:24.174  1114  1227 I chatty  : uid=1000(system) AlarmManager expire 4 lines
03-16 12:41:32.861  1114  1132 I chatty  : uid=1000(system) Binder:1114_2 expire 3 lines
03-16 12:43:31.848  1114  1164 I chatty  : uid=1000(system) PowerManagerSer expire 13 lines
03-16 12:43:32.471  1114  1162 I chatty  : uid=1000(system) android.display expire 12 lines
03-16 12:43:32.703  1114  1160 I chatty  : uid=1000(system) android.fg expire 13 lines
03-16 12:43:54.889  1114  1615 I chatty  : uid=1000(system) Binder:1114_5 expire 7 lines
03-16 12:43:56.281  1114  1622 I chatty  : uid=1000(system) Binder:1114_7 expire 3 lines
03-16 12:43:58.182  1331  1331 V DeadZone: consuming errant click: (194.0,19.0)
03-16 12:44:01.866  1114  5450 I chatty  : uid=1000(system) Binder:1114_20 expire 7 lines
03-16 12:44:25.335  1114  1114 I chatty  : uid=1000 system_server expire 25 lines
03-16 12:44:32.682  1114  1235 I chatty  : uid=1000(system) InputReader expire 3 lines
03-16 12:44:33.171  1114  1164 I chatty  : uid=1000(system) PowerManagerSer expire 11 lines
03-16 12:44:46.570  1114 29644 I chatty  : uid=1000(system) Binder:1114_19 expire 2 lines
03-16 12:45:10.264  1808  1938 E ActivityThread: Failed to find provider info for com.facebook.katana.provider.AttributionIdProvider
03-16 12:45:12.185  1114  1250 I chatty  : uid=1000(system) NetworkPolicy expire 6 lines
03-16 12:48:24.230  1114  1137 I chatty  : uid=1000(system) android.bg expire 7 lines
03-16 12:48:49.653  1114 22955 I chatty  : uid=1000(system) Binder:1114_17 expire 7 lines
03-16 12:49:54.716  1114  1164 I chatty  : uid=1000(system) PowerManagerSer expire 22 lines
03-16 12:52:04.796  1114  1258 I chatty  : uid=1000(system) ConnectivitySer expire 3 lines
03-16 12:56:55.701  1114  8222 I chatty  : uid=1000(system) Binder:1114_1F expire 2 lines
03-16 12:57:03.767  1114  1139 I chatty  : uid=1000(system) android.ui expire 5 lines
03-16 12:57:29.150  1114  1363 I chatty  : uid=1000(system) Binder:1114_4 expire 2 lines
03-16 12:59:24.380  1114  1164 I chatty  : uid=1000(system) PowerManagerSer expire 19 lines
03-16 12:59:24.380  1114  1160 I chatty  : uid=1000(system) android.fg expire 8 lines
03-16 12:59:24.456  1114 22955 I chatty  : uid=1000(system) Binder:1114_17 expire 5 lines
03-16 12:59:25.529  1114  8222 I chatty  : uid=1000(system) Binder:1114_1F expire 9 lines
03-16 12:59:35.901  1114  1114 I chatty  : uid=1000 system_server expire 20 lines
03-16 13:00:01.142  1114 22954 I chatty  : uid=1000(system) Binder:1114_16 expire 3 lines
03-16 13:00:27.655  1114  1615 I chatty  : uid=1000(system) Binder:1114_5 expire 1 line
03-16 13:00:31.375  1114 18578 I chatty  : uid=1000(system) Binder:1114_15 expire 2 lines
03-16 13:00:34.719  1114  5450 I chatty  : uid=1000(system) Binder:1114_20 expire 2 lines
03-16 13:00:36.913  1114  1234 I chatty  : uid=1000(system) InputDispatcher expire 2 lines
03-16 13:00:37.958  1114  1235 I chatty  : uid=1000(system) InputReader expire 1 line
03-16 13:00:38.426  1114  1162 I chatty  : uid=1000(system) android.display expire 12 lines
03-16 13:01:27.502  1114  1227 I chatty  : uid=1000(system) AlarmManager expire 6 lines
03-16 13:09:49.046  1114 22956 I chatty  : uid=1000(system) Binder:1114_18 expire 1 line
03-16 13:10:21.972  1114  1137 I chatty  : uid=1000(system) android.bg expire 12 lines
03-16 13:10:21.993  1114  1258 I chatty  : uid=1000(system) ConnectivitySer expire 12 lines
03-16 13:12:33.659  1114  1132 I chatty  : uid=1000(system) Binder:1114_2 expire 1 line
03-16 13:15:00.054  1114 12175 I chatty  : uid=1000(system) Binder:1114_12 expire 3 lines
03-16 13:17:18.397  1114  1167 I chatty  : uid=1000(system) PackageManager expire 9 lines
03-16 13:17:19.154  1114  1138 I chatty  : uid=1000(system) ActivityManager expire 12 lines
03-16 13:17:20.340  1114 11544 I chatty  : uid=1000(system) Binder:1114_10 expire 1 line
03-16 13:17:20.667  1114  1618 I chatty  : uid=1000(system) Binder:1114_6 expire 2 lines
03-16 13:17:21.006  1114  2676 I chatty  : uid=1000(system) Binder:1114_B expire 11 lines
03-16 13:17:21.034  1114  1131 I chatty  : uid=1000(system) Binder:1114_1 expire 1 line
03-16 13:20:21.799  1114  1139 I chatty  : uid=1000(system) android.ui expire 1 line
03-16 13:20:29.564  1114 12506 I chatty  : uid=1000(system) Binder:1114_13 expire 5 lines
